[slopos-compositor] backend: Headless (explicit)
[2m2026-08-08T13:47:05.307253Z[0m [32m INFO[0m [2mslopos_compositor::linux[0m[2m:[0m display policy applied: hdr_requested=false hdr_supported=false vrr_adaptive=false refresh=60hz color_space=srgb color_applied=true
[slopos-compositor] display policy: hdr_requested=false hdr_supported=false vrr_adaptive=false refresh=60hz color_space=srgb
[slopos-compositor] text_input=im+text-input-v3
[slopos-compositor] input_method=zwp_input_method_v2
[2m2026-08-08T13:47:05.310764Z[0m [32m INFO[0m [1minput_seat[0m[1m{[0m[3mname[0m[2m=[0m"seat0"[1m}[0m[2m:[0m[1madd_keyboard[0m[1m{[0m[3mxkb_config[0m[2m=[0mXkbConfig { rules: "", model: "", layout: "", variant: "", options: None } [3mrepeat_delay[0m[2m=[0m200 [3mrepeat_rate[0m[2m=[0m25[1m}[0m[2m:[0m[1minput_keyboard[0m[2m:[0m [2msmithay::input::keyboard[0m[2m:[0m Initializing a xkbcommon handler with keymap query
[2m2026-08-08T13:47:05.320782Z[0m [32m INFO[0m [1minput_seat[0m[1m{[0m[3mname[0m[2m=[0m"seat0"[1m}[0m[2m:[0m[1madd_keyboard[0m[1m{[0m[3mxkb_config[0m[2m=[0mXkbConfig { rules: "", model: "", layout: "", variant: "", options: None } [3mrepeat_delay[0m[2m=[0m200 [3mrepeat_rate[0m[2m=[0m25[1m}[0m[2m:[0m[1minput_keyboard[0m[2m:[0m [2msmithay::input::keyboard[0m[2m:[0m Loaded Keymap [3mname[0m[2m=[0m"English (US)"
[slopos-compositor] session_mode=headless (no host display transport); output_scale=1/1 (1.00x)
[slopos-compositor] outputs source=default 1 head(s): X11-1 1024x768@(0,0)
[2m2026-08-08T13:47:05.323413Z[0m [32m INFO[0m [1mnew[0m[1m{[0m[3mname[0m[2m=[0m"X11-1" [3mphysical[0m[2m=[0mPhysicalProperties { size: Size<smithay::utils::geometry::Raw> { w: 0, h: 0 }, subpixel: Unknown, make: "SLOPOS-I", model: "Logical Output 1" }[1m}[0m[2m:[0m [2msmithay::output[0m[2m:[0m Creating new Output [3mname[0m[2m=[0m"X11-1"
[2m2026-08-08T13:47:05.323480Z[0m [32m INFO[0m [2msmithay::wayland::output[0m[2m:[0m Creating new wl_output [3moutput[0m[2m=[0m"X11-1"
[2m2026-08-08T13:47:05.323544Z[0m [32m INFO[0m [2mslopos_compositor::linux[0m[2m:[0m wl_output 1 (X11-1) 1024x768 at (0,0) refresh=60000 mHz output_scale=1/1 (1.00x)
[2m2026-08-08T13:47:05.323807Z[0m [32m INFO[0m [2msmithay::wayland::socket[0m[2m:[0m Created new socket [3mname[0m[2m=[0mSome("wayland-1")
[2m2026-08-08T13:47:05.323856Z[0m [32m INFO[0m [2mslopos_compositor::linux[0m[2m:[0m Listening on WAYLAND_DISPLAY=wayland-1
[slopos-compositor] WAYLAND_DISPLAY=wayland-1
WAYLAND_DISPLAY=wayland-1
[2m2026-08-08T13:47:05.324744Z[0m [32m INFO[0m [2msmithay::xwayland::xserver[0m[2m:[0m spawning XWayland instance
[2m2026-08-08T13:47:05.329115Z[0m [32m INFO[0m [2mslopos_compositor::linux[0m[2m:[0m XWayland spawning (will claim DISPLAY=:0 when ready)
[2m2026-08-08T13:47:05.329149Z[0m [32m INFO[0m [2mslopos_compositor::linux[0m[2m:[0m slopos-compositor event loop starting
[slopos-compositor] client connected
[slopos-compositor] client disconnected
[slopos-compositor] client connected
[slopos-compositor] client disconnected
[2m2026-08-08T13:47:05.586249Z[0m [32m INFO[0m [2mslopos_compositor::linux[0m[2m:[0m XWayland ready on DISPLAY=:0 — starting X11 WM
[slopos-compositor] XWayland ready DISPLAY=:0
[slopos-compositor] client connected
[slopos-compositor] client disconnected
[slopos-compositor] client connected
[slopos-compositor] surface mapped at (64,64) title=Untitled
[slopos-compositor] assign window_id=t9oRT34dzlg07P2UUe98JYBIW5FVjds6 workspace active=0/8 windows=1 visible=1 dist=[0:1,1:0,2:0,3:0,4:0,5:0,6:0,7:0]
[slopos-compositor] client connected
[slopos-compositor] surface mapped at (96,96) title=Untitled
[slopos-compositor] assign window_id=qFxPkKBMhMhdp4XnFflHOBbG4fzgjTvI workspace active=0/8 windows=2 visible=2 dist=[0:2,1:0,2:0,3:0,4:0,5:0,6:0,7:0]
SLOPOS_DND_CLIENT_STARTED
SLOPOS_DND_ICON_ATTACHED
SLOPOS_DND_DROPPED validated=true
[slopos-compositor] client disconnected
[slopos-compositor] client disconnected
[slopos-compositor] client connected
[slopos-compositor] client connected
[slopos-compositor] surface mapped at (128,128) title=Untitled
[slopos-compositor] assign window_id=rzGHwwIyRjkaiR8kGRlnqx5YTSMC6oLS workspace active=0/8 windows=1 visible=1 dist=[0:1,1:0,2:0,3:0,4:0,5:0,6:0,7:0]
[slopos-compositor] client disconnected
[slopos-compositor] client disconnected
[slopos-compositor] client connected
[slopos-compositor] surface mapped at (160,160) title=Untitled
[slopos-compositor] assign window_id=VrCxGLlyz5VfORNg5iCg8j1gwrPxeIe6 workspace active=0/8 windows=1 visible=1 dist=[0:1,1:0,2:0,3:0,4:0,5:0,6:0,7:0]
[slopos-compositor] client connected
[slopos-compositor] surface mapped at (192,192) title=Untitled
[slopos-compositor] assign window_id=pNRI1NTFU5UQ4SnZTuYf2JUxFmKXtjiE workspace active=0/8 windows=2 visible=2 dist=[0:2,1:0,2:0,3:0,4:0,5:0,6:0,7:0]
[slopos-compositor] client disconnected
[slopos-compositor] client connected
[slopos-compositor] surface mapped at (224,224) title=Untitled
[slopos-compositor] assign window_id=mk0iMXAxDzBtZL6vIyJRnAREL8OtAJo7 workspace active=0/8 windows=2 visible=2 dist=[0:2,1:0,2:0,3:0,4:0,5:0,6:0,7:0]
[slopos-compositor] client disconnected
[slopos-compositor] client connected
[slopos-compositor] surface mapped at (256,256) title=Untitled
[slopos-compositor] assign window_id=hUAFSZwvbgk63ic8tAUOiB0GWmwyZe9t workspace active=0/8 windows=2 visible=2 dist=[0:2,1:0,2:0,3:0,4:0,5:0,6:0,7:0]
[slopos-compositor] client disconnected
[slopos-compositor] client disconnected
[slopos-compositor] client connected
[slopos-compositor] surface mapped at (288,288) title=Untitled
[slopos-compositor] assign window_id=umPwAWDBPW9oIKsLQwERouspG1PkNx05 workspace active=0/8 windows=1 visible=1 dist=[0:1,1:0,2:0,3:0,4:0,5:0,6:0,7:0]
[slopos-compositor] client disconnected
[slopos-compositor] client connected
[slopos-compositor] surface mapped at (64,64) title=Untitled
[slopos-compositor] assign window_id=dcAn1z9eDULLfjZtJyRgdgN3O2rwhRUF workspace active=0/8 windows=1 visible=1 dist=[0:1,1:0,2:0,3:0,4:0,5:0,6:0,7:0]
[slopos-compositor] client disconnected
[slopos-compositor] client connected
[slopos-compositor] surface mapped at (96,96) title=Untitled
[slopos-compositor] assign window_id=nXEejhcOVQf2vuotzvXfUVifPFd9Pp8s workspace active=0/8 windows=1 visible=1 dist=[0:1,1:0,2:0,3:0,4:0,5:0,6:0,7:0]
[slopos-compositor] client connected
[slopos-compositor] surface mapped at (128,128) title=Untitled
[slopos-compositor] assign window_id=gGXXz0Y11berIbJyVgRrh73tq56sLAkO workspace active=0/8 windows=2 visible=2 dist=[0:2,1:0,2:0,3:0,4:0,5:0,6:0,7:0]
[slopos-compositor] client disconnected
[slopos-compositor] client disconnected
[slopos-compositor] client connected
[slopos-compositor] surface mapped at (160,160) title=Untitled
[slopos-compositor] assign window_id=WPy0xOnnSzzvQW5NNx1tIlQwU1ThLlbb workspace active=0/8 windows=1 visible=1 dist=[0:1,1:0,2:0,3:0,4:0,5:0,6:0,7:0]
[slopos-compositor] client disconnected
[slopos-compositor] client connected
[slopos-compositor] surface mapped at (192,192) title=Untitled
[slopos-compositor] assign window_id=xFCSqw0GHruMxy5E07l2ERRbait19VX1 workspace active=0/8 windows=1 visible=1 dist=[0:1,1:0,2:0,3:0,4:0,5:0,6:0,7:0]
[slopos-compositor] client disconnected
[slopos-compositor] client connected
[slopos-compositor] surface mapped at (224,224) title=Untitled
[slopos-compositor] assign window_id=RnG7R548Icck3ZZbxQZTCImTH1mmbgtT workspace active=0/8 windows=1 visible=1 dist=[0:1,1:0,2:0,3:0,4:0,5:0,6:0,7:0]
[slopos-compositor] client disconnected
[slopos-compositor] client connected
[slopos-compositor] surface mapped at (256,256) title=Untitled
[slopos-compositor] assign window_id=z9kx8oL439ZkOPVnb3vz0O0UsbL7DUSf workspace active=0/8 windows=1 visible=1 dist=[0:1,1:0,2:0,3:0,4:0,5:0,6:0,7:0]
[slopos-compositor] client disconnected
[slopos-compositor] client connected
[slopos-compositor] surface mapped at (288,288) title=Untitled
[slopos-compositor] assign window_id=KOq1xe1QEGsKavK6an7tsBvnRVlL7JWB workspace active=0/8 windows=1 visible=1 dist=[0:1,1:0,2:0,3:0,4:0,5:0,6:0,7:0]
[slopos-compositor] client disconnected
[slopos-compositor] client connected
[slopos-compositor] surface mapped at (64,64) title=Untitled
[slopos-compositor] assign window_id=4SHqOjsWSFXu3qKsZ1CGcirjud4SSzyU workspace active=0/8 windows=1 visible=1 dist=[0:1,1:0,2:0,3:0,4:0,5:0,6:0,7:0]
[slopos-compositor] client disconnected
[slopos-compositor] client connected
[slopos-compositor] surface mapped at (96,96) title=Untitled
[slopos-compositor] assign window_id=4v74dimg8JQ9Tkb7UnU3gpqp19DIJvQE workspace active=0/8 windows=1 visible=1 dist=[0:1,1:0,2:0,3:0,4:0,5:0,6:0,7:0]
[slopos-compositor] client disconnected
[slopos-compositor] client connected
[slopos-compositor] surface mapped at (128,128) title=Untitled
[slopos-compositor] assign window_id=vUJsqlPMJRODSJ2jVDca3aUQ3BIaHbfl workspace active=0/8 windows=1 visible=1 dist=[0:1,1:0,2:0,3:0,4:0,5:0,6:0,7:0]
[slopos-compositor] client disconnected
[slopos-compositor] client connected
[slopos-compositor] surface mapped at (160,160) title=Untitled
[slopos-compositor] assign window_id=Kn8F55EkFeN7hGhDbO3aiLevnWwuIgRL workspace active=0/8 windows=1 visible=1 dist=[0:1,1:0,2:0,3:0,4:0,5:0,6:0,7:0]
[slopos-compositor] client disconnected
[slopos-compositor] client connected
[slopos-compositor] surface mapped at (192,192) title=Untitled
[slopos-compositor] assign window_id=fYFgop6vEQ8609NVYVfYYDsm4glwkngj workspace active=0/8 windows=1 visible=1 dist=[0:1,1:0,2:0,3:0,4:0,5:0,6:0,7:0]
[slopos-compositor] client disconnected
[slopos-compositor] client connected
[slopos-compositor] surface mapped at (224,224) title=Untitled
[slopos-compositor] assign window_id=5YtiDzA6ExDpKebc9aOoJInwoXjJvm8P workspace active=0/8 windows=1 visible=1 dist=[0:1,1:0,2:0,3:0,4:0,5:0,6:0,7:0]
[slopos-compositor] client disconnected
[slopos-compositor] client connected
[slopos-compositor] surface mapped at (256,256) title=Untitled
[slopos-compositor] assign window_id=Z6NDExKSxlauhpxrOD0O6KGLDrPwv1VB workspace active=0/8 windows=1 visible=1 dist=[0:1,1:0,2:0,3:0,4:0,5:0,6:0,7:0]
[slopos-compositor] client disconnected
[slopos-compositor] client connected
[slopos-compositor] surface mapped at (288,288) title=Untitled
[slopos-compositor] assign window_id=06SremX0YIHrSp6eWRC7NOKrbogklP95 workspace active=0/8 windows=1 visible=1 dist=[0:1,1:0,2:0,3:0,4:0,5:0,6:0,7:0]
[slopos-compositor] client disconnected
[slopos-compositor] client connected
[slopos-compositor] surface mapped at (64,64) title=Untitled
[slopos-compositor] assign window_id=A3TYpq0pmoVj3eoPvSOFCwDqzbMNzo1Z workspace active=0/8 windows=1 visible=1 dist=[0:1,1:0,2:0,3:0,4:0,5:0,6:0,7:0]
[slopos-compositor] client disconnected
[slopos-compositor] client connected
[slopos-compositor] surface mapped at (96,96) title=Untitled
[slopos-compositor] assign window_id=P6BJxmLljquUw8KmKDijzUfMFg1Hu5Ev workspace active=0/8 windows=1 visible=1 dist=[0:1,1:0,2:0,3:0,4:0,5:0,6:0,7:0]
[slopos-compositor] client disconnected
[slopos-compositor] client connected
[slopos-compositor] surface mapped at (128,128) title=Untitled
[slopos-compositor] assign window_id=TxIo8e970iKGSHnwZhlj0w74vChOjfmI workspace active=0/8 windows=1 visible=1 dist=[0:1,1:0,2:0,3:0,4:0,5:0,6:0,7:0]
[slopos-compositor] client disconnected
[slopos-compositor] client connected
[slopos-compositor] surface mapped at (160,160) title=Untitled
[slopos-compositor] assign window_id=Jq7rJbe8xQUnsMA5BIzn82wNsyV7c8qd workspace active=0/8 windows=1 visible=1 dist=[0:1,1:0,2:0,3:0,4:0,5:0,6:0,7:0]
[slopos-compositor] client disconnected
[slopos-compositor] client connected
[slopos-compositor] surface mapped at (192,192) title=Untitled
[slopos-compositor] assign window_id=ijsSKYEQSiWhXYWgCJQDOZO2zgnwrxZI workspace active=0/8 windows=1 visible=1 dist=[0:1,1:0,2:0,3:0,4:0,5:0,6:0,7:0]
[slopos-compositor] client disconnected
[slopos-compositor] client connected
[slopos-compositor] surface mapped at (224,224) title=Untitled
[slopos-compositor] assign window_id=SVePBsh5a0HdxiiXwWPnjBR8dNgY9RZA workspace active=0/8 windows=1 visible=1 dist=[0:1,1:0,2:0,3:0,4:0,5:0,6:0,7:0]
[slopos-compositor] client disconnected
[slopos-compositor] client connected
[slopos-compositor] surface mapped at (256,256) title=Untitled
[slopos-compositor] assign window_id=ZzAzNUHn891RdEq08YR6XfF9q2tqddHk workspace active=0/8 windows=1 visible=1 dist=[0:1,1:0,2:0,3:0,4:0,5:0,6:0,7:0]
[slopos-compositor] client disconnected
[slopos-compositor] client connected
[slopos-compositor] surface mapped at (288,288) title=Untitled
[slopos-compositor] assign window_id=8frmQHLYjC8mkG9JPh9sSP4wnYlxTZKo workspace active=0/8 windows=1 visible=1 dist=[0:1,1:0,2:0,3:0,4:0,5:0,6:0,7:0]
[slopos-compositor] client disconnected
[slopos-compositor] client connected
[slopos-compositor] surface mapped at (64,64) title=Untitled
[slopos-compositor] assign window_id=tcT7wkMNRoEiOGW42rGhdacR8C9bsjJm workspace active=0/8 windows=1 visible=1 dist=[0:1,1:0,2:0,3:0,4:0,5:0,6:0,7:0]
[slopos-compositor] client disconnected
[slopos-compositor] client connected
[slopos-compositor] surface mapped at (96,96) title=Untitled
[slopos-compositor] assign window_id=DRcbKjSwQO0Oc7Icz2ju0TQDuhc4srpy workspace active=0/8 windows=1 visible=1 dist=[0:1,1:0,2:0,3:0,4:0,5:0,6:0,7:0]
[slopos-compositor] client disconnected
[slopos-compositor] client connected
[slopos-compositor] surface mapped at (128,128) title=Untitled
[slopos-compositor] assign window_id=QPfMw5rmbIhWQ1HibU5Hd0EGlSgvr2DO workspace active=0/8 windows=1 visible=1 dist=[0:1,1:0,2:0,3:0,4:0,5:0,6:0,7:0]
[slopos-compositor] client disconnected
[slopos-compositor] client connected
[slopos-compositor] surface mapped at (160,160) title=Untitled
[slopos-compositor] assign window_id=7NL5wt91SkWKwgjQM45JoWMZOg0hoy4I workspace active=0/8 windows=1 visible=1 dist=[0:1,1:0,2:0,3:0,4:0,5:0,6:0,7:0]
[slopos-compositor] client disconnected
[slopos-compositor] client connected
[slopos-compositor] surface mapped at (192,192) title=Untitled
[slopos-compositor] assign window_id=Ow4Ica5o92oh0qmfLwL6KhuITNrzECum workspace active=0/8 windows=1 visible=1 dist=[0:1,1:0,2:0,3:0,4:0,5:0,6:0,7:0]
[slopos-compositor] client disconnected
[slopos-compositor] client connected
[slopos-compositor] surface mapped at (224,224) title=Untitled
[slopos-compositor] assign window_id=ewjkc1oUGt7Cih31xiy7elOWztzvUjDE workspace active=0/8 windows=1 visible=1 dist=[0:1,1:0,2:0,3:0,4:0,5:0,6:0,7:0]
[slopos-compositor] client disconnected
[slopos-compositor] client connected
[slopos-compositor] surface mapped at (256,256) title=Untitled
[slopos-compositor] assign window_id=1ZrUIer10PD5iDsYIxMP4yqbmnvaNZm5 workspace active=0/8 windows=1 visible=1 dist=[0:1,1:0,2:0,3:0,4:0,5:0,6:0,7:0]
[slopos-compositor] client disconnected
[slopos-compositor] client connected
[slopos-compositor] surface mapped at (288,288) title=Untitled
[slopos-compositor] assign window_id=ye1o5R4hQemseQ3JuEGvqqbZAizuJFxu workspace active=0/8 windows=1 visible=1 dist=[0:1,1:0,2:0,3:0,4:0,5:0,6:0,7:0]
[slopos-compositor] client disconnected
[slopos-compositor] client connected
[slopos-compositor] surface mapped at (64,64) title=Untitled
[slopos-compositor] assign window_id=I6HEacbVswiG1mAJirQe2XmKqyk2ZyBb workspace active=0/8 windows=1 visible=1 dist=[0:1,1:0,2:0,3:0,4:0,5:0,6:0,7:0]
[slopos-compositor] client disconnected
[slopos-compositor] client connected
[slopos-compositor] surface mapped at (96,96) title=Untitled
[slopos-compositor] assign window_id=rYpjd3tVAO6SRYg0bkPYlJPrNgLKr63r workspace active=0/8 windows=1 visible=1 dist=[0:1,1:0,2:0,3:0,4:0,5:0,6:0,7:0]
[slopos-compositor] client disconnected
[slopos-compositor] client connected
[slopos-compositor] surface mapped at (128,128) title=Untitled
[slopos-compositor] assign window_id=4qGdLrp7QgKix9e34TiMAEanbmXmcXH1 workspace active=0/8 windows=1 visible=1 dist=[0:1,1:0,2:0,3:0,4:0,5:0,6:0,7:0]
[slopos-compositor] client disconnected
[slopos-compositor] client connected
[slopos-compositor] surface mapped at (160,160) title=Untitled
[slopos-compositor] assign window_id=N4VdWDUxn7QTkXP3tsvj4EYc8oTsdgYK workspace active=0/8 windows=1 visible=1 dist=[0:1,1:0,2:0,3:0,4:0,5:0,6:0,7:0]
[slopos-compositor] client disconnected
[slopos-compositor] client connected
[slopos-compositor] surface mapped at (192,192) title=Untitled
[slopos-compositor] assign window_id=e0wFWXKlp1l7dr0gbk4uyoHRaSbQPu5W workspace active=0/8 windows=1 visible=1 dist=[0:1,1:0,2:0,3:0,4:0,5:0,6:0,7:0]
[slopos-compositor] client disconnected
[slopos-compositor] client connected
[slopos-compositor] surface mapped at (224,224) title=Untitled
[slopos-compositor] assign window_id=9CZ53qRjR3YdjjgJzDZBfNJIxkUnJaVc workspace active=0/8 windows=1 visible=1 dist=[0:1,1:0,2:0,3:0,4:0,5:0,6:0,7:0]
[slopos-compositor] client disconnected
[slopos-compositor] client connected
[slopos-compositor] surface mapped at (256,256) title=Untitled
[slopos-compositor] assign window_id=phk71lf9zM8AiKtz9QKt32Yg8QZgXeN9 workspace active=0/8 windows=1 visible=1 dist=[0:1,1:0,2:0,3:0,4:0,5:0,6:0,7:0]
[slopos-compositor] client disconnected
[slopos-compositor] client connected
[slopos-compositor] surface mapped at (288,288) title=Untitled
[slopos-compositor] assign window_id=fWn7f3KEG5A28dBa21N0IJrn5tZefFHR workspace active=0/8 windows=1 visible=1 dist=[0:1,1:0,2:0,3:0,4:0,5:0,6:0,7:0]
[slopos-compositor] client disconnected
[slopos-compositor] client connected
[slopos-compositor] surface mapped at (64,64) title=Untitled
[slopos-compositor] assign window_id=4LqhundL6niZiRof3J3zJxNpmRg2JcPs workspace active=0/8 windows=1 visible=1 dist=[0:1,1:0,2:0,3:0,4:0,5:0,6:0,7:0]
[slopos-compositor] client disconnected
[slopos-compositor] client connected
[slopos-compositor] surface mapped at (96,96) title=Untitled
[slopos-compositor] assign window_id=OC224kuBkptAbMHSbgiqhOCxYyW7bsBQ workspace active=0/8 windows=1 visible=1 dist=[0:1,1:0,2:0,3:0,4:0,5:0,6:0,7:0]
[slopos-compositor] client disconnected
[slopos-compositor] client connected
[slopos-compositor] surface mapped at (128,128) title=Untitled
[slopos-compositor] assign window_id=EUztJY7kSEGX5YHmFfhnchLtkkvZLeSe workspace active=0/8 windows=1 visible=1 dist=[0:1,1:0,2:0,3:0,4:0,5:0,6:0,7:0]
[slopos-compositor] client disconnected
[slopos-compositor] client connected
[slopos-compositor] surface mapped at (160,160) title=Untitled
[slopos-compositor] assign window_id=VxR0QNe4r8XXtolbgCRppjhtsz0Wzzjy workspace active=0/8 windows=1 visible=1 dist=[0:1,1:0,2:0,3:0,4:0,5:0,6:0,7:0]
[slopos-compositor] client disconnected
[slopos-compositor] client connected
[slopos-compositor] surface mapped at (192,192) title=Untitled
[slopos-compositor] assign window_id=MTH6N0hkBvQpiNBJBByDjy0n34BnMAJN workspace active=0/8 windows=1 visible=1 dist=[0:1,1:0,2:0,3:0,4:0,5:0,6:0,7:0]
[slopos-compositor] client disconnected
[slopos-compositor] client connected
[slopos-compositor] surface mapped at (224,224) title=Untitled
[slopos-compositor] assign window_id=4YylZKxaZ82743QU08bK7meksOeJZLam workspace active=0/8 windows=1 visible=1 dist=[0:1,1:0,2:0,3:0,4:0,5:0,6:0,7:0]
[slopos-compositor] client disconnected
[slopos-compositor] client connected
[slopos-compositor] surface mapped at (256,256) title=Untitled
[slopos-compositor] assign window_id=Ltn2HVGVqRmqnWBdR4juvfoubytiADTJ workspace active=0/8 windows=1 visible=1 dist=[0:1,1:0,2:0,3:0,4:0,5:0,6:0,7:0]
[slopos-compositor] client disconnected
[slopos-compositor] client connected
[slopos-compositor] surface mapped at (288,288) title=Untitled
[slopos-compositor] assign window_id=496sSvdWegRmp7qwUjILU62Yx843Z5dZ workspace active=0/8 windows=1 visible=1 dist=[0:1,1:0,2:0,3:0,4:0,5:0,6:0,7:0]
[slopos-compositor] client disconnected
[slopos-compositor] client connected
[slopos-compositor] surface mapped at (64,64) title=Untitled
[slopos-compositor] assign window_id=wKnjNUCytCskXtxPwcLV8t3WmFdEOWzX workspace active=0/8 windows=1 visible=1 dist=[0:1,1:0,2:0,3:0,4:0,5:0,6:0,7:0]
[slopos-compositor] client disconnected
[slopos-compositor] client connected
[slopos-compositor] surface mapped at (96,96) title=Untitled
[slopos-compositor] assign window_id=cfZj3bvlo7Dkbjp5cIN0Ct14IwM9FAPK workspace active=0/8 windows=1 visible=1 dist=[0:1,1:0,2:0,3:0,4:0,5:0,6:0,7:0]
[slopos-compositor] client disconnected
[slopos-compositor] client connected
[slopos-compositor] surface mapped at (128,128) title=Untitled
[slopos-compositor] assign window_id=x3kIS1aE8WaSg9Cyp39A7u7pnurUVgBP workspace active=0/8 windows=1 visible=1 dist=[0:1,1:0,2:0,3:0,4:0,5:0,6:0,7:0]
[slopos-compositor] client disconnected
[slopos-compositor] client connected
[slopos-compositor] surface mapped at (160,160) title=Untitled
[slopos-compositor] assign window_id=YZgRM3CgKTPhJxQOWOit6fpQZthujWqy workspace active=0/8 windows=1 visible=1 dist=[0:1,1:0,2:0,3:0,4:0,5:0,6:0,7:0]
[slopos-compositor] client disconnected
[slopos-compositor] client connected
[slopos-compositor] surface mapped at (192,192) title=Untitled
[slopos-compositor] assign window_id=OpOeZFEeYR06B64C2I9rPTYCYhrcQe0q workspace active=0/8 windows=1 visible=1 dist=[0:1,1:0,2:0,3:0,4:0,5:0,6:0,7:0]
[slopos-compositor] client disconnected
[slopos-compositor] client connected
[slopos-compositor] surface mapped at (224,224) title=Untitled
[slopos-compositor] assign window_id=QVY45CNILQlCFTmC0y5vELgKOJnlAHh5 workspace active=0/8 windows=1 visible=1 dist=[0:1,1:0,2:0,3:0,4:0,5:0,6:0,7:0]
[slopos-compositor] client disconnected
[slopos-compositor] client connected
[slopos-compositor] surface mapped at (256,256) title=Untitled
[slopos-compositor] assign window_id=629IYcXMxgqIXdIO37P9Km37zZSm4Qpw workspace active=0/8 windows=1 visible=1 dist=[0:1,1:0,2:0,3:0,4:0,5:0,6:0,7:0]
[slopos-compositor] client disconnected
[slopos-compositor] client connected
[slopos-compositor] surface mapped at (288,288) title=Untitled
[slopos-compositor] assign window_id=9WgJPVJUZClHbR9NaGJm9Ft9GlLTiofT workspace active=0/8 windows=1 visible=1 dist=[0:1,1:0,2:0,3:0,4:0,5:0,6:0,7:0]
[slopos-compositor] client disconnected
[slopos-compositor] client connected
[slopos-compositor] surface mapped at (64,64) title=Untitled
[slopos-compositor] assign window_id=gEyojKtVcd2D5xQhS2NRII76oCnKgMEO workspace active=0/8 windows=1 visible=1 dist=[0:1,1:0,2:0,3:0,4:0,5:0,6:0,7:0]
[slopos-compositor] client disconnected
[slopos-compositor] client connected
[slopos-compositor] surface mapped at (96,96) title=Untitled
[slopos-compositor] assign window_id=lNhrCVLfa3825eucfKm4HnRnr25VKjFa workspace active=0/8 windows=1 visible=1 dist=[0:1,1:0,2:0,3:0,4:0,5:0,6:0,7:0]
[slopos-compositor] client disconnected
[slopos-compositor] client connected
[slopos-compositor] surface mapped at (128,128) title=Untitled
[slopos-compositor] assign window_id=6S8xui0NqWT0xEF7QZObbZRd6rWcg5NR workspace active=0/8 windows=1 visible=1 dist=[0:1,1:0,2:0,3:0,4:0,5:0,6:0,7:0]
[slopos-compositor] client disconnected
[slopos-compositor] client connected
[slopos-compositor] surface mapped at (160,160) title=Untitled
[slopos-compositor] assign window_id=VV1tWalJkaLrmD292WUTT6E9gUcbbRO5 workspace active=0/8 windows=1 visible=1 dist=[0:1,1:0,2:0,3:0,4:0,5:0,6:0,7:0]
[slopos-compositor] client disconnected
[slopos-compositor] client connected
[slopos-compositor] surface mapped at (192,192) title=Untitled
[slopos-compositor] assign window_id=A35WbjDmSPX9clozJwzrR6wfLDJZnEiB workspace active=0/8 windows=1 visible=1 dist=[0:1,1:0,2:0,3:0,4:0,5:0,6:0,7:0]
[slopos-compositor] client disconnected
[slopos-compositor] client connected
[slopos-compositor] surface mapped at (224,224) title=Untitled
[slopos-compositor] assign window_id=Fgff2N3X37SdtrxbgZFOvXeZkrbYns1C workspace active=0/8 windows=1 visible=1 dist=[0:1,1:0,2:0,3:0,4:0,5:0,6:0,7:0]
[slopos-compositor] client disconnected
[slopos-compositor] client connected
[slopos-compositor] surface mapped at (256,256) title=Untitled
[slopos-compositor] assign window_id=QoSNINGPwmnQaI3Lzz8p7KM8XKaqzkSN workspace active=0/8 windows=1 visible=1 dist=[0:1,1:0,2:0,3:0,4:0,5:0,6:0,7:0]
[slopos-compositor] client disconnected
[slopos-compositor] client connected
[slopos-compositor] surface mapped at (288,288) title=Untitled
[slopos-compositor] assign window_id=5ToZxR9low3YSa47FN0AwGXdzbCzeICD workspace active=0/8 windows=1 visible=1 dist=[0:1,1:0,2:0,3:0,4:0,5:0,6:0,7:0]
[slopos-compositor] client disconnected
[slopos-compositor] client connected
[slopos-compositor] surface mapped at (64,64) title=Untitled
[slopos-compositor] assign window_id=R2qg1BeF3jktJE5d5jcSOgAootz3PkBA workspace active=0/8 windows=1 visible=1 dist=[0:1,1:0,2:0,3:0,4:0,5:0,6:0,7:0]
[slopos-compositor] client disconnected
[slopos-compositor] client connected
[slopos-compositor] surface mapped at (96,96) title=Untitled
[slopos-compositor] assign window_id=6JgEgAKZtp9WvfOH4yYpveVHnhhU45bM workspace active=0/8 windows=1 visible=1 dist=[0:1,1:0,2:0,3:0,4:0,5:0,6:0,7:0]
[slopos-compositor] client disconnected
[slopos-compositor] client connected
[slopos-compositor] surface mapped at (128,128) title=Untitled
[slopos-compositor] assign window_id=bIz09mi3XfeLrH6kXjz0sN9hb8mPcB6X workspace active=0/8 windows=1 visible=1 dist=[0:1,1:0,2:0,3:0,4:0,5:0,6:0,7:0]
[slopos-compositor] client disconnected
[slopos-compositor] client connected
[slopos-compositor] surface mapped at (160,160) title=Untitled
[slopos-compositor] assign window_id=zSLW33cSHDPeqRF6le4zSkLkKqUsJ7OS workspace active=0/8 windows=1 visible=1 dist=[0:1,1:0,2:0,3:0,4:0,5:0,6:0,7:0]
[slopos-compositor] client disconnected
