   Compiling rustix v1.1.4
   Compiling bytemuck v1.25.2
   Compiling wayland-sys v0.31.11
   Compiling cfg_aliases v0.1.1
   Compiling scopeguard v1.2.0
   Compiling libm v0.2.16
   Compiling rustix v0.38.44
   Compiling lock_api v0.4.14
   Compiling xkeysym v0.2.1
   Compiling parking_lot v0.12.5
   Compiling naga v22.1.0
   Compiling bit-vec v0.7.0
   Compiling foldhash v0.1.5
   Compiling unicode-width v0.1.14
   Compiling termcolor v1.4.1
   Compiling ash v0.38.0+1.3.281
   Compiling rustc-hash v1.1.0
   Compiling khronos-egl v6.0.0
   Compiling codespan-reporting v0.11.1
   Compiling hashbrown v0.15.5
   Compiling bit-set v0.6.0
   Compiling tracing v0.1.44
   Compiling font-types v0.7.3
   Compiling wgpu-hal v22.0.0
   Compiling memmap2 v0.8.0
   Compiling smithay-client-toolkit v0.19.2
   Compiling slotmap v1.1.1
   Compiling spirv v0.3.0+sdk-1.3.268.0
   Compiling gpu-descriptor-types v0.2.0
   Compiling gpu-alloc-types v0.3.1
   Compiling strict-num v0.1.1
   Compiling hexf-parse v0.2.1
   Compiling unicode-xid v0.2.6
   Compiling ttf-parser v0.25.1
   Compiling getrandom v0.3.4
   Compiling arrayref v0.3.9
   Compiling tiny-skia-path v0.11.4
   Compiling gpu-alloc v0.6.2
   Compiling wayland-backend v0.3.16
   Compiling polling v3.11.0
   Compiling calloop v0.13.0
   Compiling wayland-client v0.31.15
   Compiling owned_ttf_parser v0.25.1
   Compiling wayland-csd-frame v0.3.0
   Compiling gpu-descriptor v0.3.2
   Compiling xkbcommon v0.7.0
   Compiling read-fonts v0.22.7
   Compiling wayland-protocols v0.32.13
   Compiling wayland-cursor v0.31.14
   Compiling calloop-wayland-source v0.3.0
   Compiling num-complex v0.4.6
   Compiling wgpu-core v22.1.0
   Compiling wgpu-types v22.0.0
   Compiling tinyvec_macros v0.1.1
   Compiling roxmltree v0.20.0
   Compiling ab_glyph_rasterizer v0.1.10
   Compiling glow v0.13.1
   Compiling wayland-protocols-wlr v0.3.12
   Compiling ttf-parser v0.20.0
   Compiling litrs v1.0.0
   Compiling renderdoc-sys v1.1.0
   Compiling document-features v0.2.12
   Compiling pulp v0.22.3
   Compiling skrifa v0.22.3
   Compiling ab_glyph v0.2.32
   Compiling fontconfig-parser v0.5.8
   Compiling tinyvec v1.12.0
   Compiling gethostname v1.1.0
   Compiling tiny-skia v0.11.4
   Compiling wgpu v22.1.0
   Compiling winit v0.30.13
   Compiling unicode-properties v0.1.4
   Compiling zeno v0.2.3
   Compiling yazi v0.1.6
   Compiling unicode-bidi-mirroring v0.1.0
   Compiling unicode-script v0.5.8
   Compiling unicode-ccc v0.1.2
   Compiling x11rb-protocol v0.13.2
   Compiling rustybuzz v0.12.1
   Compiling exr v1.74.2
   Compiling swash v0.1.19
   Compiling sctk-adwaita v0.10.1
   Compiling ahash v0.8.12
   Compiling fontdb v0.16.2
   Compiling async-io v2.6.0
   Compiling x11rb v0.13.2
   Compiling wayland-protocols-plasma v0.3.12
   Compiling xkbcommon-dl v0.4.2
   Compiling qoi v0.4.1
   Compiling unicode-linebreak v0.1.5
   Compiling unicode-segmentation v1.13.3
   Compiling rangemap v1.7.1
   Compiling self_cell v1.3.0
   Compiling sys-locale v0.3.2
   Compiling unicode-bidi v0.3.18
   Compiling cosmic-text v0.11.2
   Compiling zbus v4.4.0
   Compiling image v0.25.10
   Compiling slopos-fonts v0.1.0 (/home/ubuntu/rust-slopos-qa-d42d09e/crates/slopos-fonts)
   Compiling tokio v1.53.1
   Compiling slopos-render v0.1.0 (/home/ubuntu/rust-slopos-qa-d42d09e/crates/slopos-render)
   Compiling slopos-bus v0.1.0 (/home/ubuntu/rust-slopos-qa-d42d09e/crates/slopos-bus)
   Compiling slopos-kit v0.1.0 (/home/ubuntu/rust-slopos-qa-d42d09e/crates/slopos-kit)
   Compiling slopos-sdk v0.1.0 (/home/ubuntu/rust-slopos-qa-d42d09e/crates/slopos-sdk)
   Compiling serde_spanned v0.6.9
   Compiling toml_datetime v0.6.11
   Compiling winnow v0.7.15
   Compiling toml_write v0.1.2
   Compiling toml_edit v0.22.27
   Compiling toml v0.8.23
   Compiling slopos-shell v0.1.0 (/home/ubuntu/rust-slopos-qa-d42d09e/crates/slopos-shell)
   Compiling slopos-session v0.1.0 (/home/ubuntu/rust-slopos-qa-d42d09e/crates/slopos-session)
   Compiling textedit v0.1.0 (/home/ubuntu/rust-slopos-qa-d42d09e/apps/textedit)
   Compiling finder v0.1.0 (/home/ubuntu/rust-slopos-qa-d42d09e/apps/finder)
   Compiling settings v0.1.0 (/home/ubuntu/rust-slopos-qa-d42d09e/apps/settings)
    Finished `release` profile [optimized] target(s) in 1m 48s
