   Compiling proc-macro2 v1.0.107
   Compiling quote v1.0.47
   Compiling unicode-ident v1.0.24
   Compiling libc v0.2.189
    Checking cfg-if v1.0.4
   Compiling crossbeam-utils v0.8.22
   Compiling autocfg v1.5.1
    Checking bitflags v2.13.1
   Compiling version_check v0.9.5
    Checking memchr v2.8.3
    Checking pin-project-lite v0.2.17
   Compiling crossbeam-epoch v0.9.20
    Checking log v0.4.33
   Compiling crossbeam-deque v0.8.7
   Compiling rayon-core v1.13.0
    Checking smallvec v1.15.2
   Compiling serde_core v1.0.229
    Checking either v1.17.0
    Checking futures-core v0.3.33
   Compiling serde v1.0.229
   Compiling num-traits v0.2.19
   Compiling zerocopy v0.8.55
    Checking parking v2.2.1
   Compiling paste v1.0.15
    Checking futures-io v0.3.33
    Checking bitflags v1.3.2
   Compiling cfg_aliases v0.1.1
    Checking arrayvec v0.7.8
   Compiling generic-array v0.14.7
   Compiling thiserror v1.0.69
   Compiling parking_lot_core v0.9.12
    Checking simd-adler32 v0.3.10
    Checking once_cell v1.21.4
    Checking num-integer v0.1.46
    Checking hashbrown v0.17.1
   Compiling libm v0.2.16
   Compiling anyhow v1.0.104
   Compiling syn v2.0.119
   Compiling syn v3.0.3
    Checking typenum v1.20.1
    Checking fastrand v2.5.0
    Checking equivalent v1.0.2
    Checking scopeguard v1.2.0
    Checking indexmap v2.14.0
    Checking lock_api v0.4.14
    Checking rayon v1.12.0
    Checking num-bigint v0.4.8
   Compiling serde_derive v1.0.229
    Checking concurrent-queue v2.5.0
    Checking event-listener v5.4.2
   Compiling crc32fast v1.5.0
   Compiling bytemuck_derive v1.11.0
   Compiling zerocopy-derive v0.8.55
   Compiling equator-macro v0.4.2
    Checking errno v0.3.14
   Compiling thiserror-impl v1.0.69
   Compiling profiling-procmacros v1.0.18
    Checking profiling v1.0.18
    Checking equator v0.4.2
    Checking bytemuck v1.25.2
    Checking slab v0.4.12
   Compiling winnow v1.0.4
   Compiling cfg_aliases v0.2.2
    Checking adler2 v2.0.1
   Compiling thiserror v2.0.19
    Checking core-foundation-sys v0.8.7
    Checking stable_deref_trait v1.2.1
    Checking as-slice v0.2.1
    Checking core-foundation v0.9.4
    Checking parking_lot v0.12.5
    Checking miniz_oxide v0.8.9
   Compiling toml_parser v1.1.3+spec-1.1.0
    Checking event-listener-strategy v0.5.4
    Checking num-rational v0.4.2
   Compiling thiserror-impl v2.0.19
   Compiling foreign-types-macros v0.2.4
    Checking futures-lite v2.6.1
   Compiling toml_datetime v1.1.1+spec-1.1.0
   Compiling built v0.8.1
    Checking foreign-types-shared v0.3.1
   Compiling objc-sys v0.3.5
   Compiling rustix v1.1.4
   Compiling av-scenechange v0.14.1
   Compiling rav1e v0.8.1
    Checking foreign-types v0.5.0
   Compiling toml_edit v0.25.13+spec-1.1.0
    Checking block-buffer v0.10.4
    Checking crypto-common v0.1.7
    Checking aligned-vec v0.6.4
    Checking core-graphics-types v0.1.3
    Checking v_frame v0.3.9
    Checking aligned v0.4.3
   Compiling arg_enum_proc_macro v0.3.4
    Checking tracing-core v0.1.36
    Checking no_std_io2 v0.9.4
    Checking nom v8.0.0
   Compiling pulp v0.22.3
    Checking y4m v0.8.0
   Compiling pastey v0.1.1
    Checking quick-error v2.0.1
    Checking num-complex v0.4.6
    Checking bitstream-io v4.10.0
    Checking digest v0.10.7
   Compiling proc-macro-crate v3.5.0
    Checking av1-grain v0.2.5
    Checking signal-hook-registry v1.4.8
    Checking cpufeatures v0.2.17
    Checking malloc_buf v0.0.6
   Compiling num-derive v0.4.2
    Checking maybe-rayon v0.1.1
   Compiling zvariant_utils v2.1.0
   Compiling simd_helpers v0.1.0
   Compiling naga v22.1.0
    Checking itertools v0.14.0
   Compiling async-io v2.6.0
    Checking weezl v0.1.12
    Checking termcolor v1.4.1
    Checking futures-sink v0.3.33
    Checking static_assertions v1.1.0
    Checking objc2-encode v4.1.0
    Checking zune-core v0.5.1
    Checking half v2.7.1
    Checking bit-vec v0.7.0
    Checking new_debug_unreachable v1.0.6
   Compiling zmij v1.0.23
   Compiling noop_proc_macro v0.3.0
    Checking unicode-width v0.1.14
    Checking rustc-hash v1.1.0
    Checking reborrow v0.5.5
    Checking imgref v1.12.2
    Checking pulp-wasm-simd-flag v0.1.1
    Checking codespan-reporting v0.11.1
    Checking bit-set v0.6.0
    Checking loop9 v0.1.5
    Checking zune-jpeg v0.5.15
    Checking flate2 v1.1.9
    Checking futures-channel v0.3.33
    Checking objc v0.2.7
    Checking font-types v0.7.3
    Checking getrandom v0.2.17
   Compiling tracing-attributes v0.1.31
   Compiling futures-macro v0.3.33
   Compiling enumflags2_derive v0.7.12
    Checking rten-base v0.24.0
    Checking fdeflate v0.3.7
    Checking zune-inflate v0.2.54
    Checking avif-serialize v0.8.9
   Compiling wgpu-hal v22.0.0
   Compiling memoffset v0.9.1
    Checking objc2 v0.5.2
   Compiling slotmap v1.1.1
    Checking rgb v0.8.53
    Checking bit_field v0.10.3
    Checking color_quant v1.1.0
    Checking lebe v0.5.3
    Checking futures-task v0.3.33
    Checking raw-window-handle v0.6.2
    Checking unicode-xid v0.2.6
    Checking pxfm v0.1.30
   Compiling typeid v1.0.3
    Checking byteorder-lite v0.1.0
    Checking atomic-waker v1.1.2
    Checking block v0.1.6
    Checking async-task v4.7.1
   Compiling serde_json v1.0.151
   Compiling semver v1.0.28
    Checking fax v0.2.7
    Checking hexf-parse v0.2.1
    Checking tiff v0.11.3
   Compiling rustc_version v0.4.1
    Checking piper v0.2.5
    Checking metal v0.29.0
    Checking image-webp v0.2.4
    Checking moxcms v0.8.1
    Checking polling v3.11.0
    Checking block2 v0.5.1
    Checking futures-util v0.3.33
    Checking gif v0.14.2
    Checking tracing v0.1.44
    Checking png v0.18.1
    Checking enumflags2 v0.7.12
    Checking read-fonts v0.22.7
    Checking rand_core v0.6.4
    Checking ppv-lite86 v0.2.21
   Compiling zvariant_derive v4.2.0
    Checking qoi v0.4.1
    Checking async-channel v2.5.0
    Checking async-lock v3.4.2
   Compiling nix v0.29.0
   Compiling wgpu-core v22.1.0
    Checking wgpu-types v22.0.0
    Checking libloading v0.8.9
   Compiling litrs v1.0.0
    Checking ttf-parser v0.20.0
   Compiling getrandom v0.4.3
    Checking hex v0.4.3
    Checking dispatch v0.2.0
    Checking tinyvec_macros v0.1.1
    Checking itoa v1.0.18
    Checking endi v1.1.1
    Checking objc2-foundation v0.2.2
    Checking tinyvec v1.12.0
    Checking skrifa v0.22.3
   Compiling document-features v0.2.12
    Checking blocking v1.6.2
    Checking rand_chacha v0.3.1
    Checking async-signal v0.2.14
   Compiling flatbuffers v24.12.23
   Compiling winit v0.30.13
    Checking socket2 v0.6.5
    Checking memmap2 v0.9.11
   Compiling wgpu v22.1.0
    Checking exr v1.74.2
    Checking ttf-parser v0.25.1
    Checking zeno v0.2.3
    Checking unicode-ccc v0.1.2
    Checking unicode-bidi-mirroring v0.1.0
    Checking yazi v0.1.6
    Checking unicode-properties v0.1.4
    Checking unicode-script v0.5.8
    Checking swash v0.1.19
    Checking rustybuzz v0.12.1
    Checking objc2-app-kit v0.2.2
    Checking fontdb v0.16.2
    Checking owned_ttf_parser v0.25.1
    Checking zvariant v4.2.0
    Checking async-process v2.5.0
    Checking rten-tensor v0.24.0
    Checking rand v0.8.7
    Checking async-fs v2.2.0
    Checking core-graphics v0.23.2
    Checking async-executor v1.14.0
   Compiling zbus_macros v4.4.0
    Checking sha1 v0.10.7
    Checking async-broadcast v0.7.2
    Checking xdg-home v1.3.0
    Checking mio v1.2.2
   Compiling async-recursion v1.1.1
   Compiling serde_repr v0.1.21
   Compiling async-trait v0.1.91
   Compiling tokio-macros v2.7.2
    Checking ordered-stream v0.2.0
    Checking aho-corasick v1.1.4
    Checking smol_str v0.2.2
    Checking ab_glyph_rasterizer v0.1.10
    Checking rangemap v1.7.1
    Checking bytes v1.12.1
    Checking sys-locale v0.3.2
    Checking unicode-bidi v0.3.18
    Checking unicode-linebreak v0.1.5
    Checking cursor-icon v1.2.0
    Checking self_cell v1.3.0
    Checking regex-syntax v0.8.11
    Checking dpi v0.1.2
    Checking unicode-segmentation v1.13.3
    Checking rten-simd v0.24.0
    Checking tokio v1.53.1
    Checking cosmic-text v0.11.2
    Checking ab_glyph v0.2.32
    Checking uuid v1.24.0
    Checking futures-executor v0.3.33
    Checking toml_datetime v0.6.11
    Checking serde_spanned v0.6.9
    Checking regex-automata v0.4.16
    Checking toml_write v0.1.2
    Checking utf8parse v0.2.2
    Checking winnow v0.7.15
    Checking anstyle-parse v1.0.0
    Checking futures v0.3.33
    Checking rten-vecmath v0.24.0
    Checking rten-gemm v0.24.0
    Checking rten-shape-inference v0.24.0
    Checking slopos-vision-protocol v0.1.0 (/Users/palaashatri/Code/retroshell/crates/slopos-vision-protocol)
    Checking num_cpus v1.17.0
    Checking is_terminal_polyfill v1.70.2
    Checking lazy_static v1.5.0
    Checking colorchoice v1.0.5
    Checking anstyle v1.0.14
    Checking rten-onnx v0.24.0
    Checking jiff-core v0.1.0
    Checking anstyle-query v1.1.5
    Checking rustc-hash v2.1.3
    Checking anstream v1.0.0
    Checking sharded-slab v0.1.7
    Checking sha2 v0.10.9
    Checking tracing-log v0.2.0
    Checking thread_local v1.1.10
    Checking nu-ansi-term v0.50.3
    Checking toml_edit v0.22.27
    Checking regex v1.13.1
    Checking slopos-vision-client v0.1.0 (/Users/palaashatri/Code/retroshell/crates/slopos-vision-client)
    Checking jiff v0.2.35
    Checking tracing-subscriber v0.3.23
    Checking env_filter v2.0.0
    Checking toml v0.8.23
    Checking rten-model-file v0.24.0
    Checking env_logger v0.11.11
    Checking rten v0.24.0
    Checking zbus_names v3.0.0
    Checking zbus v4.4.0
    Checking ravif v0.13.0
    Checking image v0.25.10
    Checking slopos-render v0.1.0 (/Users/palaashatri/Code/retroshell/crates/slopos-render)
    Checking slopos-vision v0.1.0 (/Users/palaashatri/Code/retroshell/crates/slopos-vision)
    Checking slopos-visiond v0.1.0 (/Users/palaashatri/Code/retroshell/crates/slopos-visiond)
    Checking slopos-bus v0.1.0 (/Users/palaashatri/Code/retroshell/crates/slopos-bus)
    Checking slopos-kit v0.1.0 (/Users/palaashatri/Code/retroshell/crates/slopos-kit)
    Checking slopos-sdk v0.1.0 (/Users/palaashatri/Code/retroshell/crates/slopos-sdk)
    Checking preview v0.1.0 (/Users/palaashatri/Code/retroshell/apps/preview)
    Finished `dev` profile [unoptimized + debuginfo] target(s) in 39.10s
warning: the following packages contain code that will be rejected by a future version of Rust: block v0.1.6
note: to see what the problems were, use the option `--future-incompat-report`, or run `cargo report future-incompatibilities --id 1`
