    Checking terminal v0.1.0 (/home/ubuntu/qa/2026-08-01-vision-session-r14/apps/terminal)
    Checking preview v0.1.0 (/home/ubuntu/qa/2026-08-01-vision-session-r14/apps/preview)
    Checking slopos-visiond v0.1.0 (/home/ubuntu/qa/2026-08-01-vision-session-r14/crates/slopos-visiond)
    Checking appstore v0.1.0 (/home/ubuntu/qa/2026-08-01-vision-session-r14/apps/appstore)
    Checking slopos-compositor v0.1.0 (/home/ubuntu/qa/2026-08-01-vision-session-r14/crates/slopos-compositor)
    Checking slopos-vision v0.1.0 (/home/ubuntu/qa/2026-08-01-vision-session-r14/crates/slopos-vision)
    Checking slopos-vision-client v0.1.0 (/home/ubuntu/qa/2026-08-01-vision-session-r14/crates/slopos-vision-client)
    Checking slopos-shell v0.1.0 (/home/ubuntu/qa/2026-08-01-vision-session-r14/crates/slopos-shell)
    Checking settings v0.1.0 (/home/ubuntu/qa/2026-08-01-vision-session-r14/apps/settings)
    Checking slopos-fonts v0.1.0 (/home/ubuntu/qa/2026-08-01-vision-session-r14/crates/slopos-fonts)
    Checking finder v0.1.0 (/home/ubuntu/qa/2026-08-01-vision-session-r14/apps/finder)
    Checking textedit v0.1.0 (/home/ubuntu/qa/2026-08-01-vision-session-r14/apps/textedit)
    Checking slopos-sdk v0.1.0 (/home/ubuntu/qa/2026-08-01-vision-session-r14/crates/slopos-sdk)
    Checking slopos-kit v0.1.0 (/home/ubuntu/qa/2026-08-01-vision-session-r14/crates/slopos-kit)
    Checking slopos-render v0.1.0 (/home/ubuntu/qa/2026-08-01-vision-session-r14/crates/slopos-render)
    Checking slopos-bus v0.1.0 (/home/ubuntu/qa/2026-08-01-vision-session-r14/crates/slopos-bus)
    Checking slopos-vision-protocol v0.1.0 (/home/ubuntu/qa/2026-08-01-vision-session-r14/crates/slopos-vision-protocol)
    Checking slopos-session v0.1.0 (/home/ubuntu/qa/2026-08-01-vision-session-r14/crates/slopos-session)
    Finished `dev` profile [unoptimized + debuginfo] target(s) in 12.89s
exit=0
