[slopos-compositor] backend: Headless (explicit)
[2m2026-08-08T07:01:47.688109Z[0m [32m INFO[0m [2mslopos_compositor::linux[0m[2m:[0m display policy applied: hdr_requested=false hdr_supported=false vrr_adaptive=false refresh=60hz color_space=srgb color_applied=true
[slopos-compositor] display policy: hdr_requested=false hdr_supported=false vrr_adaptive=false refresh=60hz color_space=srgb
[slopos-compositor] text_input=im+text-input-v3
[slopos-compositor] input_method=zwp_input_method_v2
[2m2026-08-08T07:01:47.695830Z[0m [32m INFO[0m [1minput_seat[0m[1m{[0m[3mname[0m[2m=[0m"seat0"[1m}[0m[2m:[0m[1madd_keyboard[0m[1m{[0m[3mxkb_config[0m[2m=[0mXkbConfig { rules: "", model: "", layout: "", variant: "", options: None } [3mrepeat_delay[0m[2m=[0m200 [3mrepeat_rate[0m[2m=[0m25[1m}[0m[2m:[0m[1minput_keyboard[0m[2m:[0m [2msmithay::input::keyboard[0m[2m:[0m Initializing a xkbcommon handler with keymap query
[2m2026-08-08T07:01:47.709836Z[0m [32m INFO[0m [1minput_seat[0m[1m{[0m[3mname[0m[2m=[0m"seat0"[1m}[0m[2m:[0m[1madd_keyboard[0m[1m{[0m[3mxkb_config[0m[2m=[0mXkbConfig { rules: "", model: "", layout: "", variant: "", options: None } [3mrepeat_delay[0m[2m=[0m200 [3mrepeat_rate[0m[2m=[0m25[1m}[0m[2m:[0m[1minput_keyboard[0m[2m:[0m [2msmithay::input::keyboard[0m[2m:[0m Loaded Keymap [3mname[0m[2m=[0m"English (US)"
[slopos-compositor] session_mode=headless (no host display transport); output_scale=1/1 (1.00x)
[slopos-compositor] outputs source=default 1 head(s): X11-1 1024x768@(0,0)
[2m2026-08-08T07:01:47.718006Z[0m [32m INFO[0m [1mnew[0m[1m{[0m[3mname[0m[2m=[0m"X11-1" [3mphysical[0m[2m=[0mPhysicalProperties { size: Size<smithay::utils::geometry::Raw> { w: 0, h: 0 }, subpixel: Unknown, make: "SLOPOS-I", model: "Logical Output 1" }[1m}[0m[2m:[0m [2msmithay::output[0m[2m:[0m Creating new Output [3mname[0m[2m=[0m"X11-1"
[2m2026-08-08T07:01:47.718578Z[0m [32m INFO[0m [2msmithay::wayland::output[0m[2m:[0m Creating new wl_output [3moutput[0m[2m=[0m"X11-1"
[2m2026-08-08T07:01:47.718625Z[0m [32m INFO[0m [2mslopos_compositor::linux[0m[2m:[0m wl_output 1 (X11-1) 1024x768 at (0,0) refresh=60000 mHz output_scale=1/1 (1.00x)
[2m2026-08-08T07:01:47.718846Z[0m [32m INFO[0m [2msmithay::wayland::socket[0m[2m:[0m Created new socket [3mname[0m[2m=[0mSome("wayland-1")
[2m2026-08-08T07:01:47.718936Z[0m [32m INFO[0m [2mslopos_compositor::linux[0m[2m:[0m Listening on WAYLAND_DISPLAY=wayland-1
[slopos-compositor] WAYLAND_DISPLAY=wayland-1
WAYLAND_DISPLAY=wayland-1
[2m2026-08-08T07:01:47.722129Z[0m [32m INFO[0m [2msmithay::xwayland::xserver[0m[2m:[0m spawning XWayland instance
[2m2026-08-08T07:01:47.725766Z[0m [32m INFO[0m [2mslopos_compositor::linux[0m[2m:[0m XWayland spawning (will claim DISPLAY=:0 when ready)
[2m2026-08-08T07:01:47.725808Z[0m [32m INFO[0m [2mslopos_compositor::linux[0m[2m:[0m slopos-compositor event loop starting
[slopos-compositor] client connected
[slopos-compositor] client disconnected
[2m2026-08-08T07:01:47.921716Z[0m [32m INFO[0m [2mslopos_compositor::linux[0m[2m:[0m XWayland ready on DISPLAY=:0 — starting X11 WM
[slopos-compositor] XWayland ready DISPLAY=:0
[slopos-compositor] client connected
[slopos-compositor] client disconnected
[slopos-compositor] client connected
[slopos-compositor] surface mapped at (64,64) title=Untitled
[slopos-compositor] assign window_id=ZZL1E84c6I8XEczALFPzd58jaPBoHdzC workspace active=0/8 windows=1 visible=1 dist=[0:1,1:0,2:0,3:0,4:0,5:0,6:0,7:0]
[slopos-compositor] client disconnected
[slopos-compositor] client connected
[slopos-compositor] surface mapped at (96,96) title=Untitled
[slopos-compositor] assign window_id=YpBTL7RAINKZKlIP4wmR8lIBDc9zYzJJ workspace active=0/8 windows=1 visible=1 dist=[0:1,1:0,2:0,3:0,4:0,5:0,6:0,7:0]
[slopos-compositor] client disconnected
[slopos-compositor] client connected
[slopos-compositor] surface mapped at (128,128) title=Untitled
[slopos-compositor] assign window_id=n6cHWnvuDQU8T43nhLAwd3ejNMQDkrzB workspace active=0/8 windows=1 visible=1 dist=[0:1,1:0,2:0,3:0,4:0,5:0,6:0,7:0]
[slopos-compositor] client disconnected
[slopos-compositor] client connected
[slopos-compositor] surface mapped at (160,160) title=Untitled
[slopos-compositor] assign window_id=EddPbNjmoT3Fj4rTzBzacyHZZN0wkPdH workspace active=0/8 windows=1 visible=1 dist=[0:1,1:0,2:0,3:0,4:0,5:0,6:0,7:0]
[slopos-compositor] client disconnected
[slopos-compositor] client connected
[slopos-compositor] surface mapped at (192,192) title=Untitled
[slopos-compositor] assign window_id=BCUUrb7I2rHNxKcrukumtiaQlpH5FN52 workspace active=0/8 windows=1 visible=1 dist=[0:1,1:0,2:0,3:0,4:0,5:0,6:0,7:0]
[slopos-compositor] client disconnected
[slopos-compositor] client connected
[slopos-compositor] surface mapped at (224,224) title=Untitled
[slopos-compositor] assign window_id=CP0zm8i2dv0JiEb8F3QpepAJZtWIZ4Zo workspace active=0/8 windows=1 visible=1 dist=[0:1,1:0,2:0,3:0,4:0,5:0,6:0,7:0]
[slopos-compositor] client disconnected
[slopos-compositor] client connected
[slopos-compositor] surface mapped at (256,256) title=Untitled
[slopos-compositor] assign window_id=zCEIN6vq1y8s1go7Sc9IOAxojr42oQBj workspace active=0/8 windows=1 visible=1 dist=[0:1,1:0,2:0,3:0,4:0,5:0,6:0,7:0]
[slopos-compositor] client disconnected
[slopos-compositor] client connected
[slopos-compositor] surface mapped at (288,288) title=Untitled
[slopos-compositor] assign window_id=uCGIpv9IM4MbgavXCwZNcT2u8wJuBEOp workspace active=0/8 windows=1 visible=1 dist=[0:1,1:0,2:0,3:0,4:0,5:0,6:0,7:0]
[slopos-compositor] client disconnected
[slopos-compositor] client connected
[slopos-compositor] surface mapped at (64,64) title=Untitled
[slopos-compositor] assign window_id=tmp6y3dgyyUvWxXMrmNwFhXYZIqUJL6C workspace active=0/8 windows=1 visible=1 dist=[0:1,1:0,2:0,3:0,4:0,5:0,6:0,7:0]
[slopos-compositor] client disconnected
[slopos-compositor] client connected
[slopos-compositor] surface mapped at (96,96) title=Untitled
[slopos-compositor] assign window_id=WQQdUrV9mWmqPR3j08YORou0ddREXA1t workspace active=0/8 windows=1 visible=1 dist=[0:1,1:0,2:0,3:0,4:0,5:0,6:0,7:0]
[slopos-compositor] client disconnected
[slopos-compositor] client connected
[slopos-compositor] surface mapped at (128,128) title=Untitled
[slopos-compositor] assign window_id=2mtGvbF80UTOA9VvnP6zJkOpqps0UNrG workspace active=0/8 windows=1 visible=1 dist=[0:1,1:0,2:0,3:0,4:0,5:0,6:0,7:0]
[slopos-compositor] client disconnected
[slopos-compositor] client connected
[slopos-compositor] surface mapped at (160,160) title=Untitled
[slopos-compositor] assign window_id=Fro0EpwyyBGfmq37mkLy3ibSyVoWEbev workspace active=0/8 windows=1 visible=1 dist=[0:1,1:0,2:0,3:0,4:0,5:0,6:0,7:0]
[slopos-compositor] client disconnected
[slopos-compositor] client connected
[slopos-compositor] surface mapped at (192,192) title=Untitled
[slopos-compositor] assign window_id=PkHlglH5d4a2UZNrVn61Dh4ECmskLzxg workspace active=0/8 windows=1 visible=1 dist=[0:1,1:0,2:0,3:0,4:0,5:0,6:0,7:0]
[slopos-compositor] client disconnected
[slopos-compositor] client connected
[slopos-compositor] surface mapped at (224,224) title=Untitled
[slopos-compositor] assign window_id=cY90mDrfGFoGxohBVZmEC2vQoGDu0Rf6 workspace active=0/8 windows=1 visible=1 dist=[0:1,1:0,2:0,3:0,4:0,5:0,6:0,7:0]
[slopos-compositor] client disconnected
[slopos-compositor] client connected
[slopos-compositor] surface mapped at (256,256) title=Untitled
[slopos-compositor] assign window_id=EHxfgEW7kvqnWBvXTSk5AhFULZAAIp7u workspace active=0/8 windows=1 visible=1 dist=[0:1,1:0,2:0,3:0,4:0,5:0,6:0,7:0]
[slopos-compositor] client disconnected
[slopos-compositor] client connected
[slopos-compositor] surface mapped at (288,288) title=Untitled
[slopos-compositor] assign window_id=w2ZvMRkzWHTwlVxjRLlo2aZmJ2HE8o4H workspace active=0/8 windows=1 visible=1 dist=[0:1,1:0,2:0,3:0,4:0,5:0,6:0,7:0]
[slopos-compositor] client disconnected
[slopos-compositor] client connected
[slopos-compositor] surface mapped at (64,64) title=Untitled
[slopos-compositor] assign window_id=wY5qYESSjk1VsfTAqwgjc7VyFnaW6jFQ workspace active=0/8 windows=1 visible=1 dist=[0:1,1:0,2:0,3:0,4:0,5:0,6:0,7:0]
[slopos-compositor] client disconnected
[slopos-compositor] client connected
[slopos-compositor] surface mapped at (96,96) title=Untitled
[slopos-compositor] assign window_id=vnTYmdwJN1ZnkixGvGZdZxhwN3rPQ2i6 workspace active=0/8 windows=1 visible=1 dist=[0:1,1:0,2:0,3:0,4:0,5:0,6:0,7:0]
[slopos-compositor] client disconnected
[slopos-compositor] client connected
[slopos-compositor] surface mapped at (128,128) title=Untitled
[slopos-compositor] assign window_id=AchEOSSy1DTbyD4tDkhXHJs99yIlXw42 workspace active=0/8 windows=1 visible=1 dist=[0:1,1:0,2:0,3:0,4:0,5:0,6:0,7:0]
[slopos-compositor] client disconnected
[slopos-compositor] client connected
[slopos-compositor] surface mapped at (160,160) title=Untitled
[slopos-compositor] assign window_id=ZB2NpfQOLlzjgSJxxVahc1GGbA26OyaB workspace active=0/8 windows=1 visible=1 dist=[0:1,1:0,2:0,3:0,4:0,5:0,6:0,7:0]
[slopos-compositor] client disconnected
[slopos-compositor] client connected
[slopos-compositor] surface mapped at (192,192) title=Untitled
[slopos-compositor] assign window_id=6zl8KyRjV7vEMXwt8s3lkOM8BFKTvDev workspace active=0/8 windows=1 visible=1 dist=[0:1,1:0,2:0,3:0,4:0,5:0,6:0,7:0]
[slopos-compositor] client disconnected
[slopos-compositor] client connected
[slopos-compositor] surface mapped at (224,224) title=Untitled
[slopos-compositor] assign window_id=lAWqBZpHp3O1lGJpcbsIkTR0jkynfaXu workspace active=0/8 windows=1 visible=1 dist=[0:1,1:0,2:0,3:0,4:0,5:0,6:0,7:0]
[slopos-compositor] client disconnected
[slopos-compositor] client connected
[slopos-compositor] surface mapped at (256,256) title=Untitled
[slopos-compositor] assign window_id=ExmzgeFcZ0f5Cxj2Iwb2JSeLjkAocvPM workspace active=0/8 windows=1 visible=1 dist=[0:1,1:0,2:0,3:0,4:0,5:0,6:0,7:0]
[slopos-compositor] client disconnected
[slopos-compositor] client connected
[slopos-compositor] surface mapped at (288,288) title=Untitled
[slopos-compositor] assign window_id=2nzV34sJ45vuL6NTKqbwzotlOEv9Jqr4 workspace active=0/8 windows=1 visible=1 dist=[0:1,1:0,2:0,3:0,4:0,5:0,6:0,7:0]
[slopos-compositor] client disconnected
[slopos-compositor] client connected
[slopos-compositor] surface mapped at (64,64) title=Untitled
[slopos-compositor] assign window_id=YxXC0kbXkOeXIotI9ymEjL9dYXAN5ekm workspace active=0/8 windows=1 visible=1 dist=[0:1,1:0,2:0,3:0,4:0,5:0,6:0,7:0]
[slopos-compositor] client disconnected
[slopos-compositor] client connected
[slopos-compositor] surface mapped at (96,96) title=Untitled
[slopos-compositor] assign window_id=W68qnQNs47qjUubbyYfy5Cgdqnga3GqT workspace active=0/8 windows=1 visible=1 dist=[0:1,1:0,2:0,3:0,4:0,5:0,6:0,7:0]
[slopos-compositor] client disconnected
[slopos-compositor] client connected
[slopos-compositor] surface mapped at (128,128) title=Untitled
[slopos-compositor] assign window_id=sfTw96b4sVACg3YmXfS1h7xYrbeRlQcL workspace active=0/8 windows=1 visible=1 dist=[0:1,1:0,2:0,3:0,4:0,5:0,6:0,7:0]
[slopos-compositor] client disconnected
[slopos-compositor] client connected
[slopos-compositor] surface mapped at (160,160) title=Untitled
[slopos-compositor] assign window_id=mOXFswapcDgVrIqah2cxYHgHHLuLoT4u workspace active=0/8 windows=1 visible=1 dist=[0:1,1:0,2:0,3:0,4:0,5:0,6:0,7:0]
[slopos-compositor] client disconnected
[slopos-compositor] client connected
[slopos-compositor] surface mapped at (192,192) title=Untitled
[slopos-compositor] assign window_id=XjiDGob5fAqKbc0GAvepnZDlQZLVZSmf workspace active=0/8 windows=1 visible=1 dist=[0:1,1:0,2:0,3:0,4:0,5:0,6:0,7:0]
[slopos-compositor] client disconnected
[slopos-compositor] client connected
[slopos-compositor] surface mapped at (224,224) title=Untitled
[slopos-compositor] assign window_id=dejTqma4jc5Dav6Cf0rfgRwcCBtadWXp workspace active=0/8 windows=1 visible=1 dist=[0:1,1:0,2:0,3:0,4:0,5:0,6:0,7:0]
[slopos-compositor] client disconnected
[slopos-compositor] client connected
[slopos-compositor] surface mapped at (256,256) title=Untitled
[slopos-compositor] assign window_id=3zOg5exHy8KZSXY1reuZaPdLxrEsK3vW workspace active=0/8 windows=1 visible=1 dist=[0:1,1:0,2:0,3:0,4:0,5:0,6:0,7:0]
[slopos-compositor] client disconnected
[slopos-compositor] client connected
[slopos-compositor] surface mapped at (288,288) title=Untitled
[slopos-compositor] assign window_id=bF2cKVXFDBaLjfkk8GVmb5W2Q4jr13zj workspace active=0/8 windows=1 visible=1 dist=[0:1,1:0,2:0,3:0,4:0,5:0,6:0,7:0]
[slopos-compositor] client disconnected
[slopos-compositor] client connected
[slopos-compositor] surface mapped at (64,64) title=Untitled
[slopos-compositor] assign window_id=8QgvILEOCj26I8Gzp1oYTsofmpYvXLBd workspace active=0/8 windows=1 visible=1 dist=[0:1,1:0,2:0,3:0,4:0,5:0,6:0,7:0]
[slopos-compositor] client disconnected
[slopos-compositor] client connected
[slopos-compositor] surface mapped at (96,96) title=Untitled
[slopos-compositor] assign window_id=ZXDB52NE0DIP8gLS6ZoM19GM09T4REx2 workspace active=0/8 windows=1 visible=1 dist=[0:1,1:0,2:0,3:0,4:0,5:0,6:0,7:0]
[slopos-compositor] client disconnected
[slopos-compositor] client connected
[slopos-compositor] surface mapped at (128,128) title=Untitled
[slopos-compositor] assign window_id=UWjZN4ioZexfa1gX4JmeQihOkBQ6MMEZ workspace active=0/8 windows=1 visible=1 dist=[0:1,1:0,2:0,3:0,4:0,5:0,6:0,7:0]
[slopos-compositor] client disconnected
[slopos-compositor] client connected
[slopos-compositor] surface mapped at (160,160) title=Untitled
[slopos-compositor] assign window_id=UE0LBDryvwu26TkE0sT2ALH3sKZPsxK7 workspace active=0/8 windows=1 visible=1 dist=[0:1,1:0,2:0,3:0,4:0,5:0,6:0,7:0]
[slopos-compositor] client disconnected
[slopos-compositor] client connected
[slopos-compositor] surface mapped at (192,192) title=Untitled
[slopos-compositor] assign window_id=r5UlQ1icMMgTpmcq4OU9pkGKHdyRFAGZ workspace active=0/8 windows=1 visible=1 dist=[0:1,1:0,2:0,3:0,4:0,5:0,6:0,7:0]
[slopos-compositor] client disconnected
[slopos-compositor] client connected
[slopos-compositor] surface mapped at (224,224) title=Untitled
[slopos-compositor] assign window_id=cWGTzfZd2OcLrFAs0uLu6Z4HsQk1H5Oz workspace active=0/8 windows=1 visible=1 dist=[0:1,1:0,2:0,3:0,4:0,5:0,6:0,7:0]
[slopos-compositor] client disconnected
[slopos-compositor] client connected
[slopos-compositor] surface mapped at (256,256) title=Untitled
[slopos-compositor] assign window_id=FYt2g3VKkAQJ2brvkczO1L9u8PrpZIIp workspace active=0/8 windows=1 visible=1 dist=[0:1,1:0,2:0,3:0,4:0,5:0,6:0,7:0]
[slopos-compositor] client disconnected
[slopos-compositor] client connected
[slopos-compositor] surface mapped at (288,288) title=Untitled
[slopos-compositor] assign window_id=MUVcZoNq3VyDZ3mhlzxYhH5vRLTHOyJN workspace active=0/8 windows=1 visible=1 dist=[0:1,1:0,2:0,3:0,4:0,5:0,6:0,7:0]
[slopos-compositor] client disconnected
[slopos-compositor] client connected
[slopos-compositor] surface mapped at (64,64) title=Untitled
[slopos-compositor] assign window_id=50C5URBpoV268ZIZeb774ULqyqVegYRM workspace active=0/8 windows=1 visible=1 dist=[0:1,1:0,2:0,3:0,4:0,5:0,6:0,7:0]
[slopos-compositor] client disconnected
[slopos-compositor] client connected
[slopos-compositor] surface mapped at (96,96) title=Untitled
[slopos-compositor] assign window_id=4zRqpKg7m6DVoEjBHouMMOencWWhM2le workspace active=0/8 windows=1 visible=1 dist=[0:1,1:0,2:0,3:0,4:0,5:0,6:0,7:0]
[slopos-compositor] client disconnected
[slopos-compositor] client connected
[slopos-compositor] surface mapped at (128,128) title=Untitled
[slopos-compositor] assign window_id=eeQaivkG63GspkBtdfhzP9dFmmdpiNd6 workspace active=0/8 windows=1 visible=1 dist=[0:1,1:0,2:0,3:0,4:0,5:0,6:0,7:0]
[slopos-compositor] client disconnected
[slopos-compositor] client connected
[slopos-compositor] surface mapped at (160,160) title=Untitled
[slopos-compositor] assign window_id=1RFNaAF1p5NPaJMCaA4YkXFXuDDKhMxm workspace active=0/8 windows=1 visible=1 dist=[0:1,1:0,2:0,3:0,4:0,5:0,6:0,7:0]
[slopos-compositor] client disconnected
[slopos-compositor] client connected
[slopos-compositor] surface mapped at (192,192) title=Untitled
[slopos-compositor] assign window_id=I3tMULIlbUvDUtN8g1hzItW1IP9QXzjz workspace active=0/8 windows=1 visible=1 dist=[0:1,1:0,2:0,3:0,4:0,5:0,6:0,7:0]
[slopos-compositor] client disconnected
[slopos-compositor] client connected
[slopos-compositor] surface mapped at (224,224) title=Untitled
[slopos-compositor] assign window_id=Hm3GO3QiarjR1sQCWrb7HoQCu0a8zgH7 workspace active=0/8 windows=1 visible=1 dist=[0:1,1:0,2:0,3:0,4:0,5:0,6:0,7:0]
[slopos-compositor] client disconnected
[slopos-compositor] client connected
[slopos-compositor] surface mapped at (256,256) title=Untitled
[slopos-compositor] assign window_id=l3uhLdtvtCBM0zQwTz2adYbzbz2lOfjv workspace active=0/8 windows=1 visible=1 dist=[0:1,1:0,2:0,3:0,4:0,5:0,6:0,7:0]
[slopos-compositor] client disconnected
[slopos-compositor] client connected
[slopos-compositor] surface mapped at (288,288) title=Untitled
[slopos-compositor] assign window_id=myaM0BVdWg7IiiS9kWiqVoN761U6b0U9 workspace active=0/8 windows=1 visible=1 dist=[0:1,1:0,2:0,3:0,4:0,5:0,6:0,7:0]
[slopos-compositor] client disconnected
[slopos-compositor] client connected
[slopos-compositor] surface mapped at (64,64) title=Untitled
[slopos-compositor] assign window_id=LJnVJAxKEHjEZVgduVdXdWfVJjzMB2Wu workspace active=0/8 windows=1 visible=1 dist=[0:1,1:0,2:0,3:0,4:0,5:0,6:0,7:0]
[slopos-compositor] client disconnected
[slopos-compositor] client connected
[slopos-compositor] surface mapped at (96,96) title=Untitled
[slopos-compositor] assign window_id=KyudbA2pbIl8CdAYUQQEuoudQW5XyuAn workspace active=0/8 windows=1 visible=1 dist=[0:1,1:0,2:0,3:0,4:0,5:0,6:0,7:0]
[slopos-compositor] client disconnected
[slopos-compositor] client connected
[slopos-compositor] surface mapped at (128,128) title=Untitled
[slopos-compositor] assign window_id=irM4T9CFhH75Ljs3vsYqqn5yLTzbmTL0 workspace active=0/8 windows=1 visible=1 dist=[0:1,1:0,2:0,3:0,4:0,5:0,6:0,7:0]
[slopos-compositor] client disconnected
[slopos-compositor] client connected
[slopos-compositor] surface mapped at (160,160) title=Untitled
[slopos-compositor] assign window_id=Mcq5098PlIVeTAm1bt4KqxvgHDveO0cC workspace active=0/8 windows=1 visible=1 dist=[0:1,1:0,2:0,3:0,4:0,5:0,6:0,7:0]
[slopos-compositor] client disconnected
[slopos-compositor] client connected
[slopos-compositor] surface mapped at (192,192) title=Untitled
[slopos-compositor] assign window_id=lnPY5k4if6zbD6wd8nBtU7t8eCIP2LNP workspace active=0/8 windows=1 visible=1 dist=[0:1,1:0,2:0,3:0,4:0,5:0,6:0,7:0]
[slopos-compositor] client disconnected
[slopos-compositor] client connected
[slopos-compositor] surface mapped at (224,224) title=Untitled
[slopos-compositor] assign window_id=Hr4gzNTvYG7gFGRfu1rbdAwMakloazV1 workspace active=0/8 windows=1 visible=1 dist=[0:1,1:0,2:0,3:0,4:0,5:0,6:0,7:0]
[slopos-compositor] client disconnected
[slopos-compositor] client connected
[slopos-compositor] surface mapped at (256,256) title=Untitled
[slopos-compositor] assign window_id=6ttTNxKkgY2xfa2CKtoYc4w2kZPxu7El workspace active=0/8 windows=1 visible=1 dist=[0:1,1:0,2:0,3:0,4:0,5:0,6:0,7:0]
[slopos-compositor] client disconnected
[slopos-compositor] client connected
[slopos-compositor] surface mapped at (288,288) title=Untitled
[slopos-compositor] assign window_id=3TcpPnc6iVdpa3S00dVsCQdelBbUKLNj workspace active=0/8 windows=1 visible=1 dist=[0:1,1:0,2:0,3:0,4:0,5:0,6:0,7:0]
[slopos-compositor] client disconnected
[slopos-compositor] client connected
[slopos-compositor] surface mapped at (64,64) title=Untitled
[slopos-compositor] assign window_id=jcfZEHnTn7aXKa1Cc5YKuHfuf0BvHOhL workspace active=0/8 windows=1 visible=1 dist=[0:1,1:0,2:0,3:0,4:0,5:0,6:0,7:0]
[slopos-compositor] client disconnected
[slopos-compositor] client connected
[slopos-compositor] surface mapped at (96,96) title=Untitled
[slopos-compositor] assign window_id=2Li1Jd8MCDUz44HHr601UgLEaHQo3wn0 workspace active=0/8 windows=1 visible=1 dist=[0:1,1:0,2:0,3:0,4:0,5:0,6:0,7:0]
[slopos-compositor] client disconnected
[slopos-compositor] client connected
[slopos-compositor] surface mapped at (128,128) title=Untitled
[slopos-compositor] assign window_id=SQHTldyzyDcK1hU5ODtu2ud14I9XL5LT workspace active=0/8 windows=1 visible=1 dist=[0:1,1:0,2:0,3:0,4:0,5:0,6:0,7:0]
[slopos-compositor] client disconnected
[slopos-compositor] client connected
[slopos-compositor] surface mapped at (160,160) title=Untitled
[slopos-compositor] assign window_id=Vs0kiw0gDly2HJYqqTDdhKz1hzzEzIHl workspace active=0/8 windows=1 visible=1 dist=[0:1,1:0,2:0,3:0,4:0,5:0,6:0,7:0]
[slopos-compositor] client disconnected
[slopos-compositor] client connected
[slopos-compositor] surface mapped at (192,192) title=Untitled
[slopos-compositor] assign window_id=N9AVmXlErqvcN7tLmUlRFc2qRMasgDsO workspace active=0/8 windows=1 visible=1 dist=[0:1,1:0,2:0,3:0,4:0,5:0,6:0,7:0]
[slopos-compositor] client disconnected
[slopos-compositor] client connected
[slopos-compositor] surface mapped at (224,224) title=Untitled
[slopos-compositor] assign window_id=iYKGm0UHdpdsXeuKqCFaXWxNYk54nDx0 workspace active=0/8 windows=1 visible=1 dist=[0:1,1:0,2:0,3:0,4:0,5:0,6:0,7:0]
[slopos-compositor] client disconnected
[slopos-compositor] client connected
[slopos-compositor] surface mapped at (256,256) title=Untitled
[slopos-compositor] assign window_id=4d8SDNPyVIFIpnr18s86GiSSc1NlTJsj workspace active=0/8 windows=1 visible=1 dist=[0:1,1:0,2:0,3:0,4:0,5:0,6:0,7:0]
[slopos-compositor] client disconnected
[slopos-compositor] client connected
[slopos-compositor] surface mapped at (288,288) title=Untitled
[slopos-compositor] assign window_id=kmkve1zngLhT43gxWLbvRctggVDHTQXN workspace active=0/8 windows=1 visible=1 dist=[0:1,1:0,2:0,3:0,4:0,5:0,6:0,7:0]
[slopos-compositor] client disconnected
[slopos-compositor] client connected
[slopos-compositor] surface mapped at (64,64) title=Untitled
[slopos-compositor] assign window_id=21fZ9NWB3tMmmYKiT3Ufzrt8ewymSvN0 workspace active=0/8 windows=1 visible=1 dist=[0:1,1:0,2:0,3:0,4:0,5:0,6:0,7:0]
[slopos-compositor] client disconnected
