top - 10:41:51 up  8:46, 15 users,  load average: 0.05, 0.20, 0.40
Tasks:   3 total,   0 running,   3 sleeping,   0 stopped,   0 zombie
%Cpu(s):  0.0 us,  0.0 sy,  0.0 ni,100.0 id,  0.0 wa,  0.0 hi,  0.0 si,  0.0 st 
MiB Mem :   3379.8 total,   1067.6 free,   1400.8 used,   1544.7 buff/cache     
MiB Swap:   3891.0 total,   3803.7 free,     87.3 used.   1979.0 avail Mem 

    PID USER      PR  NI    VIRT    RES    SHR S  %CPU  %MEM     TIME+ COMMAND
 243801 ubuntu    20   0    4016   2008   1872 S   0.0   0.1   0:00.09 slopos-+
 243803 ubuntu    20   0  406968 112468  89208 S   0.0   3.2   0:00.46 slopos-+
 243805 ubuntu    20   0 5954852 836960 342848 S   0.0  24.2   0:04.23 slopos-+

top - 10:41:56 up  8:46, 15 users,  load average: 0.04, 0.19, 0.40
Tasks:   3 total,   0 running,   3 sleeping,   0 stopped,   0 zombie
%Cpu(s):  0.1 us,  0.1 sy,  0.0 ni, 99.7 id,  0.0 wa,  0.0 hi,  0.0 si,  0.0 st 
MiB Mem :   3379.8 total,   1077.3 free,   1390.7 used,   1545.1 buff/cache     
MiB Swap:   3891.0 total,   3803.8 free,     87.2 used.   1989.2 avail Mem 

    PID USER      PR  NI    VIRT    RES    SHR S  %CPU  %MEM     TIME+ COMMAND
 243805 ubuntu    20   0 5954852 836960 342848 S   1.0  24.2   0:04.28 slopos-+
 243803 ubuntu    20   0  406968 112468  89208 S   0.4   3.2   0:00.48 slopos-+
 243801 ubuntu    20   0    4016   2008   1872 S   0.0   0.1   0:00.09 slopos-+

top - 10:42:01 up  8:46, 15 users,  load average: 0.04, 0.19, 0.40
Tasks:   3 total,   0 running,   3 sleeping,   0 stopped,   0 zombie
%Cpu(s):  2.1 us,  0.5 sy,  0.0 ni, 97.4 id,  0.0 wa,  0.0 hi,  0.0 si,  0.0 st 
MiB Mem :   3379.8 total,   1083.0 free,   1385.0 used,   1545.1 buff/cache     
MiB Swap:   3891.0 total,   3803.8 free,     87.2 used.   1994.8 avail Mem 

    PID USER      PR  NI    VIRT    RES    SHR S  %CPU  %MEM     TIME+ COMMAND
 243805 ubuntu    20   0 5946660 823620 337052 S  19.6  23.8   0:05.26 slopos-+
 243803 ubuntu    20   0  406968 112468  89208 S   0.8   3.2   0:00.52 slopos-+
 243801 ubuntu    20   0    4016   2008   1872 S   0.4   0.1   0:00.11 slopos-+

top - 10:42:06 up  8:46, 14 users,  load average: 0.04, 0.19, 0.39
Tasks:   3 total,   0 running,   3 sleeping,   0 stopped,   0 zombie
%Cpu(s):  0.2 us,  0.2 sy,  0.0 ni, 99.6 id,  0.0 wa,  0.0 hi,  0.0 si,  0.0 st 
MiB Mem :   3379.8 total,   1089.6 free,   1378.3 used,   1545.1 buff/cache     
MiB Swap:   3891.0 total,   3803.8 free,     87.2 used.   2001.5 avail Mem 

    PID USER      PR  NI    VIRT    RES    SHR S  %CPU  %MEM     TIME+ COMMAND
 243805 ubuntu    20   0 5946660 823620 337052 S   1.2  23.8   0:05.32 slopos-+
 243803 ubuntu    20   0  406968 112468  89208 S   0.2   3.2   0:00.53 slopos-+
 243801 ubuntu    20   0    4016   2008   1872 S   0.0   0.1   0:00.11 slopos-+

top - 10:42:11 up  8:46, 14 users,  load average: 0.03, 0.18, 0.39
Tasks:   3 total,   0 running,   3 sleeping,   0 stopped,   0 zombie
%Cpu(s):  0.1 us,  0.1 sy,  0.0 ni, 99.8 id,  0.0 wa,  0.0 hi,  0.0 si,  0.0 st 
MiB Mem :   3379.8 total,   1094.3 free,   1373.6 used,   1545.1 buff/cache     
MiB Swap:   3891.0 total,   3803.8 free,     87.2 used.   2006.2 avail Mem 

    PID USER      PR  NI    VIRT    RES    SHR S  %CPU  %MEM     TIME+ COMMAND
 243805 ubuntu    20   0 5946660 823620 337052 S   0.6  23.8   0:05.35 slopos-+
 243803 ubuntu    20   0  406968 112468  89208 S   0.4   3.2   0:00.55 slopos-+
 243801 ubuntu    20   0    4016   2008   1872 S   0.2   0.1   0:00.12 slopos-+

top - 10:42:16 up  8:46, 14 users,  load average: 0.03, 0.18, 0.39
Tasks:   3 total,   0 running,   3 sleeping,   0 stopped,   0 zombie
%Cpu(s):  0.1 us,  0.1 sy,  0.0 ni, 99.8 id,  0.0 wa,  0.0 hi,  0.0 si,  0.0 st 
MiB Mem :   3379.8 total,   1095.6 free,   1372.3 used,   1545.1 buff/cache     
MiB Swap:   3891.0 total,   3803.8 free,     87.2 used.   2007.5 avail Mem 

    PID USER      PR  NI    VIRT    RES    SHR S  %CPU  %MEM     TIME+ COMMAND
 243805 ubuntu    20   0 5946660 823620 337052 S   1.0  23.8   0:05.40 slopos-+
 243801 ubuntu    20   0    4016   2008   1872 S   0.2   0.1   0:00.13 slopos-+
 243803 ubuntu    20   0  406968 112468  89208 S   0.2   3.2   0:00.56 slopos-+

top - 10:42:21 up  8:46, 14 users,  load average: 0.03, 0.18, 0.39
Tasks:   3 total,   0 running,   3 sleeping,   0 stopped,   0 zombie
%Cpu(s):  0.1 us,  0.1 sy,  0.0 ni, 99.8 id,  0.0 wa,  0.0 hi,  0.0 si,  0.0 st 
MiB Mem :   3379.8 total,   1095.5 free,   1372.5 used,   1545.1 buff/cache     
MiB Swap:   3891.0 total,   3803.8 free,     87.2 used.   2007.4 avail Mem 

    PID USER      PR  NI    VIRT    RES    SHR S  %CPU  %MEM     TIME+ COMMAND
 243805 ubuntu    20   0 5946660 823620 337052 S   1.0  23.8   0:05.45 slopos-+
 243803 ubuntu    20   0  406968 112468  89208 S   0.4   3.2   0:00.58 slopos-+
 243801 ubuntu    20   0    4016   2008   1872 S   0.2   0.1   0:00.14 slopos-+

top - 10:42:26 up  8:46, 14 users,  load average: 0.02, 0.17, 0.38
Tasks:   3 total,   0 running,   3 sleeping,   0 stopped,   0 zombie
%Cpu(s):  0.2 us,  0.1 sy,  0.0 ni, 99.7 id,  0.1 wa,  0.0 hi,  0.0 si,  0.0 st 
MiB Mem :   3379.8 total,   1096.0 free,   1372.0 used,   1545.1 buff/cache     
MiB Swap:   3891.0 total,   3803.8 free,     87.2 used.   2007.9 avail Mem 

    PID USER      PR  NI    VIRT    RES    SHR S  %CPU  %MEM     TIME+ COMMAND
 243805 ubuntu    20   0 5946660 823620 337052 S   1.2  23.8   0:05.51 slopos-+
 243803 ubuntu    20   0  406968 112468  89208 S   0.4   3.2   0:00.60 slopos-+
 243801 ubuntu    20   0    4016   2008   1872 S   0.0   0.1   0:00.14 slopos-+

top - 10:42:31 up  8:46, 14 users,  load average: 0.02, 0.17, 0.38
Tasks:   3 total,   0 running,   3 sleeping,   0 stopped,   0 zombie
%Cpu(s):  0.2 us,  0.4 sy,  0.0 ni, 99.3 id,  0.0 wa,  0.0 hi,  0.0 si,  0.0 st 
MiB Mem :   3379.8 total,   1097.6 free,   1370.3 used,   1545.2 buff/cache     
MiB Swap:   3891.0 total,   3803.8 free,     87.2 used.   2009.6 avail Mem 

    PID USER      PR  NI    VIRT    RES    SHR S  %CPU  %MEM     TIME+ COMMAND
 243805 ubuntu    20   0 5946660 823620 337052 S   0.8  23.8   0:05.55 slopos-+
 243803 ubuntu    20   0  406968 112468  89208 S   0.4   3.2   0:00.62 slopos-+
 243801 ubuntu    20   0    4016   2008   1872 S   0.2   0.1   0:00.15 slopos-+

top - 10:42:36 up  8:47, 14 users,  load average: 0.02, 0.17, 0.38
Tasks:   3 total,   0 running,   3 sleeping,   0 stopped,   0 zombie
%Cpu(s):  0.1 us,  0.1 sy,  0.0 ni, 99.7 id,  0.0 wa,  0.0 hi,  0.0 si,  0.0 st 
MiB Mem :   3379.8 total,   1098.5 free,   1369.4 used,   1545.2 buff/cache     
MiB Swap:   3891.0 total,   3803.8 free,     87.2 used.   2010.5 avail Mem 

    PID USER      PR  NI    VIRT    RES    SHR S  %CPU  %MEM     TIME+ COMMAND
 243805 ubuntu    20   0 5946660 823620 337052 S   0.8  23.8   0:05.59 slopos-+
 243801 ubuntu    20   0    4016   2008   1872 S   0.2   0.1   0:00.16 slopos-+
 243803 ubuntu    20   0  406968 112468  89208 S   0.2   3.2   0:00.63 slopos-+

top - 10:42:41 up  8:47, 14 users,  load average: 0.02, 0.16, 0.38
Tasks:   3 total,   0 running,   3 sleeping,   0 stopped,   0 zombie
%Cpu(s):  0.1 us,  0.1 sy,  0.0 ni, 99.7 id,  0.0 wa,  0.0 hi,  0.0 si,  0.0 st 
MiB Mem :   3379.8 total,   1098.7 free,   1369.2 used,   1545.2 buff/cache     
MiB Swap:   3891.0 total,   3803.8 free,     87.2 used.   2010.7 avail Mem 

    PID USER      PR  NI    VIRT    RES    SHR S  %CPU  %MEM     TIME+ COMMAND
 243805 ubuntu    20   0 5946680 823620 337052 S   1.2  23.8   0:05.65 slopos-+
 243803 ubuntu    20   0  406968 112468  89208 S   0.4   3.2   0:00.65 slopos-+
 243801 ubuntu    20   0    4016   2008   1872 S   0.0   0.1   0:00.16 slopos-+

top - 10:42:46 up  8:47, 14 users,  load average: 0.02, 0.16, 0.37
Tasks:   3 total,   0 running,   3 sleeping,   0 stopped,   0 zombie
%Cpu(s):  0.1 us,  0.1 sy,  0.0 ni, 99.8 id,  0.0 wa,  0.0 hi,  0.0 si,  0.0 st 
MiB Mem :   3379.8 total,   1098.8 free,   1369.1 used,   1545.2 buff/cache     
MiB Swap:   3891.0 total,   3803.8 free,     87.2 used.   2010.8 avail Mem 

    PID USER      PR  NI    VIRT    RES    SHR S  %CPU  %MEM     TIME+ COMMAND
 243805 ubuntu    20   0 5946680 823620 337052 S   0.8  23.8   0:05.69 slopos-+
 243803 ubuntu    20   0  406968 112468  89208 S   0.4   3.2   0:00.67 slopos-+
 243801 ubuntu    20   0    4016   2008   1872 S   0.2   0.1   0:00.17 slopos-+
