SLOPOS owned-artifact cleanup (apply=1)
/home/ubuntu/.cache/slopos-i/cargo-target	absent
/home/ubuntu/slopos/artifacts/qa/coordination/scratch	absent
Owned temporary test paths:
/tmp/slopos-i_shell_folder_1786345503650269635
/tmp/slopos-i_settings_1786345501137832039_23
/tmp/slopos-i_settings_1786345501101629751_16
/tmp/slopos-i_settings_1786345501114723216_19
/tmp/slopos-i_settings_1786345501093021491_15
/tmp/slopos-i_settings_1786345501111096800_18
/tmp/slopos-i_settings_1786345501107672596_17
/tmp/slopos-i_settings_1786345501090563331_14
/tmp/slopos-i_settings_1786345501090273531_13
/tmp/slopos-i_settings_1786345501089815926_12
/tmp/slopos-i_settings_1786345501006461654_10
/tmp/slopos-i_settings_1786345501006449463_9
/tmp/slopos-i_settings_1786345501006436713_8
/tmp/slopos-i_settings_1786345501006427517_7
/tmp/slopos-i_settings_1786345501006416356_6
/tmp/slopos-i_settings_1786345501006402882_5
/tmp/slopos-i_settings_1786345501006378125_4
/tmp/slopos-i_settings_1786345501006121286_2
removed /tmp/slopos-i_shell_folder_1786345503650269635
removed /tmp/slopos-i_settings_1786345501137832039_23
removed /tmp/slopos-i_settings_1786345501101629751_16
removed /tmp/slopos-i_settings_1786345501114723216_19
removed /tmp/slopos-i_settings_1786345501093021491_15
removed /tmp/slopos-i_settings_1786345501111096800_18
removed /tmp/slopos-i_settings_1786345501107672596_17
removed /tmp/slopos-i_settings_1786345501090563331_14
removed /tmp/slopos-i_settings_1786345501090273531_13
removed /tmp/slopos-i_settings_1786345501089815926_12
removed /tmp/slopos-i_settings_1786345501006461654_10
removed /tmp/slopos-i_settings_1786345501006449463_9
removed /tmp/slopos-i_settings_1786345501006436713_8
removed /tmp/slopos-i_settings_1786345501006427517_7
removed /tmp/slopos-i_settings_1786345501006416356_6
removed /tmp/slopos-i_settings_1786345501006402882_5
removed /tmp/slopos-i_settings_1786345501006378125_4
removed /tmp/slopos-i_settings_1786345501006121286_2
