Building exact-commit compositor 4b3a55189c26fcee9a842f05b77c958b8cf74778
   Compiling slopos-compositor v0.1.0 (/home/ubuntu/slopos-0f739e8/crates/slopos-compositor)
    Finished `dev` profile [unoptimized + debuginfo] target(s) in 4.13s
Starting SLOPOS-owned headless compositor
Connecting registry client to wayland-1
Exercising pointer-constraint request/destroy lifecycle
Exercising client DnD invalid-serial rejection (no input grab available headlessly)
Exercising native cross-client text/URI DnD with synthetic headless input
Exercising DnD target disconnect cancellation and compositor survival
Exercising native text-input-v3/input-method-v2 lifecycle
Exercising native cross-client clipboard offer, transfer and missing-MIME EOF
Exercising clipboard target death during a large transfer
Exercising clipboard source cancellation on selection replacement
Exercising clipboard source-death clearing
Exercising native cross-client primary-selection offer, transfer and missing-MIME EOF
Stressing abrupt toplevel and popup disconnect cleanup
Completing healthy presentation and popup lifecycles after stress
Headless runtime protocol smoke passed for 4b3a55189c26fcee9a842f05b77c958b8cf74778
Evidence: /tmp/slopos-4b3a551-headless/4b3a55189c26fcee9a842f05b77c958b8cf74778.json
This does not prove DRM/KMS, rendering, input, popup grabs, XWayland, HDR, VRR, or hardware compatibility.
