[slopos-compositor] backend: Headless (explicit)
[2m2026-08-08T08:24:56.911776Z[0m [32m INFO[0m [2mslopos_compositor::linux[0m[2m:[0m display policy applied: hdr_requested=false hdr_supported=false vrr_adaptive=false refresh=60hz color_space=srgb color_applied=true
[slopos-compositor] display policy: hdr_requested=false hdr_supported=false vrr_adaptive=false refresh=60hz color_space=srgb
[slopos-compositor] text_input=im+text-input-v3
[slopos-compositor] input_method=zwp_input_method_v2
[2m2026-08-08T08:24:56.925004Z[0m [32m INFO[0m [1minput_seat[0m[1m{[0m[3mname[0m[2m=[0m"seat0"[1m}[0m[2m:[0m[1madd_keyboard[0m[1m{[0m[3mxkb_config[0m[2m=[0mXkbConfig { rules: "", model: "", layout: "", variant: "", options: None } [3mrepeat_delay[0m[2m=[0m200 [3mrepeat_rate[0m[2m=[0m25[1m}[0m[2m:[0m[1minput_keyboard[0m[2m:[0m [2msmithay::input::keyboard[0m[2m:[0m Initializing a xkbcommon handler with keymap query
[2m2026-08-08T08:24:56.927923Z[0m [32m INFO[0m [1minput_seat[0m[1m{[0m[3mname[0m[2m=[0m"seat0"[1m}[0m[2m:[0m[1madd_keyboard[0m[1m{[0m[3mxkb_config[0m[2m=[0mXkbConfig { rules: "", model: "", layout: "", variant: "", options: None } [3mrepeat_delay[0m[2m=[0m200 [3mrepeat_rate[0m[2m=[0m25[1m}[0m[2m:[0m[1minput_keyboard[0m[2m:[0m [2msmithay::input::keyboard[0m[2m:[0m Loaded Keymap [3mname[0m[2m=[0m"English (US)"
[slopos-compositor] session_mode=headless (no host display transport); output_scale=1/1 (1.00x)
[slopos-compositor] outputs source=default 1 head(s): X11-1 1024x768@(0,0)
[2m2026-08-08T08:24:56.931141Z[0m [32m INFO[0m [1mnew[0m[1m{[0m[3mname[0m[2m=[0m"X11-1" [3mphysical[0m[2m=[0mPhysicalProperties { size: Size<smithay::utils::geometry::Raw> { w: 0, h: 0 }, subpixel: Unknown, make: "SLOPOS-I", model: "Logical Output 1" }[1m}[0m[2m:[0m [2msmithay::output[0m[2m:[0m Creating new Output [3mname[0m[2m=[0m"X11-1"
[2m2026-08-08T08:24:56.931319Z[0m [32m INFO[0m [2msmithay::wayland::output[0m[2m:[0m Creating new wl_output [3moutput[0m[2m=[0m"X11-1"
[2m2026-08-08T08:24:56.931381Z[0m [32m INFO[0m [2mslopos_compositor::linux[0m[2m:[0m wl_output 1 (X11-1) 1024x768 at (0,0) refresh=60000 mHz output_scale=1/1 (1.00x)
[2m2026-08-08T08:24:56.931645Z[0m [32m INFO[0m [2msmithay::wayland::socket[0m[2m:[0m Created new socket [3mname[0m[2m=[0mSome("wayland-1")
[2m2026-08-08T08:24:56.931715Z[0m [32m INFO[0m [2mslopos_compositor::linux[0m[2m:[0m Listening on WAYLAND_DISPLAY=wayland-1
[slopos-compositor] WAYLAND_DISPLAY=wayland-1
WAYLAND_DISPLAY=wayland-1
[2m2026-08-08T08:24:56.932844Z[0m [32m INFO[0m [2msmithay::xwayland::xserver[0m[2m:[0m spawning XWayland instance
[2m2026-08-08T08:24:56.934039Z[0m [32m INFO[0m [2mslopos_compositor::linux[0m[2m:[0m XWayland spawning (will claim DISPLAY=:1 when ready)
[2m2026-08-08T08:24:56.934175Z[0m [32m INFO[0m [2mslopos_compositor::linux[0m[2m:[0m slopos-compositor event loop starting
[slopos-compositor] client connected
[slopos-compositor] client disconnected
[2m2026-08-08T08:24:57.036131Z[0m [32m INFO[0m [2mslopos_compositor::linux[0m[2m:[0m XWayland ready on DISPLAY=:1 — starting X11 WM
[slopos-compositor] XWayland ready DISPLAY=:1
[slopos-compositor] client connected
[slopos-compositor] client disconnected
[slopos-compositor] client connected
[slopos-compositor] surface mapped at (64,64) title=Untitled
[slopos-compositor] assign window_id=unEsrXhy3G4EF8ekuvwdyfI7tSndqeu0 workspace active=0/8 windows=1 visible=1 dist=[0:1,1:0,2:0,3:0,4:0,5:0,6:0,7:0]
[slopos-compositor] client connected
[slopos-compositor] surface mapped at (96,96) title=Untitled
[slopos-compositor] assign window_id=ag46D6lVaZpH7Lmp2Dsl4LNep9Y2r2Z6 workspace active=0/8 windows=2 visible=2 dist=[0:2,1:0,2:0,3:0,4:0,5:0,6:0,7:0]
[slopos-compositor] client disconnected
[slopos-compositor] client connected
[slopos-compositor] surface mapped at (128,128) title=Untitled
[slopos-compositor] assign window_id=ONdouWLtazpWOtZSRah7BVRLQlmHhGZB workspace active=0/8 windows=2 visible=2 dist=[0:2,1:0,2:0,3:0,4:0,5:0,6:0,7:0]
[slopos-compositor] client disconnected
[slopos-compositor] client connected
[slopos-compositor] surface mapped at (160,160) title=Untitled
[slopos-compositor] assign window_id=Yz95UczbZDm96dXTp6MVnn22NJEKeuZj workspace active=0/8 windows=2 visible=2 dist=[0:2,1:0,2:0,3:0,4:0,5:0,6:0,7:0]
[slopos-compositor] client disconnected
[slopos-compositor] client disconnected
[slopos-compositor] client connected
[slopos-compositor] surface mapped at (192,192) title=Untitled
[slopos-compositor] assign window_id=AuuZXDzeCHb0iU3x00LCk7NR10CgRXRC workspace active=0/8 windows=1 visible=1 dist=[0:1,1:0,2:0,3:0,4:0,5:0,6:0,7:0]
[slopos-compositor] client disconnected
[slopos-compositor] client connected
[slopos-compositor] surface mapped at (224,224) title=Untitled
[slopos-compositor] assign window_id=gHMcUbfQYLo3BaWoRDUwVieOGR1Ppip8 workspace active=0/8 windows=1 visible=1 dist=[0:1,1:0,2:0,3:0,4:0,5:0,6:0,7:0]
[slopos-compositor] client disconnected
[slopos-compositor] client connected
[slopos-compositor] surface mapped at (256,256) title=Untitled
[slopos-compositor] assign window_id=ihvTMGlUXNOo2uN81xeQKwCv2h8jDwKE workspace active=0/8 windows=1 visible=1 dist=[0:1,1:0,2:0,3:0,4:0,5:0,6:0,7:0]
[slopos-compositor] client connected
[slopos-compositor] surface mapped at (288,288) title=Untitled
[slopos-compositor] assign window_id=rB2QRoNjlQ9U99ZJqFbP8jL6iwA9OQvj workspace active=0/8 windows=2 visible=2 dist=[0:2,1:0,2:0,3:0,4:0,5:0,6:0,7:0]
[slopos-compositor] client disconnected
[slopos-compositor] client disconnected
[slopos-compositor] client connected
[slopos-compositor] surface mapped at (64,64) title=Untitled
[slopos-compositor] assign window_id=E7RiJrKBzSoPXfgLUUhGaIImmrMhh16x workspace active=0/8 windows=1 visible=1 dist=[0:1,1:0,2:0,3:0,4:0,5:0,6:0,7:0]
[slopos-compositor] client disconnected
[slopos-compositor] client connected
[slopos-compositor] surface mapped at (96,96) title=Untitled
[slopos-compositor] assign window_id=SqGHygAiPcsLcs5rKwQDJtF1E4iZgduD workspace active=0/8 windows=1 visible=1 dist=[0:1,1:0,2:0,3:0,4:0,5:0,6:0,7:0]
[slopos-compositor] client disconnected
[slopos-compositor] client connected
[slopos-compositor] surface mapped at (128,128) title=Untitled
[slopos-compositor] assign window_id=vcC5eCwHCLVPUEsHwkxQf5Ou24JD2gGJ workspace active=0/8 windows=1 visible=1 dist=[0:1,1:0,2:0,3:0,4:0,5:0,6:0,7:0]
[slopos-compositor] client disconnected
[slopos-compositor] client connected
[slopos-compositor] surface mapped at (160,160) title=Untitled
[slopos-compositor] assign window_id=C8bQATSjUIR9pygcWkyMU9CWwC3YfuHE workspace active=0/8 windows=1 visible=1 dist=[0:1,1:0,2:0,3:0,4:0,5:0,6:0,7:0]
[slopos-compositor] client disconnected
[slopos-compositor] client connected
[slopos-compositor] surface mapped at (192,192) title=Untitled
[slopos-compositor] assign window_id=adYaIRFkTGqkGICZcPZuEhEFuHRXYGzI workspace active=0/8 windows=1 visible=1 dist=[0:1,1:0,2:0,3:0,4:0,5:0,6:0,7:0]
[slopos-compositor] client disconnected
[slopos-compositor] client connected
[slopos-compositor] surface mapped at (224,224) title=Untitled
[slopos-compositor] assign window_id=4PsaDMsMcG1h8TAFfN6kugKyEh8jbvPh workspace active=0/8 windows=1 visible=1 dist=[0:1,1:0,2:0,3:0,4:0,5:0,6:0,7:0]
[slopos-compositor] client disconnected
[slopos-compositor] client connected
[slopos-compositor] surface mapped at (256,256) title=Untitled
[slopos-compositor] assign window_id=7oBCBojfTzwssIElhXOp3MpWlhejz66p workspace active=0/8 windows=1 visible=1 dist=[0:1,1:0,2:0,3:0,4:0,5:0,6:0,7:0]
[slopos-compositor] client disconnected
[slopos-compositor] client connected
[slopos-compositor] surface mapped at (288,288) title=Untitled
[slopos-compositor] assign window_id=NrtQzYTt46R2nCovJQfk1Lj72Uc9Dfhf workspace active=0/8 windows=1 visible=1 dist=[0:1,1:0,2:0,3:0,4:0,5:0,6:0,7:0]
[slopos-compositor] client disconnected
[slopos-compositor] client connected
[slopos-compositor] surface mapped at (64,64) title=Untitled
[slopos-compositor] assign window_id=0Xrr3RpTFV88zQX9paRDnwJmZLcXAZrx workspace active=0/8 windows=1 visible=1 dist=[0:1,1:0,2:0,3:0,4:0,5:0,6:0,7:0]
[slopos-compositor] client disconnected
[slopos-compositor] client connected
[slopos-compositor] surface mapped at (96,96) title=Untitled
[slopos-compositor] assign window_id=zCFG9ijQ2VRVeyoCwjaOKCviRiRXHafB workspace active=0/8 windows=1 visible=1 dist=[0:1,1:0,2:0,3:0,4:0,5:0,6:0,7:0]
[slopos-compositor] client disconnected
[slopos-compositor] client connected
[slopos-compositor] surface mapped at (128,128) title=Untitled
[slopos-compositor] assign window_id=kuLE2kNT5hysFH7VzNfmyroQdNHFvD4e workspace active=0/8 windows=1 visible=1 dist=[0:1,1:0,2:0,3:0,4:0,5:0,6:0,7:0]
[slopos-compositor] client disconnected
[slopos-compositor] client connected
[slopos-compositor] surface mapped at (160,160) title=Untitled
[slopos-compositor] assign window_id=JbVDT9mXWNaAIOwa4Xkuij6DDJCPNsY8 workspace active=0/8 windows=1 visible=1 dist=[0:1,1:0,2:0,3:0,4:0,5:0,6:0,7:0]
[slopos-compositor] client disconnected
[slopos-compositor] client connected
[slopos-compositor] surface mapped at (192,192) title=Untitled
[slopos-compositor] assign window_id=qFIGoYObseBFUJt1cFiX6cOyXs9CNAwx workspace active=0/8 windows=1 visible=1 dist=[0:1,1:0,2:0,3:0,4:0,5:0,6:0,7:0]
[slopos-compositor] client disconnected
[slopos-compositor] client connected
[slopos-compositor] surface mapped at (224,224) title=Untitled
[slopos-compositor] assign window_id=gN0hFsgjOupWN51tCj4Sqs87Dr8pVQbA workspace active=0/8 windows=1 visible=1 dist=[0:1,1:0,2:0,3:0,4:0,5:0,6:0,7:0]
[slopos-compositor] client disconnected
[slopos-compositor] client connected
[slopos-compositor] surface mapped at (256,256) title=Untitled
[slopos-compositor] assign window_id=qbQnITa3LJZe8nXHqONFwlZ7uED9Nmsz workspace active=0/8 windows=1 visible=1 dist=[0:1,1:0,2:0,3:0,4:0,5:0,6:0,7:0]
[slopos-compositor] client disconnected
[slopos-compositor] client connected
[slopos-compositor] surface mapped at (288,288) title=Untitled
[slopos-compositor] assign window_id=KUosWZbFPoyWoLMPL4lUyr5iory3q2Vp workspace active=0/8 windows=1 visible=1 dist=[0:1,1:0,2:0,3:0,4:0,5:0,6:0,7:0]
[slopos-compositor] client disconnected
[slopos-compositor] client connected
[slopos-compositor] surface mapped at (64,64) title=Untitled
[slopos-compositor] assign window_id=naqiPE7fpaOsUwqdxXL6kz6yU2Iyo9i7 workspace active=0/8 windows=1 visible=1 dist=[0:1,1:0,2:0,3:0,4:0,5:0,6:0,7:0]
[slopos-compositor] client disconnected
[slopos-compositor] client connected
[slopos-compositor] surface mapped at (96,96) title=Untitled
[slopos-compositor] assign window_id=AO29ExSpVx5TcK76Ct2dZvw9fFIaxEuZ workspace active=0/8 windows=1 visible=1 dist=[0:1,1:0,2:0,3:0,4:0,5:0,6:0,7:0]
[slopos-compositor] client disconnected
[slopos-compositor] client connected
[slopos-compositor] surface mapped at (128,128) title=Untitled
[slopos-compositor] assign window_id=sRCQSzZspwfPgsfYiIeaAAi1T9Uzymqi workspace active=0/8 windows=1 visible=1 dist=[0:1,1:0,2:0,3:0,4:0,5:0,6:0,7:0]
[slopos-compositor] client disconnected
[slopos-compositor] client connected
[slopos-compositor] surface mapped at (160,160) title=Untitled
[slopos-compositor] assign window_id=cYhAV3uvDVoVy0bXsQNYiwQfYnYtTqaD workspace active=0/8 windows=1 visible=1 dist=[0:1,1:0,2:0,3:0,4:0,5:0,6:0,7:0]
[slopos-compositor] client disconnected
[slopos-compositor] client connected
[slopos-compositor] surface mapped at (192,192) title=Untitled
[slopos-compositor] assign window_id=bW2Tf1boqfRDlB5ewoe9CadeN0lbJLga workspace active=0/8 windows=1 visible=1 dist=[0:1,1:0,2:0,3:0,4:0,5:0,6:0,7:0]
[slopos-compositor] client disconnected
[slopos-compositor] client connected
[slopos-compositor] surface mapped at (224,224) title=Untitled
[slopos-compositor] assign window_id=Mzr8iJbxUS3YgGWOmdWoJoE7mHQAuAua workspace active=0/8 windows=1 visible=1 dist=[0:1,1:0,2:0,3:0,4:0,5:0,6:0,7:0]
[slopos-compositor] client disconnected
[slopos-compositor] client connected
[slopos-compositor] surface mapped at (256,256) title=Untitled
[slopos-compositor] assign window_id=Qhgylw5UsLghuKLzXmjhLAa5fyxn4Jxm workspace active=0/8 windows=1 visible=1 dist=[0:1,1:0,2:0,3:0,4:0,5:0,6:0,7:0]
[slopos-compositor] client disconnected
[slopos-compositor] client connected
[slopos-compositor] surface mapped at (288,288) title=Untitled
[slopos-compositor] assign window_id=AXaMZKyVrTQ5gnQYnsuOVglq4CmXKFUQ workspace active=0/8 windows=1 visible=1 dist=[0:1,1:0,2:0,3:0,4:0,5:0,6:0,7:0]
[slopos-compositor] client disconnected
[slopos-compositor] client connected
[slopos-compositor] surface mapped at (64,64) title=Untitled
[slopos-compositor] assign window_id=DLcsnSKtJbNeW03sGIXGLPa41SoSTYvT workspace active=0/8 windows=1 visible=1 dist=[0:1,1:0,2:0,3:0,4:0,5:0,6:0,7:0]
[slopos-compositor] client disconnected
[slopos-compositor] client connected
[slopos-compositor] surface mapped at (96,96) title=Untitled
[slopos-compositor] assign window_id=ICt66qLjwqvEu8CmjlcTJl8EYv8F0AIA workspace active=0/8 windows=1 visible=1 dist=[0:1,1:0,2:0,3:0,4:0,5:0,6:0,7:0]
[slopos-compositor] client disconnected
[slopos-compositor] client connected
[slopos-compositor] surface mapped at (128,128) title=Untitled
[slopos-compositor] assign window_id=DMfWflvUuSKLI6vA8Vpspp5A5jeCGH6R workspace active=0/8 windows=1 visible=1 dist=[0:1,1:0,2:0,3:0,4:0,5:0,6:0,7:0]
[slopos-compositor] client disconnected
[slopos-compositor] client connected
[slopos-compositor] surface mapped at (160,160) title=Untitled
[slopos-compositor] assign window_id=16jkd5ypI80re2DjMSjBmsh7RD1SsTFA workspace active=0/8 windows=1 visible=1 dist=[0:1,1:0,2:0,3:0,4:0,5:0,6:0,7:0]
[slopos-compositor] client disconnected
[slopos-compositor] client connected
[slopos-compositor] surface mapped at (192,192) title=Untitled
[slopos-compositor] assign window_id=a5BNx6JckWjc0LEnRibyubitesP1FlsU workspace active=0/8 windows=1 visible=1 dist=[0:1,1:0,2:0,3:0,4:0,5:0,6:0,7:0]
[slopos-compositor] client disconnected
[slopos-compositor] client connected
[slopos-compositor] surface mapped at (224,224) title=Untitled
[slopos-compositor] assign window_id=8vBSnHYn4g3buWLrlxJ5Ql8CgngKJAe2 workspace active=0/8 windows=1 visible=1 dist=[0:1,1:0,2:0,3:0,4:0,5:0,6:0,7:0]
[slopos-compositor] client disconnected
[slopos-compositor] client connected
[slopos-compositor] surface mapped at (256,256) title=Untitled
[slopos-compositor] assign window_id=CzzZ51FexdsBTIwAINZbV8qVKNhlRwhR workspace active=0/8 windows=1 visible=1 dist=[0:1,1:0,2:0,3:0,4:0,5:0,6:0,7:0]
[slopos-compositor] client disconnected
[slopos-compositor] client connected
[slopos-compositor] surface mapped at (288,288) title=Untitled
[slopos-compositor] assign window_id=uX40rTWJGW0qQgARK3Pv8r4SRmAPg4tt workspace active=0/8 windows=1 visible=1 dist=[0:1,1:0,2:0,3:0,4:0,5:0,6:0,7:0]
[slopos-compositor] client disconnected
[slopos-compositor] client connected
[slopos-compositor] surface mapped at (64,64) title=Untitled
[slopos-compositor] assign window_id=QhWDoEzHu7ajl1OkSRo7jfXn0ddwRrgm workspace active=0/8 windows=1 visible=1 dist=[0:1,1:0,2:0,3:0,4:0,5:0,6:0,7:0]
[slopos-compositor] client disconnected
[slopos-compositor] client connected
[slopos-compositor] surface mapped at (96,96) title=Untitled
[slopos-compositor] assign window_id=3pVDtXhETlLhxrWjzqnoHxjfrIrkQtpz workspace active=0/8 windows=1 visible=1 dist=[0:1,1:0,2:0,3:0,4:0,5:0,6:0,7:0]
[slopos-compositor] client disconnected
[slopos-compositor] client connected
[slopos-compositor] surface mapped at (128,128) title=Untitled
[slopos-compositor] assign window_id=tdOzPox767MA17i9DOGY81NZLurw2puu workspace active=0/8 windows=1 visible=1 dist=[0:1,1:0,2:0,3:0,4:0,5:0,6:0,7:0]
[slopos-compositor] client disconnected
[slopos-compositor] client connected
[slopos-compositor] surface mapped at (160,160) title=Untitled
[slopos-compositor] assign window_id=Vzkoeys8H99SSY1zdRcYHWL8MeG7f6ZS workspace active=0/8 windows=1 visible=1 dist=[0:1,1:0,2:0,3:0,4:0,5:0,6:0,7:0]
[slopos-compositor] client disconnected
[slopos-compositor] client connected
[slopos-compositor] surface mapped at (192,192) title=Untitled
[slopos-compositor] assign window_id=erVgAyJtCUnblOCNhIoMU7iEpizXnXF7 workspace active=0/8 windows=1 visible=1 dist=[0:1,1:0,2:0,3:0,4:0,5:0,6:0,7:0]
[slopos-compositor] client disconnected
[slopos-compositor] client connected
[slopos-compositor] surface mapped at (224,224) title=Untitled
[slopos-compositor] assign window_id=jVK4vM4akY9NENvzZAMEj1yCYMdiEJVz workspace active=0/8 windows=1 visible=1 dist=[0:1,1:0,2:0,3:0,4:0,5:0,6:0,7:0]
[slopos-compositor] client disconnected
[slopos-compositor] client connected
[slopos-compositor] surface mapped at (256,256) title=Untitled
[slopos-compositor] assign window_id=L5xbZcYRSsyVh9ykNubaFWjdDQu5R9Iy workspace active=0/8 windows=1 visible=1 dist=[0:1,1:0,2:0,3:0,4:0,5:0,6:0,7:0]
[slopos-compositor] client disconnected
[slopos-compositor] client connected
[slopos-compositor] surface mapped at (288,288) title=Untitled
[slopos-compositor] assign window_id=EhH6fTFtAhAeUa5sUGUOWZlEC2lTkD0p workspace active=0/8 windows=1 visible=1 dist=[0:1,1:0,2:0,3:0,4:0,5:0,6:0,7:0]
[slopos-compositor] client disconnected
[slopos-compositor] client connected
[slopos-compositor] surface mapped at (64,64) title=Untitled
[slopos-compositor] assign window_id=WfiMRsykxqqVcs1Ld01emXlmsLhrgmpG workspace active=0/8 windows=1 visible=1 dist=[0:1,1:0,2:0,3:0,4:0,5:0,6:0,7:0]
[slopos-compositor] client disconnected
[slopos-compositor] client connected
[slopos-compositor] surface mapped at (96,96) title=Untitled
[slopos-compositor] assign window_id=1ghdsVi3mBRzbuQ1DuuTGyDOOdJTnWVZ workspace active=0/8 windows=1 visible=1 dist=[0:1,1:0,2:0,3:0,4:0,5:0,6:0,7:0]
[slopos-compositor] client disconnected
[slopos-compositor] client connected
[slopos-compositor] surface mapped at (128,128) title=Untitled
[slopos-compositor] assign window_id=qgSiNj8r57S6rQwu2YPWnTpnRIwnQUOj workspace active=0/8 windows=1 visible=1 dist=[0:1,1:0,2:0,3:0,4:0,5:0,6:0,7:0]
[slopos-compositor] client disconnected
[slopos-compositor] client connected
[slopos-compositor] surface mapped at (160,160) title=Untitled
[slopos-compositor] assign window_id=fYJwl12DBb5ghBHMc8G4J1bRzTaFAU6X workspace active=0/8 windows=1 visible=1 dist=[0:1,1:0,2:0,3:0,4:0,5:0,6:0,7:0]
[slopos-compositor] client disconnected
[slopos-compositor] client connected
[slopos-compositor] surface mapped at (192,192) title=Untitled
[slopos-compositor] assign window_id=Qh8PtHgOlXOuFTaknExNvLsdIVzRNgNu workspace active=0/8 windows=1 visible=1 dist=[0:1,1:0,2:0,3:0,4:0,5:0,6:0,7:0]
[slopos-compositor] client disconnected
[slopos-compositor] client connected
[slopos-compositor] surface mapped at (224,224) title=Untitled
[slopos-compositor] assign window_id=DrF0YwyXS1BrIhlUZSeAauFKjszL3euK workspace active=0/8 windows=1 visible=1 dist=[0:1,1:0,2:0,3:0,4:0,5:0,6:0,7:0]
[slopos-compositor] client disconnected
[slopos-compositor] client connected
[slopos-compositor] surface mapped at (256,256) title=Untitled
[slopos-compositor] assign window_id=aPqTEIEBtXgGLqjl3OxgH8Jxq4e7rFgt workspace active=0/8 windows=1 visible=1 dist=[0:1,1:0,2:0,3:0,4:0,5:0,6:0,7:0]
[slopos-compositor] client disconnected
[slopos-compositor] client connected
[slopos-compositor] surface mapped at (288,288) title=Untitled
[slopos-compositor] assign window_id=FuPYX0FjQ875E36DEEbRPPklLnvnnSSz workspace active=0/8 windows=1 visible=1 dist=[0:1,1:0,2:0,3:0,4:0,5:0,6:0,7:0]
[slopos-compositor] client disconnected
[slopos-compositor] client connected
[slopos-compositor] surface mapped at (64,64) title=Untitled
[slopos-compositor] assign window_id=9sVGhENUU3bcQ0ztfF9C29ELgGKJbYon workspace active=0/8 windows=1 visible=1 dist=[0:1,1:0,2:0,3:0,4:0,5:0,6:0,7:0]
[slopos-compositor] client disconnected
[slopos-compositor] client connected
[slopos-compositor] surface mapped at (96,96) title=Untitled
[slopos-compositor] assign window_id=8E2BtguSI3ENIu8AYkUlVK9P2KFCfY9L workspace active=0/8 windows=1 visible=1 dist=[0:1,1:0,2:0,3:0,4:0,5:0,6:0,7:0]
[slopos-compositor] client disconnected
[slopos-compositor] client connected
[slopos-compositor] surface mapped at (128,128) title=Untitled
[slopos-compositor] assign window_id=NFgch5go2HetfFOyv1XEegTv3yRL8RhK workspace active=0/8 windows=1 visible=1 dist=[0:1,1:0,2:0,3:0,4:0,5:0,6:0,7:0]
[slopos-compositor] client disconnected
[slopos-compositor] client connected
[slopos-compositor] surface mapped at (160,160) title=Untitled
[slopos-compositor] assign window_id=SkBfXgLXrXxBMiDIXK5aQCqupRgNMaDy workspace active=0/8 windows=1 visible=1 dist=[0:1,1:0,2:0,3:0,4:0,5:0,6:0,7:0]
[slopos-compositor] client disconnected
[slopos-compositor] client connected
[slopos-compositor] surface mapped at (192,192) title=Untitled
[slopos-compositor] assign window_id=iJYZFOSAJGxoyM3hgBYXoGFHnikTHnlD workspace active=0/8 windows=1 visible=1 dist=[0:1,1:0,2:0,3:0,4:0,5:0,6:0,7:0]
[slopos-compositor] client disconnected
[slopos-compositor] client connected
[slopos-compositor] surface mapped at (224,224) title=Untitled
[slopos-compositor] assign window_id=fXMqFeFiRasVcE6x7xfJtPxxp8AyyL6v workspace active=0/8 windows=1 visible=1 dist=[0:1,1:0,2:0,3:0,4:0,5:0,6:0,7:0]
[slopos-compositor] client disconnected
[slopos-compositor] client connected
[slopos-compositor] surface mapped at (256,256) title=Untitled
[slopos-compositor] assign window_id=RZzCocigiUknnicNdnFuUuIv3zBqVxHT workspace active=0/8 windows=1 visible=1 dist=[0:1,1:0,2:0,3:0,4:0,5:0,6:0,7:0]
[slopos-compositor] client disconnected
[slopos-compositor] client connected
[slopos-compositor] surface mapped at (288,288) title=Untitled
[slopos-compositor] assign window_id=ekWJ9THLbP5qs0qs8F1KGiCd07lXOj5k workspace active=0/8 windows=1 visible=1 dist=[0:1,1:0,2:0,3:0,4:0,5:0,6:0,7:0]
[slopos-compositor] client disconnected
[slopos-compositor] client connected
[slopos-compositor] surface mapped at (64,64) title=Untitled
[slopos-compositor] assign window_id=GoVSEtY0H1HmIWMhL22089D6G1wh2NBE workspace active=0/8 windows=1 visible=1 dist=[0:1,1:0,2:0,3:0,4:0,5:0,6:0,7:0]
[slopos-compositor] client disconnected
[slopos-compositor] client connected
[slopos-compositor] surface mapped at (96,96) title=Untitled
[slopos-compositor] assign window_id=x2LR04ynN570cdauIz9baV8420IG5Hmm workspace active=0/8 windows=1 visible=1 dist=[0:1,1:0,2:0,3:0,4:0,5:0,6:0,7:0]
[slopos-compositor] client disconnected
[slopos-compositor] client connected
[slopos-compositor] surface mapped at (128,128) title=Untitled
[slopos-compositor] assign window_id=1X47SUC5CbmIh9ewVs6Pfsl9xX0ZCOT3 workspace active=0/8 windows=1 visible=1 dist=[0:1,1:0,2:0,3:0,4:0,5:0,6:0,7:0]
[slopos-compositor] client disconnected
[slopos-compositor] client connected
[slopos-compositor] surface mapped at (160,160) title=Untitled
[slopos-compositor] assign window_id=9xrBISGV1Opeh0hMgAsqCJOIodWfdf7l workspace active=0/8 windows=1 visible=1 dist=[0:1,1:0,2:0,3:0,4:0,5:0,6:0,7:0]
[slopos-compositor] client disconnected
[slopos-compositor] client connected
[slopos-compositor] surface mapped at (192,192) title=Untitled
[slopos-compositor] assign window_id=mn7uhsLcC7zSbokJJFkQRPB5QEOSM4aS workspace active=0/8 windows=1 visible=1 dist=[0:1,1:0,2:0,3:0,4:0,5:0,6:0,7:0]
[slopos-compositor] client disconnected
[slopos-compositor] client connected
[slopos-compositor] surface mapped at (224,224) title=Untitled
[slopos-compositor] assign window_id=QwW0ZmoKUfHK2YouQGGElnirQkXx6IFb workspace active=0/8 windows=1 visible=1 dist=[0:1,1:0,2:0,3:0,4:0,5:0,6:0,7:0]
[slopos-compositor] client disconnected
[slopos-compositor] client connected
[slopos-compositor] surface mapped at (256,256) title=Untitled
[slopos-compositor] assign window_id=fufD7q59n2vV5g6FbkQBA2ZlMeUmrCLy workspace active=0/8 windows=1 visible=1 dist=[0:1,1:0,2:0,3:0,4:0,5:0,6:0,7:0]
[slopos-compositor] client disconnected
[slopos-compositor] client connected
[slopos-compositor] surface mapped at (288,288) title=Untitled
[slopos-compositor] assign window_id=gaele8W2TA4xIi50q0KhhuQrhuxOh5nL workspace active=0/8 windows=1 visible=1 dist=[0:1,1:0,2:0,3:0,4:0,5:0,6:0,7:0]
[slopos-compositor] client disconnected
[slopos-compositor] client connected
[slopos-compositor] surface mapped at (64,64) title=Untitled
[slopos-compositor] assign window_id=GcS1lNuGGK6U3UL5cfkG0qrgANovtGTx workspace active=0/8 windows=1 visible=1 dist=[0:1,1:0,2:0,3:0,4:0,5:0,6:0,7:0]
[slopos-compositor] client disconnected
