[slopos-compositor] backend: Headless (explicit)
[2m2026-08-08T11:20:22.325167Z[0m [32m INFO[0m [2mslopos_compositor::linux[0m[2m:[0m display policy applied: hdr_requested=false hdr_supported=false vrr_adaptive=false refresh=60hz color_space=srgb color_applied=true
[slopos-compositor] display policy: hdr_requested=false hdr_supported=false vrr_adaptive=false refresh=60hz color_space=srgb
[slopos-compositor] text_input=im+text-input-v3
[slopos-compositor] input_method=zwp_input_method_v2
[2m2026-08-08T11:20:22.326190Z[0m [32m INFO[0m [1minput_seat[0m[1m{[0m[3mname[0m[2m=[0m"seat0"[1m}[0m[2m:[0m[1madd_keyboard[0m[1m{[0m[3mxkb_config[0m[2m=[0mXkbConfig { rules: "", model: "", layout: "", variant: "", options: None } [3mrepeat_delay[0m[2m=[0m200 [3mrepeat_rate[0m[2m=[0m25[1m}[0m[2m:[0m[1minput_keyboard[0m[2m:[0m [2msmithay::input::keyboard[0m[2m:[0m Initializing a xkbcommon handler with keymap query
[2m2026-08-08T11:20:22.345409Z[0m [32m INFO[0m [1minput_seat[0m[1m{[0m[3mname[0m[2m=[0m"seat0"[1m}[0m[2m:[0m[1madd_keyboard[0m[1m{[0m[3mxkb_config[0m[2m=[0mXkbConfig { rules: "", model: "", layout: "", variant: "", options: None } [3mrepeat_delay[0m[2m=[0m200 [3mrepeat_rate[0m[2m=[0m25[1m}[0m[2m:[0m[1minput_keyboard[0m[2m:[0m [2msmithay::input::keyboard[0m[2m:[0m Loaded Keymap [3mname[0m[2m=[0m"English (US)"
[slopos-compositor] session_mode=headless (no host display transport); output_scale=1/1 (1.00x)
[slopos-compositor] outputs source=default 1 head(s): X11-1 1024x768@(0,0)
[2m2026-08-08T11:20:22.348304Z[0m [32m INFO[0m [1mnew[0m[1m{[0m[3mname[0m[2m=[0m"X11-1" [3mphysical[0m[2m=[0mPhysicalProperties { size: Size<smithay::utils::geometry::Raw> { w: 0, h: 0 }, subpixel: Unknown, make: "SLOPOS-I", model: "Logical Output 1" }[1m}[0m[2m:[0m [2msmithay::output[0m[2m:[0m Creating new Output [3mname[0m[2m=[0m"X11-1"
[2m2026-08-08T11:20:22.348418Z[0m [32m INFO[0m [2msmithay::wayland::output[0m[2m:[0m Creating new wl_output [3moutput[0m[2m=[0m"X11-1"
[2m2026-08-08T11:20:22.348440Z[0m [32m INFO[0m [2mslopos_compositor::linux[0m[2m:[0m wl_output 1 (X11-1) 1024x768 at (0,0) refresh=60000 mHz output_scale=1/1 (1.00x)
[2m2026-08-08T11:20:22.348732Z[0m [32m INFO[0m [2msmithay::wayland::socket[0m[2m:[0m Created new socket [3mname[0m[2m=[0mSome("wayland-1")
[2m2026-08-08T11:20:22.348789Z[0m [32m INFO[0m [2mslopos_compositor::linux[0m[2m:[0m Listening on WAYLAND_DISPLAY=wayland-1
[slopos-compositor] WAYLAND_DISPLAY=wayland-1
WAYLAND_DISPLAY=wayland-1
[2m2026-08-08T11:20:22.350632Z[0m [32m INFO[0m [2msmithay::xwayland::xserver[0m[2m:[0m spawning XWayland instance
[2m2026-08-08T11:20:22.354946Z[0m [32m INFO[0m [2mslopos_compositor::linux[0m[2m:[0m XWayland spawning (will claim DISPLAY=:4 when ready)
[2m2026-08-08T11:20:22.354994Z[0m [32m INFO[0m [2mslopos_compositor::linux[0m[2m:[0m slopos-compositor event loop starting
[slopos-compositor] client connected
[slopos-compositor] client disconnected
[slopos-compositor] client connected
[slopos-compositor] client disconnected
[2m2026-08-08T11:20:22.692011Z[0m [32m INFO[0m [2mslopos_compositor::linux[0m[2m:[0m XWayland ready on DISPLAY=:4 — starting X11 WM
[slopos-compositor] XWayland ready DISPLAY=:4
[slopos-compositor] client connected
[slopos-compositor] client disconnected
[slopos-compositor] client connected
[slopos-compositor] surface mapped at (64,64) title=Untitled
[slopos-compositor] assign window_id=oBsxITfMv9NwWR5jD5sfnBK5UbRgqSHy workspace active=0/8 windows=1 visible=1 dist=[0:1,1:0,2:0,3:0,4:0,5:0,6:0,7:0]
[slopos-compositor] client connected
[slopos-compositor] surface mapped at (96,96) title=Untitled
[slopos-compositor] assign window_id=AUlmuoLPkazY8m1XpdM2217XgMpFMixg workspace active=0/8 windows=2 visible=2 dist=[0:2,1:0,2:0,3:0,4:0,5:0,6:0,7:0]
SLOPOS_DND_CLIENT_STARTED
SLOPOS_DND_ICON_ATTACHED
SLOPOS_DND_DROPPED validated=true
[slopos-compositor] client disconnected
[slopos-compositor] client disconnected
[slopos-compositor] client connected
[slopos-compositor] client connected
[slopos-compositor] surface mapped at (128,128) title=Untitled
[slopos-compositor] assign window_id=Z3ewAsRxS74Y8QriENHAWLKerezLvjdC workspace active=0/8 windows=1 visible=1 dist=[0:1,1:0,2:0,3:0,4:0,5:0,6:0,7:0]
[slopos-compositor] client disconnected
[slopos-compositor] client disconnected
[slopos-compositor] client connected
[slopos-compositor] surface mapped at (160,160) title=Untitled
[slopos-compositor] assign window_id=DQ18gjZC7OhDBNLKY1cvfDD3yqShxxIx workspace active=0/8 windows=1 visible=1 dist=[0:1,1:0,2:0,3:0,4:0,5:0,6:0,7:0]
[slopos-compositor] client connected
[slopos-compositor] surface mapped at (192,192) title=Untitled
[slopos-compositor] assign window_id=dSSrPDMlHTGijFoFSJH6jXFRu5Y1DeJe workspace active=0/8 windows=2 visible=2 dist=[0:2,1:0,2:0,3:0,4:0,5:0,6:0,7:0]
[slopos-compositor] client disconnected
[slopos-compositor] client connected
[slopos-compositor] surface mapped at (224,224) title=Untitled
[slopos-compositor] assign window_id=hVXDwTPyEaa8u4Zhw4cY5pOjipJPAUgz workspace active=0/8 windows=2 visible=2 dist=[0:2,1:0,2:0,3:0,4:0,5:0,6:0,7:0]
[slopos-compositor] client disconnected
[slopos-compositor] client connected
[slopos-compositor] surface mapped at (256,256) title=Untitled
[slopos-compositor] assign window_id=sZ9lzwkTkkZ4ADWBr3uNIJiNe9EapyAN workspace active=0/8 windows=2 visible=2 dist=[0:2,1:0,2:0,3:0,4:0,5:0,6:0,7:0]
[slopos-compositor] client disconnected
[slopos-compositor] client disconnected
[slopos-compositor] client connected
[slopos-compositor] surface mapped at (288,288) title=Untitled
[slopos-compositor] assign window_id=5Dkj83bRhOVaG6f9u5bbP0c6ctM3Br3Y workspace active=0/8 windows=1 visible=1 dist=[0:1,1:0,2:0,3:0,4:0,5:0,6:0,7:0]
[slopos-compositor] client disconnected
[slopos-compositor] client connected
[slopos-compositor] surface mapped at (64,64) title=Untitled
[slopos-compositor] assign window_id=frG2b7w5W4PoK2EKIPhNVNOArKcSCLNk workspace active=0/8 windows=1 visible=1 dist=[0:1,1:0,2:0,3:0,4:0,5:0,6:0,7:0]
[slopos-compositor] client disconnected
[slopos-compositor] client connected
[slopos-compositor] surface mapped at (96,96) title=Untitled
[slopos-compositor] assign window_id=VvMLGIrNeEmtBg6Go2rsxn4PGDXHZWoJ workspace active=0/8 windows=1 visible=1 dist=[0:1,1:0,2:0,3:0,4:0,5:0,6:0,7:0]
[slopos-compositor] client connected
[slopos-compositor] surface mapped at (128,128) title=Untitled
[slopos-compositor] assign window_id=52C75innMh482TBOHeoavnvLwZecoREk workspace active=0/8 windows=2 visible=2 dist=[0:2,1:0,2:0,3:0,4:0,5:0,6:0,7:0]
[slopos-compositor] client disconnected
[slopos-compositor] client disconnected
[slopos-compositor] client connected
[slopos-compositor] surface mapped at (160,160) title=Untitled
[slopos-compositor] assign window_id=IA9IlkLeuBwcXFe4j4CyAazsPzLcW8Aj workspace active=0/8 windows=1 visible=1 dist=[0:1,1:0,2:0,3:0,4:0,5:0,6:0,7:0]
[slopos-compositor] client disconnected
[slopos-compositor] client connected
[slopos-compositor] surface mapped at (192,192) title=Untitled
[slopos-compositor] assign window_id=uPgnXGPCTCMxnymsI32kFVyzFCpxBFvD workspace active=0/8 windows=1 visible=1 dist=[0:1,1:0,2:0,3:0,4:0,5:0,6:0,7:0]
[slopos-compositor] client disconnected
[slopos-compositor] client connected
[slopos-compositor] surface mapped at (224,224) title=Untitled
[slopos-compositor] assign window_id=iwQEsxR9i4lFGgNjWfXDBbtN09ZVHpWF workspace active=0/8 windows=1 visible=1 dist=[0:1,1:0,2:0,3:0,4:0,5:0,6:0,7:0]
[slopos-compositor] client disconnected
[slopos-compositor] client connected
[slopos-compositor] surface mapped at (256,256) title=Untitled
[slopos-compositor] assign window_id=y9G1jcGlijqFDVaoOMr7kqSt4fhK0z72 workspace active=0/8 windows=1 visible=1 dist=[0:1,1:0,2:0,3:0,4:0,5:0,6:0,7:0]
[slopos-compositor] client disconnected
[slopos-compositor] client connected
[slopos-compositor] surface mapped at (288,288) title=Untitled
[slopos-compositor] assign window_id=t8WEznWkP8ZqUXlBSDG2dpCeKYqarfDP workspace active=0/8 windows=1 visible=1 dist=[0:1,1:0,2:0,3:0,4:0,5:0,6:0,7:0]
[slopos-compositor] client disconnected
[slopos-compositor] client connected
[slopos-compositor] surface mapped at (64,64) title=Untitled
[slopos-compositor] assign window_id=qOgCkjP61ElJLQEl3aeS9aeKjOYUiiaa workspace active=0/8 windows=1 visible=1 dist=[0:1,1:0,2:0,3:0,4:0,5:0,6:0,7:0]
[slopos-compositor] client disconnected
[slopos-compositor] client connected
[slopos-compositor] surface mapped at (96,96) title=Untitled
[slopos-compositor] assign window_id=gjJANui6kXOSitepyoA1ptsTS5XCpHFK workspace active=0/8 windows=1 visible=1 dist=[0:1,1:0,2:0,3:0,4:0,5:0,6:0,7:0]
[slopos-compositor] client disconnected
[slopos-compositor] client connected
[slopos-compositor] surface mapped at (128,128) title=Untitled
[slopos-compositor] assign window_id=Z23HfcNs1aBXzKliXTa1wFqaac1pZJ3Z workspace active=0/8 windows=1 visible=1 dist=[0:1,1:0,2:0,3:0,4:0,5:0,6:0,7:0]
[slopos-compositor] client disconnected
[slopos-compositor] client connected
[slopos-compositor] surface mapped at (160,160) title=Untitled
[slopos-compositor] assign window_id=yOTw5LnNnSnSTfqazJlzBMTKDzg0ot0F workspace active=0/8 windows=1 visible=1 dist=[0:1,1:0,2:0,3:0,4:0,5:0,6:0,7:0]
[slopos-compositor] client disconnected
[slopos-compositor] client connected
[slopos-compositor] surface mapped at (192,192) title=Untitled
[slopos-compositor] assign window_id=ELukJjErotPAmgzQ8YWOaNVD8Y1OdtGT workspace active=0/8 windows=1 visible=1 dist=[0:1,1:0,2:0,3:0,4:0,5:0,6:0,7:0]
[slopos-compositor] client disconnected
[slopos-compositor] client connected
[slopos-compositor] surface mapped at (224,224) title=Untitled
[slopos-compositor] assign window_id=SmKoTSLTeB8v96PDOG5qRtNzfAQzdo3z workspace active=0/8 windows=1 visible=1 dist=[0:1,1:0,2:0,3:0,4:0,5:0,6:0,7:0]
[slopos-compositor] client disconnected
[slopos-compositor] client connected
[slopos-compositor] surface mapped at (256,256) title=Untitled
[slopos-compositor] assign window_id=7Yer46yAGOO3O6OZ848glipWsWbbnIwo workspace active=0/8 windows=1 visible=1 dist=[0:1,1:0,2:0,3:0,4:0,5:0,6:0,7:0]
[slopos-compositor] client disconnected
[slopos-compositor] client connected
[slopos-compositor] surface mapped at (288,288) title=Untitled
[slopos-compositor] assign window_id=uiVMxZcSFl7CTxSS1dpUU53uTL46Go2M workspace active=0/8 windows=1 visible=1 dist=[0:1,1:0,2:0,3:0,4:0,5:0,6:0,7:0]
[slopos-compositor] client disconnected
[slopos-compositor] client connected
[slopos-compositor] surface mapped at (64,64) title=Untitled
[slopos-compositor] assign window_id=bgkO7DwIhzbNH0SAXfai8AJvPp14xAMl workspace active=0/8 windows=1 visible=1 dist=[0:1,1:0,2:0,3:0,4:0,5:0,6:0,7:0]
[slopos-compositor] client disconnected
[slopos-compositor] client connected
[slopos-compositor] surface mapped at (96,96) title=Untitled
[slopos-compositor] assign window_id=tVJDg8QW3QAt7BgwEQJNxs586x3haJ8e workspace active=0/8 windows=1 visible=1 dist=[0:1,1:0,2:0,3:0,4:0,5:0,6:0,7:0]
[slopos-compositor] client disconnected
[slopos-compositor] client connected
[slopos-compositor] surface mapped at (128,128) title=Untitled
[slopos-compositor] assign window_id=7h7HmKn5BroUWQPDkROmmHEadXAvZ7Gj workspace active=0/8 windows=1 visible=1 dist=[0:1,1:0,2:0,3:0,4:0,5:0,6:0,7:0]
[slopos-compositor] client disconnected
[slopos-compositor] client connected
[slopos-compositor] surface mapped at (160,160) title=Untitled
[slopos-compositor] assign window_id=HKWLW8FogLS23S4XpWKWTo6UR1K2ljBd workspace active=0/8 windows=1 visible=1 dist=[0:1,1:0,2:0,3:0,4:0,5:0,6:0,7:0]
[slopos-compositor] client disconnected
[slopos-compositor] client connected
[slopos-compositor] surface mapped at (192,192) title=Untitled
[slopos-compositor] assign window_id=zMMarfxtnGVFNMDAOp22fVqvdtphaScT workspace active=0/8 windows=1 visible=1 dist=[0:1,1:0,2:0,3:0,4:0,5:0,6:0,7:0]
[slopos-compositor] client disconnected
[slopos-compositor] client connected
[slopos-compositor] surface mapped at (224,224) title=Untitled
[slopos-compositor] assign window_id=UKy63nJ9ZUL9yY79XBOioJ4Q2w8GxaIZ workspace active=0/8 windows=1 visible=1 dist=[0:1,1:0,2:0,3:0,4:0,5:0,6:0,7:0]
[slopos-compositor] client disconnected
[slopos-compositor] client connected
[slopos-compositor] surface mapped at (256,256) title=Untitled
[slopos-compositor] assign window_id=FEBDFjws8NcMXxHMeoew266Xw7piOP1s workspace active=0/8 windows=1 visible=1 dist=[0:1,1:0,2:0,3:0,4:0,5:0,6:0,7:0]
[slopos-compositor] client disconnected
[slopos-compositor] client connected
[slopos-compositor] surface mapped at (288,288) title=Untitled
[slopos-compositor] assign window_id=RUuKXygwscLdvrtKCccU6tX8mdPhPHVQ workspace active=0/8 windows=1 visible=1 dist=[0:1,1:0,2:0,3:0,4:0,5:0,6:0,7:0]
[slopos-compositor] client disconnected
[slopos-compositor] client connected
[slopos-compositor] surface mapped at (64,64) title=Untitled
[slopos-compositor] assign window_id=7HTJjhZOYTurR8vEvb1UamCbS7azKB43 workspace active=0/8 windows=1 visible=1 dist=[0:1,1:0,2:0,3:0,4:0,5:0,6:0,7:0]
[slopos-compositor] client disconnected
[slopos-compositor] client connected
[slopos-compositor] surface mapped at (96,96) title=Untitled
[slopos-compositor] assign window_id=kW7ZkNXE5Un9EI0WEnVDRC2iWPc8qtgn workspace active=0/8 windows=1 visible=1 dist=[0:1,1:0,2:0,3:0,4:0,5:0,6:0,7:0]
[slopos-compositor] client disconnected
[slopos-compositor] client connected
[slopos-compositor] surface mapped at (128,128) title=Untitled
[slopos-compositor] assign window_id=kUxvi6LAzqs2nLwv8uf1R1K3ic1lGHq3 workspace active=0/8 windows=1 visible=1 dist=[0:1,1:0,2:0,3:0,4:0,5:0,6:0,7:0]
[slopos-compositor] client disconnected
[slopos-compositor] client connected
[slopos-compositor] surface mapped at (160,160) title=Untitled
[slopos-compositor] assign window_id=ctwjs0cSsQjiB6aTfCD0oFGYVZc3GBJo workspace active=0/8 windows=1 visible=1 dist=[0:1,1:0,2:0,3:0,4:0,5:0,6:0,7:0]
[slopos-compositor] client disconnected
[slopos-compositor] client connected
[slopos-compositor] surface mapped at (192,192) title=Untitled
[slopos-compositor] assign window_id=FZgbrntP5P2GhfL1XdphkXkq22JxFdNx workspace active=0/8 windows=1 visible=1 dist=[0:1,1:0,2:0,3:0,4:0,5:0,6:0,7:0]
[slopos-compositor] client disconnected
[slopos-compositor] client connected
[slopos-compositor] surface mapped at (224,224) title=Untitled
[slopos-compositor] assign window_id=KniB24d9o9OG4YkcH1VQxmJb45LXRJRh workspace active=0/8 windows=1 visible=1 dist=[0:1,1:0,2:0,3:0,4:0,5:0,6:0,7:0]
[slopos-compositor] client disconnected
[slopos-compositor] client connected
[slopos-compositor] surface mapped at (256,256) title=Untitled
[slopos-compositor] assign window_id=66dm7TnTLzTyDpdt7xMfNB1RKrORzxmD workspace active=0/8 windows=1 visible=1 dist=[0:1,1:0,2:0,3:0,4:0,5:0,6:0,7:0]
[slopos-compositor] client disconnected
[slopos-compositor] client connected
[slopos-compositor] surface mapped at (288,288) title=Untitled
[slopos-compositor] assign window_id=6i6wYLfKzRQzJwNfhkI5z93ezk8SVk2A workspace active=0/8 windows=1 visible=1 dist=[0:1,1:0,2:0,3:0,4:0,5:0,6:0,7:0]
[slopos-compositor] client disconnected
[slopos-compositor] client connected
[slopos-compositor] surface mapped at (64,64) title=Untitled
[slopos-compositor] assign window_id=GT5hBvXQAhSIKbf2WfaPLZp7y4GUKD37 workspace active=0/8 windows=1 visible=1 dist=[0:1,1:0,2:0,3:0,4:0,5:0,6:0,7:0]
[slopos-compositor] client disconnected
[slopos-compositor] client connected
[slopos-compositor] surface mapped at (96,96) title=Untitled
[slopos-compositor] assign window_id=mATOylowJdw5ksEBpdakKoLC2kITlwim workspace active=0/8 windows=1 visible=1 dist=[0:1,1:0,2:0,3:0,4:0,5:0,6:0,7:0]
[slopos-compositor] client disconnected
[slopos-compositor] client connected
[slopos-compositor] surface mapped at (128,128) title=Untitled
[slopos-compositor] assign window_id=Nnpp8ipudjdhykt0eihdEZZw39TrQOrm workspace active=0/8 windows=1 visible=1 dist=[0:1,1:0,2:0,3:0,4:0,5:0,6:0,7:0]
[slopos-compositor] client disconnected
[slopos-compositor] client connected
[slopos-compositor] surface mapped at (160,160) title=Untitled
[slopos-compositor] assign window_id=vYcDjvphs9jrt6k3EEdg47ow1ipf8EZA workspace active=0/8 windows=1 visible=1 dist=[0:1,1:0,2:0,3:0,4:0,5:0,6:0,7:0]
[slopos-compositor] client disconnected
[slopos-compositor] client connected
[slopos-compositor] surface mapped at (192,192) title=Untitled
[slopos-compositor] assign window_id=EmQp6NrfxYBK2fJxXqFUx53v8iaw9Mf6 workspace active=0/8 windows=1 visible=1 dist=[0:1,1:0,2:0,3:0,4:0,5:0,6:0,7:0]
[slopos-compositor] client disconnected
[slopos-compositor] client connected
[slopos-compositor] surface mapped at (224,224) title=Untitled
[slopos-compositor] assign window_id=dxyXEC0N0li6EavBs9vse2A0bFpkqkwH workspace active=0/8 windows=1 visible=1 dist=[0:1,1:0,2:0,3:0,4:0,5:0,6:0,7:0]
[slopos-compositor] client disconnected
[slopos-compositor] client connected
[slopos-compositor] surface mapped at (256,256) title=Untitled
[slopos-compositor] assign window_id=X9VwrOaFV8rvcDAInEvN8IKEagHkkcAp workspace active=0/8 windows=1 visible=1 dist=[0:1,1:0,2:0,3:0,4:0,5:0,6:0,7:0]
[slopos-compositor] client disconnected
[slopos-compositor] client connected
[slopos-compositor] surface mapped at (288,288) title=Untitled
[slopos-compositor] assign window_id=0Z4x300C31eNZSWh79dUFHDpDHPYkC3r workspace active=0/8 windows=1 visible=1 dist=[0:1,1:0,2:0,3:0,4:0,5:0,6:0,7:0]
[slopos-compositor] client disconnected
[slopos-compositor] client connected
[slopos-compositor] surface mapped at (64,64) title=Untitled
[slopos-compositor] assign window_id=WU2oVZFOLQLHLjtX2oOcZMz6j9fKEwqV workspace active=0/8 windows=1 visible=1 dist=[0:1,1:0,2:0,3:0,4:0,5:0,6:0,7:0]
[slopos-compositor] client disconnected
[slopos-compositor] client connected
[slopos-compositor] surface mapped at (96,96) title=Untitled
[slopos-compositor] assign window_id=9epTI9HAgxhEcq7JABlWhC836oawEH7w workspace active=0/8 windows=1 visible=1 dist=[0:1,1:0,2:0,3:0,4:0,5:0,6:0,7:0]
[slopos-compositor] client disconnected
[slopos-compositor] client connected
[slopos-compositor] surface mapped at (128,128) title=Untitled
[slopos-compositor] assign window_id=iQJtHOwxoO1GtQvo2zkWenHhZTadXyFB workspace active=0/8 windows=1 visible=1 dist=[0:1,1:0,2:0,3:0,4:0,5:0,6:0,7:0]
[slopos-compositor] client disconnected
[slopos-compositor] client connected
[slopos-compositor] surface mapped at (160,160) title=Untitled
[slopos-compositor] assign window_id=wgKhe6TCvRoahUH5u3AU88b7QQREuWpt workspace active=0/8 windows=1 visible=1 dist=[0:1,1:0,2:0,3:0,4:0,5:0,6:0,7:0]
[slopos-compositor] client disconnected
[slopos-compositor] client connected
[slopos-compositor] surface mapped at (192,192) title=Untitled
[slopos-compositor] assign window_id=3qFWM5lW7mKcgeavU8A3YRgxQizxmP40 workspace active=0/8 windows=1 visible=1 dist=[0:1,1:0,2:0,3:0,4:0,5:0,6:0,7:0]
[slopos-compositor] client disconnected
[slopos-compositor] client connected
[slopos-compositor] surface mapped at (224,224) title=Untitled
[slopos-compositor] assign window_id=WcPAvLl5TqrtNDw9KikBNXq14Ns1cNYr workspace active=0/8 windows=1 visible=1 dist=[0:1,1:0,2:0,3:0,4:0,5:0,6:0,7:0]
[slopos-compositor] client disconnected
[slopos-compositor] client connected
[slopos-compositor] surface mapped at (256,256) title=Untitled
[slopos-compositor] assign window_id=QQKEli8ZgS0somlvyCT9NOoSbTj1gM4i workspace active=0/8 windows=1 visible=1 dist=[0:1,1:0,2:0,3:0,4:0,5:0,6:0,7:0]
[slopos-compositor] client disconnected
[slopos-compositor] client connected
[slopos-compositor] surface mapped at (288,288) title=Untitled
[slopos-compositor] assign window_id=WnDRlGrg690KirexOruncc7sgLHYrcP4 workspace active=0/8 windows=1 visible=1 dist=[0:1,1:0,2:0,3:0,4:0,5:0,6:0,7:0]
[slopos-compositor] client disconnected
[slopos-compositor] client connected
[slopos-compositor] surface mapped at (64,64) title=Untitled
[slopos-compositor] assign window_id=tNNCXDo8o7QlBgqpsGWNlL0jGEJVOnNE workspace active=0/8 windows=1 visible=1 dist=[0:1,1:0,2:0,3:0,4:0,5:0,6:0,7:0]
[slopos-compositor] client disconnected
[slopos-compositor] client connected
[slopos-compositor] surface mapped at (96,96) title=Untitled
[slopos-compositor] assign window_id=KBScfEVMjdoX1w6vjbDPL4QPzEVHG3Uo workspace active=0/8 windows=1 visible=1 dist=[0:1,1:0,2:0,3:0,4:0,5:0,6:0,7:0]
[slopos-compositor] client disconnected
[slopos-compositor] client connected
[slopos-compositor] surface mapped at (128,128) title=Untitled
[slopos-compositor] assign window_id=p9MOEmtTOOCkuj48S5O0TQPlsgXsy395 workspace active=0/8 windows=1 visible=1 dist=[0:1,1:0,2:0,3:0,4:0,5:0,6:0,7:0]
[slopos-compositor] client disconnected
[slopos-compositor] client connected
[slopos-compositor] surface mapped at (160,160) title=Untitled
[slopos-compositor] assign window_id=llry3UCLrdIbWk0ZoqA20JFfquCeNEEe workspace active=0/8 windows=1 visible=1 dist=[0:1,1:0,2:0,3:0,4:0,5:0,6:0,7:0]
[slopos-compositor] client disconnected
[slopos-compositor] client connected
[slopos-compositor] surface mapped at (192,192) title=Untitled
[slopos-compositor] assign window_id=9EEtnPeH0hS71AUmQEcYBw187ifqs2C6 workspace active=0/8 windows=1 visible=1 dist=[0:1,1:0,2:0,3:0,4:0,5:0,6:0,7:0]
[slopos-compositor] client disconnected
[slopos-compositor] client connected
[slopos-compositor] surface mapped at (224,224) title=Untitled
[slopos-compositor] assign window_id=vGhYM2j2s9AoElH6w51mwYhddFWSLKJM workspace active=0/8 windows=1 visible=1 dist=[0:1,1:0,2:0,3:0,4:0,5:0,6:0,7:0]
[slopos-compositor] client disconnected
[slopos-compositor] client connected
[slopos-compositor] surface mapped at (256,256) title=Untitled
[slopos-compositor] assign window_id=8y3TcddG1IfIVnLdOFv0k2ECa71kpYLs workspace active=0/8 windows=1 visible=1 dist=[0:1,1:0,2:0,3:0,4:0,5:0,6:0,7:0]
[slopos-compositor] client disconnected
[slopos-compositor] client connected
[slopos-compositor] surface mapped at (288,288) title=Untitled
[slopos-compositor] assign window_id=9LRGRbOOBWmsVTmyFyFwEbRWuCUczuHK workspace active=0/8 windows=1 visible=1 dist=[0:1,1:0,2:0,3:0,4:0,5:0,6:0,7:0]
[slopos-compositor] client disconnected
[slopos-compositor] client connected
[slopos-compositor] surface mapped at (64,64) title=Untitled
[slopos-compositor] assign window_id=UvAIkNt6CQs9ripT9aQmMX5tzc29axma workspace active=0/8 windows=1 visible=1 dist=[0:1,1:0,2:0,3:0,4:0,5:0,6:0,7:0]
[slopos-compositor] client disconnected
[slopos-compositor] client connected
[slopos-compositor] surface mapped at (96,96) title=Untitled
[slopos-compositor] assign window_id=FdV3tvUPhmOrjRCa6osRkqPfKnPBYXzJ workspace active=0/8 windows=1 visible=1 dist=[0:1,1:0,2:0,3:0,4:0,5:0,6:0,7:0]
[slopos-compositor] client disconnected
[slopos-compositor] client connected
[slopos-compositor] surface mapped at (128,128) title=Untitled
[slopos-compositor] assign window_id=EUevdQ2PRYwYdtSdbvgjW7jOkb1Kslv9 workspace active=0/8 windows=1 visible=1 dist=[0:1,1:0,2:0,3:0,4:0,5:0,6:0,7:0]
[slopos-compositor] client disconnected
[slopos-compositor] client connected
[slopos-compositor] surface mapped at (160,160) title=Untitled
[slopos-compositor] assign window_id=RRAWY0iLFyKAtqRvKSeItkYa3PcPJC5m workspace active=0/8 windows=1 visible=1 dist=[0:1,1:0,2:0,3:0,4:0,5:0,6:0,7:0]
[slopos-compositor] client disconnected
[slopos-compositor] client connected
[slopos-compositor] surface mapped at (192,192) title=Untitled
[slopos-compositor] assign window_id=VqHclffaJTV4vKc9UXDtgUYu0Wsa46i2 workspace active=0/8 windows=1 visible=1 dist=[0:1,1:0,2:0,3:0,4:0,5:0,6:0,7:0]
[slopos-compositor] client disconnected
[slopos-compositor] client connected
[slopos-compositor] surface mapped at (224,224) title=Untitled
[slopos-compositor] assign window_id=xvcZgMAbk30tyVZbig7gIRld1fhFcnCt workspace active=0/8 windows=1 visible=1 dist=[0:1,1:0,2:0,3:0,4:0,5:0,6:0,7:0]
[slopos-compositor] client disconnected
[slopos-compositor] client connected
[slopos-compositor] surface mapped at (256,256) title=Untitled
[slopos-compositor] assign window_id=4nxfMv3BN1jOVN55uZwOjfftIunxrO9x workspace active=0/8 windows=1 visible=1 dist=[0:1,1:0,2:0,3:0,4:0,5:0,6:0,7:0]
[slopos-compositor] client disconnected
[slopos-compositor] client connected
[slopos-compositor] surface mapped at (288,288) title=Untitled
[slopos-compositor] assign window_id=1KifRraSXcSVs72MgDIQYCp0SFk351SP workspace active=0/8 windows=1 visible=1 dist=[0:1,1:0,2:0,3:0,4:0,5:0,6:0,7:0]
[slopos-compositor] client disconnected
[slopos-compositor] client connected
[slopos-compositor] surface mapped at (64,64) title=Untitled
[slopos-compositor] assign window_id=BGIgsxEe9A3lnsf2T3QXPlAErRgwEZIU workspace active=0/8 windows=1 visible=1 dist=[0:1,1:0,2:0,3:0,4:0,5:0,6:0,7:0]
[slopos-compositor] client disconnected
[slopos-compositor] client connected
[slopos-compositor] surface mapped at (96,96) title=Untitled
[slopos-compositor] assign window_id=Y69Xh6abVOjgcArGLe5oJGOXiveH5qRR workspace active=0/8 windows=1 visible=1 dist=[0:1,1:0,2:0,3:0,4:0,5:0,6:0,7:0]
[slopos-compositor] client disconnected
[slopos-compositor] client connected
[slopos-compositor] surface mapped at (128,128) title=Untitled
[slopos-compositor] assign window_id=H0fXIOdFkemFtB8rCsaM89kpro9vwb74 workspace active=0/8 windows=1 visible=1 dist=[0:1,1:0,2:0,3:0,4:0,5:0,6:0,7:0]
[slopos-compositor] client disconnected
[slopos-compositor] client connected
[slopos-compositor] surface mapped at (160,160) title=Untitled
[slopos-compositor] assign window_id=YpT6a34iWFLK3GEsqKEaHxDn4colHI5Q workspace active=0/8 windows=1 visible=1 dist=[0:1,1:0,2:0,3:0,4:0,5:0,6:0,7:0]
[slopos-compositor] client disconnected
