   Compiling rustix v1.1.4
   Compiling wayland-sys v0.31.11
   Compiling scopeguard v1.2.0
   Compiling rustix v0.38.44
   Compiling tracing v0.1.44
   Compiling smithay-client-toolkit v0.19.2
   Compiling lock_api v0.4.14
   Compiling xkeysym v0.2.1
   Compiling parking_lot v0.12.5
   Compiling getrandom v0.3.4
   Compiling wgpu-hal v22.0.0
   Compiling x11rb-protocol v0.13.2
   Compiling ahash v0.8.12
   Compiling xkbcommon-dl v0.4.2
   Compiling slopos-fonts v0.1.0 (/home/ubuntu/slopos/crates/slopos-fonts)
   Compiling tokio v1.53.1
   Compiling wayland-backend v0.3.16
   Compiling wayland-client v0.31.15
   Compiling polling v3.11.0
   Compiling wayland-protocols v0.32.13
   Compiling calloop v0.13.0
   Compiling calloop-wayland-source v0.3.0
   Compiling wayland-cursor v0.31.14
   Compiling wayland-csd-frame v0.3.0
   Compiling gethostname v1.1.0
   Compiling async-io v2.6.0
   Compiling wayland-protocols-wlr v0.3.12
   Compiling wayland-protocols-plasma v0.3.12
   Compiling x11rb v0.13.2
   Compiling wgpu-core v22.1.0
   Compiling sctk-adwaita v0.10.1
   Compiling winit v0.30.13
   Compiling wgpu v22.1.0
   Compiling zbus v4.4.0
   Compiling slopos-render v0.1.0 (/home/ubuntu/slopos/crates/slopos-render)
   Compiling slopos-bus v0.1.0 (/home/ubuntu/slopos/crates/slopos-bus)
   Compiling slopos-kit v0.1.0 (/home/ubuntu/slopos/crates/slopos-kit)
   Compiling slopos-sdk v0.1.0 (/home/ubuntu/slopos/crates/slopos-sdk)
   Compiling finder v0.1.0 (/home/ubuntu/slopos/apps/finder)
    Finished `release` profile [optimized] target(s) in 48.63s
Built /tmp/slopos-app-bundle-test/Finder.app
