   Compiling proc-macro2 v1.0.107
   Compiling unicode-ident v1.0.24
   Compiling quote v1.0.47
   Compiling syn v2.0.119
   Compiling cfg-if v1.0.4
   Compiling libc v0.2.189
   Compiling bitflags v2.13.1
   Compiling log v0.4.33
   Compiling pkg-config v0.3.33
   Compiling once_cell v1.21.4
   Compiling rustix v1.1.4
   Compiling linux-raw-sys v0.12.1
   Compiling memchr v2.8.3
   Compiling autocfg v1.5.1
   Compiling smallvec v1.15.2
   Compiling version_check v0.9.5
   Compiling syn v3.0.3
   Compiling libloading v0.8.9
   Compiling bytemuck_derive v1.11.0
   Compiling bytemuck v1.25.2
   Compiling pin-project-lite v0.2.17
   Compiling find-msvc-tools v0.1.9
   Compiling shlex v2.0.1
   Compiling crossbeam-utils v0.8.22
   Compiling cc v1.4.0
   Compiling num-traits v0.2.19
   Compiling dlib v0.5.3
   Compiling wayland-sys v0.31.11
   Compiling wayland-backend v0.3.16
   Compiling hashbrown v0.17.1
   Compiling equivalent v1.0.2
   Compiling serde_core v1.0.229
   Compiling zerocopy v0.8.55
   Compiling indexmap v2.14.0
   Compiling zerocopy-derive v0.8.55
   Compiling thiserror v1.0.69
   Compiling scoped-tls v1.0.1
   Compiling downcast-rs v1.2.1
   Compiling arrayvec v0.7.8
   Compiling thiserror-impl v1.0.69
   Compiling serde v1.0.229
   Compiling slab v0.4.12
   Compiling serde_derive v1.0.229
   Compiling quick-xml v0.41.0
   Compiling futures-core v0.3.33
   Compiling wayland-scanner v0.31.11
   Compiling wayland-client v0.31.15
   Compiling generic-array v0.14.7
   Compiling parking v2.2.1
   Compiling crossbeam-epoch v0.9.20
   Compiling polling v3.11.0
   Compiling rustix v0.38.44
   Compiling crossbeam-deque v0.8.7
   Compiling futures-io v0.3.33
   Compiling cfg_aliases v0.1.1
   Compiling typenum v1.20.1
   Compiling tracing-core v0.1.36
   Compiling rayon-core v1.13.0
   Compiling fastrand v2.5.0
   Compiling cfg_aliases v0.2.2
   Compiling linux-raw-sys v0.4.15
   Compiling wayland-server v0.31.14
   Compiling equator-macro v0.4.2
   Compiling profiling-procmacros v1.0.18
   Compiling getrandom v0.3.4
   Compiling winnow v1.0.4
   Compiling simd-adler32 v0.3.10
   Compiling scopeguard v1.2.0
   Compiling parking_lot_core v0.9.12
   Compiling toml_parser v1.1.3+spec-1.1.0
   Compiling profiling v1.0.18
   Compiling equator v0.4.2
   Compiling wayland-protocols v0.32.13
   Compiling block-buffer v0.10.4
   Compiling crypto-common v0.1.7
   Compiling event-listener v5.4.2
   Compiling num-integer v0.1.46
   Compiling xkeysym v0.2.1
   Compiling memmap2 v0.9.11
   Compiling tracing-attributes v0.1.31
   Compiling either v1.17.0
   Compiling libm v0.2.16
   Compiling toml_datetime v1.1.1+spec-1.1.0
   Compiling thiserror v2.0.19
   Compiling anyhow v1.0.104
   Compiling paste v1.0.15
   Compiling zmij v1.0.23
   Compiling toml_edit v0.25.13+spec-1.1.0
   Compiling tracing v0.1.44
   Compiling num-bigint v0.4.8
   Compiling event-listener-strategy v0.5.4
   Compiling digest v0.10.7
   Compiling aligned-vec v0.6.4
   Compiling lock_api v0.4.14
   Compiling ppv-lite86 v0.2.21
   Compiling concurrent-queue v2.5.0
   Compiling thiserror-impl v2.0.19
   Compiling cpufeatures v0.2.17
   Compiling serde_json v1.0.151
   Compiling crc32fast v1.5.0
   Compiling stable_deref_trait v1.2.1
   Compiling adler2 v2.0.1
   Compiling miniz_oxide v0.8.9
   Compiling as-slice v0.2.1
   Compiling parking_lot v0.12.5
   Compiling v_frame v0.3.9
   Compiling num-rational v0.4.2
   Compiling proc-macro-crate v3.5.0
   Compiling rayon v1.12.0
   Compiling calloop v0.13.0
   Compiling futures-lite v2.6.1
   Compiling smithay-client-toolkit v0.19.2
   Compiling memmap2 v0.8.0
   Compiling zvariant_utils v2.1.0
   Compiling arrayref v0.3.9
   Compiling ttf-parser v0.25.1
   Compiling built v0.8.1
   Compiling xcursor v0.3.11
   Compiling futures-sink v0.3.33
   Compiling itoa v1.0.18
   Compiling av-scenechange v0.14.1
   Compiling raw-window-handle v0.6.2
   Compiling static_assertions v1.1.0
   Compiling strict-num v0.1.1
   Compiling cursor-icon v1.2.0
   Compiling wayland-csd-frame v0.3.0
   Compiling tiny-skia-path v0.11.4
   Compiling futures-channel v0.3.33
   Compiling wayland-cursor v0.31.14
   Compiling rav1e v0.8.1
   Compiling owned_ttf_parser v0.25.1
   Compiling xkbcommon v0.7.0
   Compiling calloop-wayland-source v0.3.0
   Compiling aligned v0.4.3
   Compiling wayland-protocols-wlr v0.3.12
   Compiling ahash v0.8.12
   Compiling pulp v0.22.3
   Compiling memoffset v0.9.1
   Compiling no_std_io2 v0.9.4
   Compiling nom v8.0.0
   Compiling x11-dl v2.21.0
   Compiling getrandom v0.2.17
   Compiling enumflags2_derive v0.7.12
   Compiling arg_enum_proc_macro v0.3.4
   Compiling futures-macro v0.3.33
   Compiling atomic-waker v1.1.2
   Compiling y4m v0.8.0
   Compiling quick-error v2.0.1
   Compiling getrandom v0.4.3
   Compiling futures-task v0.3.33
   Compiling async-task v4.7.1
   Compiling ab_glyph_rasterizer v0.1.10
   Compiling pastey v0.1.1
   Compiling ab_glyph v0.2.32
   Compiling futures-util v0.3.33
   Compiling piper v0.2.5
   Compiling enumflags2 v0.7.12
   Compiling rand_core v0.6.4
   Compiling av1-grain v0.2.5
   Compiling bitstream-io v4.10.0
   Compiling flate2 v1.1.9
   Compiling tiny-skia v0.11.4
   Compiling zvariant_derive v4.2.0
   Compiling maybe-rayon v0.1.1
   Compiling async-channel v2.5.0
   Compiling itertools v0.14.0
   Compiling nix v0.29.0
   Compiling winit v0.30.13
   Compiling naga v22.1.0
   Compiling half v2.7.1
   Compiling num-complex v0.4.6
   Compiling async-io v2.6.0
   Compiling gethostname v1.1.0
   Compiling errno v0.3.14
   Compiling num-derive v0.4.2
   Compiling simd_helpers v0.1.0
   Compiling noop_proc_macro v0.3.0
   Compiling termcolor v1.4.1
   Compiling unicode-width v0.1.14
   Compiling x11rb-protocol v0.13.2
   Compiling new_debug_unreachable v1.0.6
   Compiling ash v0.38.0+1.3.281
   Compiling bit-vec v0.7.0
   Compiling pulp-wasm-simd-flag v0.1.1
   Compiling reborrow v0.5.5
   Compiling rustc-hash v1.1.0
   Compiling imgref v1.12.2
   Compiling zune-core v0.5.1
   Compiling weezl v0.1.12
   Compiling hex v0.4.3
   Compiling as-raw-xcb-connection v1.0.1
   Compiling foldhash v0.1.5
   Compiling endi v1.1.1
   Compiling khronos-egl v6.0.0
   Compiling zvariant v4.2.0
   Compiling hashbrown v0.15.5
   Compiling x11rb v0.13.2
   Compiling zune-jpeg v0.5.15
   Compiling loop9 v0.1.5
   Compiling bit-set v0.6.0
   Compiling codespan-reporting v0.11.1
   Compiling blocking v1.6.2
   Compiling sctk-adwaita v0.10.1
   Compiling rand_chacha v0.3.1
   Compiling sha2 v0.10.9
   Compiling async-lock v3.4.2
   Compiling xkbcommon-dl v0.4.2
   Compiling wayland-protocols-plasma v0.3.12
   Compiling zune-inflate v0.2.54
   Compiling fdeflate v0.3.7
   Compiling wgpu-hal v22.0.0
   Compiling avif-serialize v0.8.9
   Compiling font-types v0.7.3
   Compiling slotmap v1.1.1
   Compiling gpu-alloc-types v0.3.1
   Compiling spirv v0.3.0+sdk-1.3.268.0
   Compiling gpu-descriptor-types v0.2.0
   Compiling bit_field v0.10.3
   Compiling byteorder-lite v0.1.0
   Compiling smol_str v0.2.2
   Compiling lebe v0.5.3
   Compiling unicode-xid v0.2.6
   Compiling fax v0.2.7
   Compiling dpi v0.1.2
   Compiling color_quant v1.1.0
   Compiling hexf-parse v0.2.1
   Compiling pxfm v0.1.30
   Compiling percent-encoding v2.3.2
   Compiling rgb v0.8.53
   Compiling ravif v0.13.0
   Compiling moxcms v0.8.1
   Compiling gif v0.14.2
   Compiling tiff v0.11.3
   Compiling exr v1.74.2
   Compiling image-webp v0.2.4
   Compiling gpu-descriptor v0.3.2
   Compiling gpu-alloc v0.6.2
   Compiling read-fonts v0.22.7
   Compiling png v0.18.1
   Compiling async-fs v2.2.0
   Compiling rand v0.8.7
   Compiling zbus_names v3.0.0
   Compiling async-executor v1.14.0
   Compiling zbus_macros v4.4.0
   Compiling sha1 v0.10.7
   Compiling async-broadcast v0.7.2
   Compiling wgpu-core v22.1.0
   Compiling ordered-stream v0.2.0
   Compiling qoi v0.4.1
   Compiling serde_repr v0.1.21
   Compiling async-trait v0.1.91
   Compiling wgpu-types v22.0.0
   Compiling xdg-home v1.3.0
   Compiling socket2 v0.6.5
   Compiling litrs v1.0.0
   Compiling ttf-parser v0.20.0
   Compiling roxmltree v0.20.0
   Compiling renderdoc-sys v1.1.0
   Compiling glow v0.13.1
   Compiling tinyvec_macros v0.1.1
   Compiling tinyvec v1.12.0
   Compiling fontconfig-parser v0.5.8
   Compiling document-features v0.2.12
   Compiling zbus v4.4.0
   Compiling image v0.25.10
   Compiling skrifa v0.22.3
   Compiling signal-hook-registry v1.4.8
   Compiling futures-executor v0.3.33
   Compiling wgpu v22.1.0
   Compiling tokio-macros v2.7.2
   Compiling mio v1.2.2
   Compiling yazi v0.1.6
   Compiling unicode-bidi-mirroring v0.1.0
   Compiling unicode-ccc v0.1.2
   Compiling unicode-script v0.5.8
   Compiling bytes v1.12.1
   Compiling zeno v0.2.3
   Compiling unicode-properties v0.1.4
   Compiling rustybuzz v0.12.1
   Compiling swash v0.1.19
   Compiling tokio v1.53.1
   Compiling futures v0.3.33
   Compiling fontdb v0.16.2
   Compiling uuid v1.24.0
   Compiling unicode-bidi v0.3.18
   Compiling sys-locale v0.3.2
   Compiling lazy_static v1.5.0
   Compiling rangemap v1.7.1
   Compiling unicode-linebreak v0.1.5
   Compiling self_cell v1.3.0
   Compiling unicode-segmentation v1.13.3
   Compiling cosmic-text v0.11.2
   Compiling sharded-slab v0.1.7
   Compiling slopos-bus v0.1.0 (/home/ubuntu/qa/2026-08-02-luna-max-r19-src/crates/slopos-bus)
   Compiling slopos-fonts v0.1.0 (/home/ubuntu/qa/2026-08-02-luna-max-r19-src/crates/slopos-fonts)
   Compiling tracing-log v0.2.0
   Compiling thread_local v1.1.10
   Compiling nu-ansi-term v0.50.3
   Compiling tracing-subscriber v0.3.23
   Compiling slopos-render v0.1.0 (/home/ubuntu/qa/2026-08-02-luna-max-r19-src/crates/slopos-render)
   Compiling slopos-kit v0.1.0 (/home/ubuntu/qa/2026-08-02-luna-max-r19-src/crates/slopos-kit)
   Compiling slopos-sdk v0.1.0 (/home/ubuntu/qa/2026-08-02-luna-max-r19-src/crates/slopos-sdk)
   Compiling khronos_api v3.1.0
   Compiling drm-sys v0.8.1
   Compiling libudev-sys v0.1.4
   Compiling drm-fourcc v2.2.0
   Compiling io-lifetimes v1.0.11
   Compiling linux-raw-sys v0.9.4
   Compiling serde_spanned v0.6.9
   Compiling toml_datetime v0.6.11
   Compiling libseat-sys v0.2.0
   Compiling winnow v0.7.15
   Compiling input-sys v1.19.0
   Compiling toml_write v0.1.2
   Compiling gbm-sys v0.4.0
   Compiling xml-rs v0.8.28
   Compiling gl_generator v0.14.0
   Compiling toml_edit v0.22.27
   Compiling drm-ffi v0.9.1
   Compiling rand_core v0.9.5
   Compiling cgmath v0.18.0
   Compiling libseat v0.2.4
   Compiling rand_chacha v0.9.0
   Compiling drm v0.14.1
   Compiling udev v0.9.3
   Compiling toml v0.8.23
   Compiling smithay v0.7.0
   Compiling approx v0.4.0
   Compiling gbm v0.18.0
   Compiling slopos-shell v0.1.0 (/home/ubuntu/qa/2026-08-02-luna-max-r19-src/crates/slopos-shell)
   Compiling input v0.9.1
   Compiling rand v0.9.5
   Compiling tempfile v3.27.0
   Compiling calloop v0.14.4
   Compiling xkbcommon v0.8.0
   Compiling wayland-protocols-misc v0.3.12
   Compiling wayland-egl v0.32.11
   Compiling encoding_rs v0.8.35
   Compiling appendlist v1.4.0
   Compiling atomic_float v1.1.0
   Compiling slopos-vision-protocol v0.1.0 (/home/ubuntu/qa/2026-08-02-luna-max-r19-src/crates/slopos-vision-protocol)
   Compiling xattr v1.6.1
   Compiling filetime v0.2.29
   Compiling vte_generate_state_changes v0.1.2
   Compiling utf8parse v0.2.2
   Compiling vte v0.11.1
   Compiling tar v0.4.46
   Compiling slopos-vision-client v0.1.0 (/home/ubuntu/qa/2026-08-02-luna-max-r19-src/crates/slopos-vision-client)
   Compiling slopos-compositor v0.1.0 (/home/ubuntu/qa/2026-08-02-luna-max-r19-src/crates/slopos-compositor)
   Compiling nix v0.27.1
   Compiling terminal v0.1.0 (/home/ubuntu/qa/2026-08-02-luna-max-r19-src/apps/terminal)
   Compiling preview v0.1.0 (/home/ubuntu/qa/2026-08-02-luna-max-r19-src/apps/preview)
   Compiling appstore v0.1.0 (/home/ubuntu/qa/2026-08-02-luna-max-r19-src/apps/appstore)
   Compiling settings v0.1.0 (/home/ubuntu/qa/2026-08-02-luna-max-r19-src/apps/settings)
   Compiling textedit v0.1.0 (/home/ubuntu/qa/2026-08-02-luna-max-r19-src/apps/textedit)
   Compiling finder v0.1.0 (/home/ubuntu/qa/2026-08-02-luna-max-r19-src/apps/finder)
   Compiling slopos-session v0.1.0 (/home/ubuntu/qa/2026-08-02-luna-max-r19-src/crates/slopos-session)
    Finished `dev` profile [unoptimized + debuginfo] target(s) in 14m 03s
