    Checking cfg-if v1.0.4
    Checking bitflags v2.13.1
    Checking log v0.4.33
    Checking once_cell v1.21.4
    Checking linux-raw-sys v0.12.1
    Checking libc v0.2.189
    Checking smallvec v1.15.2
    Checking bytemuck v1.25.2
    Checking libloading v0.8.9
    Checking pin-project-lite v0.2.17
    Checking crossbeam-utils v0.8.22
    Checking dlib v0.5.3
    Checking num-traits v0.2.19
    Checking memchr v2.8.3
    Checking scoped-tls v1.0.1
    Checking wayland-sys v0.31.11
    Checking downcast-rs v1.2.1
    Checking zerocopy v0.8.55
    Checking slab v0.4.12
    Checking arrayvec v0.7.8
    Checking serde_core v1.0.229
    Checking futures-core v0.3.33
   Compiling quick-xml v0.41.0
    Checking thiserror v1.0.69
    Checking parking v2.2.1
    Checking futures-io v0.3.33
    Checking crossbeam-epoch v0.9.20
    Checking fastrand v2.5.0
    Checking linux-raw-sys v0.4.15
    Checking tracing-core v0.1.36
    Checking crossbeam-deque v0.8.7
    Checking rustix v1.1.4
    Checking rustix v0.38.44
    Checking scopeguard v1.2.0
    Checking simd-adler32 v0.3.10
    Checking equivalent v1.0.2
    Checking hashbrown v0.17.1
    Checking typenum v1.20.1
   Compiling wayland-scanner v0.31.11
    Checking indexmap v2.14.0
    Checking generic-array v0.14.7
    Checking serde v1.0.229
    Checking memmap2 v0.9.11
    Checking equator v0.4.2
    Checking profiling v1.0.18
    Checking rayon-core v1.13.0
    Checking event-listener v5.4.2
    Checking num-integer v0.1.46
    Checking xkeysym v0.2.1
    Checking either v1.17.0
   Compiling toml_edit v0.25.13+spec-1.1.0
    Checking num-bigint v0.4.8
    Checking event-listener-strategy v0.5.4
    Checking aligned-vec v0.6.4
    Checking parking_lot_core v0.9.12
    Checking getrandom v0.3.4
    Checking lock_api v0.4.14
    Checking concurrent-queue v2.5.0
    Checking stable_deref_trait v1.2.1
    Checking adler2 v2.0.1
    Checking as-slice v0.2.1
    Checking miniz_oxide v0.8.9
    Checking tracing v0.1.44
    Checking thiserror v2.0.19
    Checking parking_lot v0.12.5
   Compiling proc-macro-crate v3.5.0
    Checking num-rational v0.4.2
    Checking v_frame v0.3.9
    Checking ppv-lite86 v0.2.21
    Checking rayon v1.12.0
    Checking anyhow v1.0.104
    Checking libm v0.2.16
    Checking crypto-common v0.1.7
    Checking block-buffer v0.10.4
    Checking memmap2 v0.8.0
    Checking futures-lite v2.6.1
    Checking xcursor v0.3.11
    Checking cursor-icon v1.2.0
    Checking strict-num v0.1.1
    Checking arrayref v0.3.9
    Checking ttf-parser v0.25.1
    Checking futures-sink v0.3.33
    Checking raw-window-handle v0.6.2
    Checking static_assertions v1.1.0
    Checking futures-channel v0.3.33
    Checking tiny-skia-path v0.11.4
    Checking xkbcommon v0.7.0
    Checking wayland-backend v0.3.16
    Checking polling v3.11.0
    Checking digest v0.10.7
    Checking calloop v0.13.0
    Checking aligned v0.4.3
    Checking crc32fast v1.5.0
    Checking cpufeatures v0.2.17
    Checking getrandom v0.2.17
    Checking no_std_io2 v0.9.4
    Checking nom v8.0.0
    Checking quick-error v2.0.1
    Checking async-task v4.7.1
    Checking y4m v0.8.0
    Checking atomic-waker v1.1.2
    Checking ab_glyph_rasterizer v0.1.10
    Checking futures-task v0.3.33
    Checking piper v0.2.5
    Checking rand_core v0.6.4
    Checking flate2 v1.1.9
    Checking futures-util v0.3.33
    Checking enumflags2 v0.7.12
    Checking bitstream-io v4.10.0
    Checking wayland-client v0.31.15
    Checking wayland-server v0.31.14
    Checking wayland-csd-frame v0.3.0
    Checking tiny-skia v0.11.4
    Checking av-scenechange v0.14.1
    Checking maybe-rayon v0.1.1
    Checking gethostname v1.1.0
   Compiling zvariant_derive v4.2.0
    Checking owned_ttf_parser v0.25.1
    Checking ab_glyph v0.2.32
    Checking half v2.7.1
    Checking async-channel v2.5.0
    Checking itertools v0.14.0
    Checking errno v0.3.14
    Checking wayland-protocols v0.32.13
    Checking calloop-wayland-source v0.3.0
    Checking wayland-cursor v0.31.14
    Checking num-complex v0.4.6
    Checking termcolor v1.4.1
    Checking unicode-width v0.1.14
    Checking reborrow v0.5.5
    Checking pulp-wasm-simd-flag v0.1.1
    Checking new_debug_unreachable v1.0.6
    Checking foldhash v0.1.5
    Checking zune-core v0.5.1
    Checking endi v1.1.1
    Checking bit-vec v0.7.0
    Checking imgref v1.12.2
    Checking as-raw-xcb-connection v1.0.1
    Checking rustc-hash v1.1.0
    Checking weezl v0.1.12
    Checking x11rb-protocol v0.13.2
    Checking loop9 v0.1.5
    Checking bit-set v0.6.0
    Checking zune-jpeg v0.5.15
    Checking hashbrown v0.15.5
    Checking av1-grain v0.2.5
    Checking pulp v0.22.3
    Checking codespan-reporting v0.11.1
    Checking rav1e v0.8.1
    Checking blocking v1.6.2
    Checking ahash v0.8.12
    Checking rand_chacha v0.3.1
    Checking memoffset v0.9.1
    Checking x11-dl v2.21.0
    Checking getrandom v0.4.3
    Checking zmij v1.0.23
    Checking xkbcommon-dl v0.4.2
    Checking zvariant v4.2.0
    Checking async-lock v3.4.2
    Checking fdeflate v0.3.7
    Checking zune-inflate v0.2.54
    Checking avif-serialize v0.8.9
    Checking font-types v0.7.3
    Checking gpu-descriptor-types v0.2.0
    Checking gpu-alloc-types v0.3.1
    Checking spirv v0.3.0+sdk-1.3.268.0
    Checking rgb v0.8.53
    Checking dpi v0.1.2
    Checking percent-encoding v2.3.2
    Checking unicode-xid v0.2.6
    Checking lebe v0.5.3
    Checking bit_field v0.10.3
    Checking hexf-parse v0.2.1
    Checking byteorder-lite v0.1.0
    Checking fax v0.2.7
    Checking color_quant v1.1.0
    Checking itoa v1.0.18
    Checking pxfm v0.1.30
    Checking smol_str v0.2.2
    Checking naga v22.1.0
    Checking serde_json v1.0.151
    Checking tiff v0.11.3
    Checking exr v1.74.2
    Checking gif v0.14.2
    Checking image-webp v0.2.4
    Checking zbus_names v3.0.0
    Checking ravif v0.13.0
    Checking gpu-alloc v0.6.2
    Checking read-fonts v0.22.7
    Checking gpu-descriptor v0.3.2
    Checking async-fs v2.2.0
    Checking png v0.18.1
    Checking nix v0.29.0
    Checking moxcms v0.8.1
    Checking rand v0.8.7
    Checking async-io v2.6.0
    Checking khronos-egl v6.0.0
    Checking ash v0.38.0+1.3.281
    Checking async-executor v1.14.0
    Checking sha1 v0.10.7
   Compiling zbus_macros v4.4.0
    Checking async-broadcast v0.7.2
    Checking xdg-home v1.3.0
    Checking socket2 v0.6.5
    Checking ordered-stream v0.2.0
    Checking qoi v0.4.1
    Checking wgpu-types v22.0.0
    Checking ttf-parser v0.20.0
    Checking tinyvec_macros v0.1.1
    Checking hex v0.4.3
    Checking glow v0.13.1
    Checking wayland-protocols-wlr v0.3.12
    Checking wayland-protocols-plasma v0.3.12
    Checking roxmltree v0.20.0
    Checking renderdoc-sys v1.1.0
    Checking tinyvec v1.12.0
    Checking x11rb v0.13.2
    Checking fontconfig-parser v0.5.8
    Checking image v0.25.10
    Checking slotmap v1.1.1
    Checking smithay-client-toolkit v0.19.2
    Checking futures-executor v0.3.33
    Checking skrifa v0.22.3
    Checking signal-hook-registry v1.4.8
    Checking zbus v4.4.0
    Checking mio v1.2.2
    Checking zeno v0.2.3
    Checking yazi v0.1.6
    Checking sctk-adwaita v0.10.1
    Checking unicode-properties v0.1.4
    Checking bytes v1.12.1
    Checking unicode-script v0.5.8
    Checking unicode-ccc v0.1.2
    Checking unicode-bidi-mirroring v0.1.0
    Checking futures v0.3.33
    Checking fontdb v0.16.2
    Checking winit v0.30.13
    Checking rustybuzz v0.12.1
    Checking uuid v1.24.0
    Checking tokio v1.53.1
    Checking unicode-linebreak v0.1.5
    Checking unicode-bidi v0.3.18
    Checking swash v0.1.19
    Checking sys-locale v0.3.2
    Checking lazy_static v1.5.0
    Checking rangemap v1.7.1
    Checking unicode-segmentation v1.13.3
    Checking self_cell v1.3.0
    Checking sharded-slab v0.1.7
    Checking tracing-log v0.2.0
    Checking thread_local v1.1.10
    Checking nu-ansi-term v0.50.3
    Checking linux-raw-sys v0.9.4
    Checking libudev-sys v0.1.4
    Checking io-lifetimes v1.0.11
    Checking tracing-subscriber v0.3.23
    Checking drm-fourcc v2.2.0
    Checking drm-sys v0.8.1
    Checking rand_core v0.9.5
    Checking toml_datetime v0.6.11
    Checking drm-ffi v0.9.1
    Checking serde_spanned v0.6.9
    Checking winnow v0.7.15
    Checking toml_write v0.1.2
    Checking drm v0.14.1
    Checking rand_chacha v0.9.0
    Checking udev v0.9.3
    Checking libseat-sys v0.2.0
    Checking input-sys v1.19.0
    Checking gbm-sys v0.4.0
    Checking approx v0.4.0
    Checking gbm v0.18.0
    Checking cosmic-text v0.11.2
    Checking input v0.9.1
    Checking cgmath v0.18.0
    Checking libseat v0.2.4
    Checking rand v0.9.5
    Checking wayland-protocols-misc v0.3.12
    Checking toml_edit v0.22.27
    Checking tempfile v3.27.0
    Checking wayland-egl v0.32.11
    Checking sha2 v0.10.9
    Checking calloop v0.14.4
    Checking xkbcommon v0.8.0
    Checking encoding_rs v0.8.35
    Checking atomic_float v1.1.0
    Checking appendlist v1.4.0
    Checking slopos-vision-protocol v0.1.0 (/home/ubuntu/qa/2026-08-01-luna-max-r18-src/crates/slopos-vision-protocol)
    Checking slopos-session v0.1.0 (/home/ubuntu/qa/2026-08-01-luna-max-r18-src/crates/slopos-session)
    Checking slopos-bus v0.1.0 (/home/ubuntu/qa/2026-08-01-luna-max-r18-src/crates/slopos-bus)
    Checking smithay v0.7.0
    Checking slopos-vision-client v0.1.0 (/home/ubuntu/qa/2026-08-01-luna-max-r18-src/crates/slopos-vision-client)
    Checking toml v0.8.23
    Checking wgpu-hal v22.0.0
    Checking wgpu-core v22.1.0
    Checking wgpu v22.1.0
    Checking slopos-render v0.1.0 (/home/ubuntu/qa/2026-08-01-luna-max-r18-src/crates/slopos-render)
    Checking slopos-kit v0.1.0 (/home/ubuntu/qa/2026-08-01-luna-max-r18-src/crates/slopos-kit)
    Checking slopos-sdk v0.1.0 (/home/ubuntu/qa/2026-08-01-luna-max-r18-src/crates/slopos-sdk)
    Checking slopos-compositor v0.1.0 (/home/ubuntu/qa/2026-08-01-luna-max-r18-src/crates/slopos-compositor)
    Checking slopos-shell v0.1.0 (/home/ubuntu/qa/2026-08-01-luna-max-r18-src/crates/slopos-shell)
    Checking preview v0.1.0 (/home/ubuntu/qa/2026-08-01-luna-max-r18-src/apps/preview)
error[E0609]: no field `serial` on type `&RelativeMotionEvent`
   --> crates/slopos-compositor/src/session_drm.rs:161:49
    |
161 |             handle.unset_grab(self, data, event.serial, 0, true);
    |                                                 ^^^^^^ unknown field
    |
    = note: available fields are: `delta`, `delta_unaccel`, `utime`

error[E0499]: cannot borrow `*self` as mutable more than once at a time
    --> crates/slopos-compositor/src/session_drm.rs:1916:42
     |
1916 |                 pointer.unset_grab(self, self.next_serial(), 0);
     |                         ---------- ----  ^^^^ second mutable borrow occurs here
     |                         |          |
     |                         |          first mutable borrow occurs here
     |                         first borrow later used by call
     |
help: try adding a local storing this argument...
    --> crates/slopos-compositor/src/session_drm.rs:1916:42
     |
1916 |                 pointer.unset_grab(self, self.next_serial(), 0);
     |                                          ^^^^^^^^^^^^^^^^^^
help: ...and then using that local as the argument to this call
    --> crates/slopos-compositor/src/session_drm.rs:1916:17
     |
1916 |                 pointer.unset_grab(self, self.next_serial(), 0);
     |                 ^^^^^^^^^^^^^^^^^^^^^^^^^^^^^^^^^^^^^^^^^^^^^^^

Some errors have detailed explanations: E0499, E0609.
For more information about an error, try `rustc --explain E0499`.
error: could not compile `slopos-compositor` (lib) due to 2 previous errors
warning: build failed, waiting for other jobs to finish...

