VM=ubuntu
PASS install.sh
PASS packaging/apps/build-app-bundle.sh
PASS packaging/vm/arch-install.sh
PASS packaging/vm/arch-install-arm64.sh
PASS packaging/vm/provision-arm64.sh
PASS packaging/vm/qa-vm.sh
PASS packaging/vm/qa-live.sh
PASS packaging/vm/_stage2-start.sh
PASS packaging/vm/_stage2b-start.sh
PASS packaging/vm/_stage2-verify.sh
PASS packaging/vm/_stage2-reqa.sh
PASS packaging/vm/task-3.10-dod.sh
PASS scripts/verify_pi.sh
PASS scripts/verify_daily_driver_checklist.sh
PASS scripts/verify-compositor-completion.sh
PASS scripts/verify-compositor-gesture-runtime.sh
PASS scripts/verify-compositor-headless-runtime.sh
PASS scripts/verify-compositor-output-topology-runtime.sh
PASS scripts/verify-portal-runtime.sh
PASS scripts/verify-spaces-persistence-recovery.sh
PASS scripts/verify-spaces-application-policy-runtime.sh
PASS scripts/verify-xwayland-recovery.sh
PASS scripts/verify-xwayland-scene.sh
EXTRA_SHELL_SYNTAX=PASS
