[slopos-compositor] backend: Headless (explicit)
[2m2026-08-08T19:45:04.687143Z[0m [32m INFO[0m [2mslopos_compositor::linux[0m[2m:[0m display policy applied: hdr_requested=false hdr_supported=false vrr_adaptive=false refresh=60hz color_space=srgb color_applied=true fallback=None
[slopos-compositor] display policy: hdr_requested=false hdr_supported=false vrr_adaptive=false refresh=60hz color_space=srgb
[slopos-compositor] text_input=im+text-input-v3
[slopos-compositor] input_method=zwp_input_method_v2
[2m2026-08-08T19:45:04.687794Z[0m [32m INFO[0m [1minput_seat[0m[1m{[0m[3mname[0m[2m=[0m"seat0"[1m}[0m[2m:[0m[1madd_keyboard[0m[1m{[0m[3mxkb_config[0m[2m=[0mXkbConfig { rules: "", model: "", layout: "", variant: "", options: None } [3mrepeat_delay[0m[2m=[0m200 [3mrepeat_rate[0m[2m=[0m25[1m}[0m[2m:[0m[1minput_keyboard[0m[2m:[0m [2msmithay::input::keyboard[0m[2m:[0m Initializing a xkbcommon handler with keymap query
[2m2026-08-08T19:45:04.690704Z[0m [32m INFO[0m [1minput_seat[0m[1m{[0m[3mname[0m[2m=[0m"seat0"[1m}[0m[2m:[0m[1madd_keyboard[0m[1m{[0m[3mxkb_config[0m[2m=[0mXkbConfig { rules: "", model: "", layout: "", variant: "", options: None } [3mrepeat_delay[0m[2m=[0m200 [3mrepeat_rate[0m[2m=[0m25[1m}[0m[2m:[0m[1minput_keyboard[0m[2m:[0m [2msmithay::input::keyboard[0m[2m:[0m Loaded Keymap [3mname[0m[2m=[0m"English (US)"
[slopos-compositor] session_mode=headless (no host display transport); output_scale=1/1 (1.00x)
[slopos-compositor] outputs source=default 1 head(s): X11-1 1024x768@(0,0)
[2m2026-08-08T19:45:04.691411Z[0m [32m INFO[0m [1mnew[0m[1m{[0m[3mname[0m[2m=[0m"X11-1" [3mphysical[0m[2m=[0mPhysicalProperties { size: Size<smithay::utils::geometry::Raw> { w: 0, h: 0 }, subpixel: Unknown, make: "SLOPOS-I", model: "Logical Output 1" }[1m}[0m[2m:[0m [2msmithay::output[0m[2m:[0m Creating new Output [3mname[0m[2m=[0m"X11-1"
[2m2026-08-08T19:45:04.691421Z[0m [32m INFO[0m [2msmithay::wayland::output[0m[2m:[0m Creating new wl_output [3moutput[0m[2m=[0m"X11-1"
[2m2026-08-08T19:45:04.691424Z[0m [32m INFO[0m [2mslopos_compositor::linux[0m[2m:[0m wl_output 1 (X11-1) 1024x768 at (0,0) refresh=60000 mHz output_scale=1/1 (1.00x)
[2m2026-08-08T19:45:04.691794Z[0m [32m INFO[0m [2msmithay::wayland::socket[0m[2m:[0m Created new socket [3mname[0m[2m=[0mSome("wayland-1")
[2m2026-08-08T19:45:04.691806Z[0m [32m INFO[0m [2mslopos_compositor::linux[0m[2m:[0m Listening on WAYLAND_DISPLAY=wayland-1
[slopos-compositor] WAYLAND_DISPLAY=wayland-1
WAYLAND_DISPLAY=wayland-1
[2m2026-08-08T19:45:04.692568Z[0m [32m INFO[0m [2msmithay::xwayland::xserver[0m[2m:[0m spawning XWayland instance
[2m2026-08-08T19:45:04.693186Z[0m [32m INFO[0m [2mslopos_compositor::linux[0m[2m:[0m XWayland spawning (will claim DISPLAY=:0 when ready)
[2m2026-08-08T19:45:04.693196Z[0m [32m INFO[0m [2mslopos_compositor::linux[0m[2m:[0m slopos-compositor event loop starting
[2m2026-08-08T19:45:04.798849Z[0m [32m INFO[0m [2mslopos_compositor::linux[0m[2m:[0m XWayland ready on DISPLAY=:0 — starting X11 WM
[slopos-compositor] XWayland ready DISPLAY=:0
[2m2026-08-08T19:45:04.837319Z[0m [32m INFO[0m [2mslopos_compositor::linux[0m[2m:[0m runtime display policy applied [3mpolicy[0m[2m=[0m120hz [3mcolor_space[0m[2m=[0msrgb [3mrevision[0m[2m=[0m1
[2m2026-08-08T19:45:04.929284Z[0m [33m WARN[0m [2mslopos_compositor::linux[0m[2m:[0m rejecting invalid display refresh policy [3mvalue[0m[2m=[0m999hz
[2m2026-08-08T19:45:05.198982Z[0m [33m WARN[0m [2mslopos_compositor::linux[0m[2m:[0m rejecting HDR policy on a backend without verified HDR support
[2m2026-08-08T19:45:05.468153Z[0m [33m WARN[0m [2mslopos_compositor::linux[0m[2m:[0m rejecting VRR policy on a backend without verified VRR support
[2m2026-08-08T19:45:05.735986Z[0m [33m WARN[0m [2mslopos_compositor::linux[0m[2m:[0m rejecting unsupported display colour policy [3mvalue[0m[2m=[0mrec2020
